Microchip MPLAB XC8 Compiler V1.45 ()

Linker command line:

-W-3 --edf=/opt/microchip/xc8/v1.45/dat/en_msgs.txt -cs \
  -h+dist/default/production/Lumino.X.production.sym \
  --cmf=dist/default/production/Lumino.X.production.cmf -z -Q16F1509 \
  -o/tmp/xcXbQ5CCx -Mdist/default/production/Lumino.X.production.map -E1 \
  -ver=XC8 -ASTACK=02023h-021efh -pstack=STACK -ACODE=00h-07FFhx4 \
  -ASTRCODE=00h-01FFFh -ASTRING=00h-0FFhx32 -ACONST=00h-0FFhx32 \
  -AENTRY=00h-0FFhx32 -ACOMMON=070h-07Fh -ABANK0=020h-06Fh \
  -ABANK1=0A0h-0EFh -ABANK2=0120h-016Fh -ABANK3=01A0h-01EFh \
  -ABANK4=0220h-026Fh -ABANK5=02A0h-02EFh -ABANK6=0320h-032Fh \
  -ABIGRAM=02000h-021EFh \
  -ARAM=020h-06Fh,0A0h-0EFh,0120h-016Fh,01A0h-01EFh,0220h-026Fh,02A0h-02EFh,0320h-032Fh \
  -AABS1=020h-07Fh,0A0h-0EFh,0120h-016Fh,01A0h-01EFh,0220h-026Fh,02A0h-02EFh,0320h-032Fh \
  -ASFR0=00h-01Fh -ASFR1=080h-09Fh -ASFR2=0100h-011Fh -ASFR3=0180h-019Fh \
  -ASFR4=0200h-021Fh -ASFR5=0280h-029Fh -ASFR6=0300h-031Fh \
  -ASFR7=0380h-03EFh -ASFR8=0400h-046Fh -ASFR9=0480h-04EFh \
  -ASFR10=0500h-056Fh -ASFR11=0580h-05EFh -ASFR12=0600h-066Fh \
  -ASFR13=0680h-06EFh -ASFR14=0700h-076Fh -ASFR15=0780h-07EFh \
  -ASFR16=0800h-086Fh -ASFR17=0880h-08EFh -ASFR18=0900h-096Fh \
  -ASFR19=0980h-09EFh -ASFR20=0A00h-0A6Fh -ASFR21=0A80h-0AEFh \
  -ASFR22=0B00h-0B6Fh -ASFR23=0B80h-0BEFh -ASFR24=0C00h-0C6Fh \
  -ASFR25=0C80h-0CEFh -ASFR26=0D00h-0D6Fh -ASFR27=0D80h-0DEFh \
  -ASFR28=0E00h-0E6Fh -ASFR29=0E80h-0EEFh -ASFR30=0F00h-0F6Fh \
  -ASFR31=0F80h-0FEFh -preset_vec=00h,intentry=04h,init,end_init \
  -ppowerup=CODE -pcinit=CODE -pfunctab=ENTRY -ACONFIG=08007h-08008h \
  -pconfig=CONFIG -DCONFIG=2 -AIDLOC=08000h-08003h -pidloc=IDLOC -DIDLOC=2 \
  -DCODE=2 -DSTRCODE=2 -DSTRING=2 -DCONST=2 -DENTRY=2 -k /tmp/xcXJC3XT1.obj \
  dist/default/production/Lumino.X.production.obj 

Object code version is 3.11

Machine type is 16F1509



                Name                               Link     Load   Length Selector   Space Scale
/tmp/xcXJC3XT1.obj
                end_init                             22       22        2        8       0
                reset_vec                             0        0        2        0       0
                config                             8007     8007        2    1000E       0
dist/default/production/Lumino.X.production.obj
                cinit                                24       24        9        8       0
                intentry                              4        4       1E        8       0
                text41                              71B      71B        1      CC6       0
                text40                              6C0      6C0        C      CC6       0
                text38                              5F3      5F3       19        8       0
                text37                              624      624       16        8       0
                text36                              5DA      5DA       19        8       0
                text35                              711      711        6      CC6       0
                text34                              5C0      5C0       1A        8       0
                text33                              6FD      6FD        8      CC6       0
                text32                              6F5      6F5        8      CC6       0
                text31                              6ED      6ED        8      CC6       0
                text30                              6A6      6A6        E      CC6       0
                text29                              70B      70B        6      CC6       0
                text28                              685      685       11      CC6       0
                text27                              717      717        4      CC6       0
                text26                              60C      60C       18        8       0
                text25                              3F4      3F4       51        8       0
                text24                              674      674       11      CC6       0
                text23                              5A4      5A4       1C        8       0
                text22                              63A      63A       15        8       0
                text21                              6E5      6E5        8      CC6       0
                text20                              6B4      6B4        C      CC6       0
                text19                              6CC      6CC        9      CC6       0
                text18                              6DD      6DD        8      CC6       0
                text17                              588      588       1C        8       0
                text16                              6D5      6D5        8      CC6       0
                text15                              663      663       11      CC6       0
                text14                              705      705        6      CC6       0
                text13                              506      506       29        8       0
                text12                              2EB      2EB       60        8       0
                text11                              56C      56C       1C        8       0
                text10                              4DD      4DD       29        8       0
                text9                               34B      34B       58        8       0
                text8                               445      445       39        8       0
                text7                               3A3      3A3       51        8       0
                text6                               550      550       1C        8       0
                text5                               696      696       10      CC6       0
                swtext1                             64F      64F       14      C9E       0
                text4                               52F      52F       21        8       0
                text3                               47E      47E       36        8       0
                text2                               1D9      1D9      112        8       0
                text1                               4B4      4B4       29        8       0
                maintext                             2D       2D      1AC        8       0
                cstackBANK0                          20       20       1E       20       1
                cstackCOMMON                         70       70        B       70       1
                bssBANK0                             41       41        2       20       1
                bssCOMMON                            7B       7B        2       70       1
                nvBANK0                              3E       3E        3       20       1

TOTAL           Name                               Link     Load   Length     Space
        CLASS   STACK          

        CLASS   CODE           
                end_init                             22       22        2         0
                cinit                                24       24        9         0
                intentry                              4        4       1E         0
                reset_vec                             0        0        2         0
                text41                              71B      71B        1         0
                text40                              6C0      6C0        C         0
                text38                              5F3      5F3       19         0
                text37                              624      624       16         0
                text36                              5DA      5DA       19         0
                text35                              711      711        6         0
                text34                              5C0      5C0       1A         0
                text33                              6FD      6FD        8         0
                text32                              6F5      6F5        8         0
                text31                              6ED      6ED        8         0
                text30                              6A6      6A6        E         0
                text29                              70B      70B        6         0
                text28                              685      685       11         0
                text27                              717      717        4         0
                text26                              60C      60C       18         0
                text25                              3F4      3F4       51         0
                text24                              674      674       11         0
                text23                              5A4      5A4       1C         0
                text22                              63A      63A       15         0
                text21                              6E5      6E5        8         0
                text20                              6B4      6B4        C         0
                text19                              6CC      6CC        9         0
                text18                              6DD      6DD        8         0
                text17                              588      588       1C         0
                text16                              6D5      6D5        8         0
                text15                              663      663       11         0
                text14                              705      705        6         0
                text13                              506      506       29         0
                text12                              2EB      2EB       60         0
                text11                              56C      56C       1C         0
                text10                              4DD      4DD       29         0
                text9                               34B      34B       58         0
                text8                               445      445       39         0
                text7                               3A3      3A3       51         0
                text6                               550      550       1C         0
                text5                               696      696       10         0
                text4                               52F      52F       21         0
                text3                               47E      47E       36         0
                text2                               1D9      1D9      112         0
                text1                               4B4      4B4       29         0
                maintext                             2D       2D      1AC         0

        CLASS   STRCODE        

        CLASS   STRING         

        CLASS   CONST          
                swtext1                             64F      64F       14         0

        CLASS   ENTRY          

        CLASS   COMMON         
                cstackCOMMON                         70       70        B         1
                bssCOMMON                            7B       7B        2         1

        CLASS   BANK0          
                cstackBANK0                          20       20       1E         1
                bssBANK0                             41       41        2         1
                nvBANK0                              3E       3E        3         1

        CLASS   BANK1          

        CLASS   BANK2          

        CLASS   BANK3          

        CLASS   BANK4          

        CLASS   BANK5          

        CLASS   BANK6          

        CLASS   BIGRAM         

        CLASS   RAM            

        CLASS   ABS1           
                abs_s1                               7E       7E        2         1

        CLASS   SFR0           

        CLASS   SFR1           

        CLASS   SFR2           

        CLASS   SFR3           

        CLASS   SFR4           

        CLASS   SFR5           

        CLASS   SFR6           

        CLASS   SFR7           

        CLASS   SFR8           

        CLASS   SFR9           

        CLASS   SFR10          

        CLASS   SFR11          

        CLASS   SFR12          

        CLASS   SFR13          

        CLASS   SFR14          

        CLASS   SFR15          

        CLASS   SFR16          

        CLASS   SFR17          

        CLASS   SFR18          

        CLASS   SFR19          

        CLASS   SFR20          

        CLASS   SFR21          

        CLASS   SFR22          

        CLASS   SFR23          

        CLASS   SFR24          

        CLASS   SFR25          

        CLASS   SFR26          

        CLASS   SFR27          

        CLASS   SFR28          

        CLASS   SFR29          

        CLASS   SFR30          

        CLASS   SFR31          

        CLASS   CONFIG         
                config                             8007     8007        2         0

        CLASS   IDLOC          

        CLASS   BANK31         

        CLASS   BANK30         

        CLASS   BANK29         

        CLASS   BANK28         

        CLASS   BANK27         

        CLASS   BANK26         

        CLASS   BANK25         

        CLASS   BANK24         

        CLASS   BANK23         

        CLASS   BANK22         

        CLASS   BANK21         

        CLASS   BANK20         

        CLASS   BANK19         

        CLASS   BANK18         

        CLASS   BANK17         

        CLASS   BANK16         

        CLASS   BANK15         

        CLASS   BANK14         

        CLASS   BANK13         

        CLASS   BANK12         

        CLASS   BANK11         

        CLASS   BANK10         

        CLASS   BANK9          

        CLASS   BANK8          

        CLASS   BANK7          

        CLASS   EEDATA         



SEGMENTS        Name                           Load    Length   Top    Selector   Space  Class     Delta

                reset_vec                      000000  000002  000002         0       0  CODE        2
                intentry                       000004  00064B  00064F         8       0  CODE        2
                cstackBANK0                    000020  000023  000043        20       1  BANK0       1
                cstackCOMMON                   000070  00000D  00007D        70       1  COMMON      1
                swtext1                        00064F  000014  000663       C9E       0  CONST       2
                text15                         000663  0000B9  00071C       CC6       0  CODE        2
                config                         008007  000002  008009     1000E       0  CONFIG      2


UNUSED ADDRESS RANGES

        Name                Unused          Largest block    Delta
        BANK0            00043-0006F              2D           1
        BANK1            000A0-000EF              50           1
        BANK2            00120-0016F              50           1
        BANK3            001A0-001EF              50           1
        BANK4            00220-0026F              50           1
        BANK5            002A0-002EF              50           1
        BANK6            00320-0032F              10           1
        BIGRAM           02000-021EF             1F0           1
        CODE             00002-00003               2           2
                         0071C-01FFF             800
        COMMON           0007D-0007D               1           1
        CONST            00002-00003               2           2
                         0071C-01FFF             100
        ENTRY            00002-00003               2           2
                         0071C-01FFF             100
        IDLOC            08000-08003               4           2
        RAM              00043-0006F              2D           1
                         000A0-000EF              50
                         00120-0016F              50
                         001A0-001EF              50
                         00220-0026F              50
                         002A0-002EF              50
                         00320-0032F              10
        SFR0             00000-0001F              20           1
        SFR1             00080-0009F              20           1
        SFR10            00500-0056F              70           1
        SFR11            00580-005EF              70           1
        SFR12            00600-0066F              70           1
        SFR13            00680-006EF              70           1
        SFR14            00700-0076F              70           1
        SFR15            00780-007EF              70           1
        SFR16            00800-0086F              70           1
        SFR17            00880-008EF              70           1
        SFR18            00900-0096F              70           1
        SFR19            00980-009EF              70           1
        SFR2             00100-0011F              20           1
        SFR20            00A00-00A6F              70           1
        SFR21            00A80-00AEF              70           1
        SFR22            00B00-00B6F              70           1
        SFR23            00B80-00BEF              70           1
        SFR24            00C00-00C6F              70           1
        SFR25            00C80-00CEF              70           1
        SFR26            00D00-00D6F              70           1
        SFR27            00D80-00DEF              70           1
        SFR28            00E00-00E6F              70           1
        SFR29            00E80-00EEF              70           1
        SFR3             00180-0019F              20           1
        SFR30            00F00-00F6F              70           1
        SFR31            00F80-00FEF              70           1
        SFR4             00200-0021F              20           1
        SFR5             00280-0029F              20           1
        SFR6             00300-0031F              20           1
        SFR7             00380-003EF              70           1
        SFR8             00400-0046F              70           1
        SFR9             00480-004EF              70           1
        STACK            02023-021EF             1CD           1
        STRCODE          00002-00003               2           2
                         0071C-01FFF            18E4
        STRING           00002-00003               2           2
                         0071C-01FFF             100

                                  Symbol Table

?___awdiv                                 cstackCOMMON 00071
FSM@IN                                    cstackCOMMON 00071
PWM1_LoadDutyValue@dutyValue              cstackBANK0  00020
PWM2_LoadDutyValue@dutyValue              cstackCOMMON 00071
PWM3_LoadDutyValue@dutyValue              cstackBANK0  00020
TMR2_SetInterruptHandler@InterruptHandler cstackCOMMON 00071
_ANSELA                                   (abs)        0018C
_ANSELB                                   (abs)        0018D
_ANSELC                                   (abs)        0018E
_APFCON                                   (abs)        0011D
_BORCON                                   (abs)        00116
_FSM                                      text4        0052F
_INTCON                                   (abs)        0000B
_INTCONbits                               (abs)        0000B
_INTERRUPT_InterruptManager               intentry     00004
_LATA                                     (abs)        0010C
_LATB                                     (abs)        0010D
_LATB4                                    (abs)        0086C
_LATB6                                    (abs)        0086E
_LATC                                     (abs)        0010E
_OPTION_REG                               (abs)        00095
_OPTION_REGbits                           (abs)        00095
_OSCCON                                   (abs)        00099
_OSCILLATOR_Initialize                    text35       00711
_PIE1bits                                 (abs)        00091
_PIE2bits                                 (abs)        00092
_PIN_MANAGER_Initialize                   text34       005C0
_PIR1bits                                 (abs)        00011
_PIR2bits                                 (abs)        00012
_PORTCbits                                (abs)        0000E
_PR2                                      (abs)        0001B
_PWM1CON                                  (abs)        00613
_PWM1DCH                                  (abs)        00612
_PWM1DCL                                  (abs)        00611
_PWM1_Initialize                          text33       006FD
_PWM1_LoadDutyValue                       text38       005F3
_PWM2CON                                  (abs)        00616
_PWM2DCH                                  (abs)        00615
_PWM2DCL                                  (abs)        00614
_PWM2_Initialize                          text32       006F5
_PWM2_LoadDutyValue                       text37       00624
_PWM3CON                                  (abs)        00619
_PWM3DCH                                  (abs)        00618
_PWM3DCL                                  (abs)        00617
_PWM3_Initialize                          text31       006ED
_PWM3_LoadDutyValue                       text36       005DA
_SSP1ADD                                  (abs)        00212
_SSP1BUF                                  (abs)        00211
_SSP1CON1                                 (abs)        00215
_SSP1CON2                                 (abs)        00216
_SSP1CON2bits                             (abs)        00216
_SSP1STAT                                 (abs)        00214
_SYSTEM_Initialize                        text26       0060C
_T2CON                                    (abs)        0001C
_T2CONbits                                (abs)        0001C
_TMR0                                     (abs)        00015
_TMR0_Initialize                          text30       006A6
_TMR2                                     (abs)        0001A
_TMR2_DefaultInterruptHandler             text41       0071B
_TMR2_ISR                                 text40       006C0
_TMR2_Initialize                          text28       00685
_TMR2_InterruptHandler                    nvBANK0      0003E
_TMR2_SetInterruptHandler                 text29       0070B
_TRISA                                    (abs)        0008C
_TRISB                                    (abs)        0008D
_TRISB4                                   (abs)        0046C
_TRISB6                                   (abs)        0046E
_TRISC                                    (abs)        0008E
_WDTCON                                   (abs)        00097
_WDT_Initialize                           text27       00717
_WPUA                                     (abs)        0020C
_WPUB                                     (abs)        0020D
__CFG_BOREN$ON                            (abs)        00000
__CFG_BORV$LO                             (abs)        00000
__CFG_CLKOUTEN$OFF                        (abs)        00000
__CFG_CP$OFF                              (abs)        00000
__CFG_FCMEN$ON                            (abs)        00000
__CFG_FOSC$INTOSC                         (abs)        00000
__CFG_IESO$ON                             (abs)        00000
__CFG_LPBOR$OFF                           (abs)        00000
__CFG_LVP$ON                              (abs)        00000
__CFG_MCLRE$ON                            (abs)        00000
__CFG_PWRTE$OFF                           (abs)        00000
__CFG_STVREN$ON                           (abs)        00000
__CFG_WDTE$OFF                            (abs)        00000
__CFG_WRT$OFF                             (abs)        00000
__Habs1                                   abs1         00000
__Hbank0                                  bank0        00000
__Hbank1                                  bank1        00000
__Hbank10                                 bank10       00000
__Hbank11                                 bank11       00000
__Hbank12                                 bank12       00000
__Hbank13                                 bank13       00000
__Hbank14                                 bank14       00000
__Hbank15                                 bank15       00000
__Hbank16                                 bank16       00000
__Hbank17                                 bank17       00000
__Hbank18                                 bank18       00000
__Hbank19                                 bank19       00000
__Hbank2                                  bank2        00000
__Hbank20                                 bank20       00000
__Hbank21                                 bank21       00000
__Hbank22                                 bank22       00000
__Hbank23                                 bank23       00000
__Hbank24                                 bank24       00000
__Hbank25                                 bank25       00000
__Hbank26                                 bank26       00000
__Hbank27                                 bank27       00000
__Hbank28                                 bank28       00000
__Hbank29                                 bank29       00000
__Hbank3                                  bank3        00000
__Hbank30                                 bank30       00000
__Hbank31                                 bank31       00000
__Hbank4                                  bank4        00000
__Hbank5                                  bank5        00000
__Hbank6                                  bank6        00000
__Hbank7                                  bank7        00000
__Hbank8                                  bank8        00000
__Hbank9                                  bank9        00000
__Hbigram                                 bigram       00000
__HbssBANK0                               bssBANK0     00000
__HbssCOMMON                              bssCOMMON    00000
__Hcinit                                  cinit        0002D
__Hclrtext                                clrtext      00000
__Hcode                                   code         00000
__Hcommon                                 common       00000
__Hconfig                                 config       08009
__HcstackBANK0                            cstackBANK0  00000
__HcstackCOMMON                           cstackCOMMON 00000
__Heeprom_data                            eeprom_data  00000
__Hend_init                               end_init     00024
__Hfunctab                                functab      00000
__Hidloc                                  idloc        00000
__Hinit                                   init         00022
__Hintentry                               intentry     00022
__Hmaintext                               maintext     00000
__HnvBANK0                                nvBANK0      00000
__Hpowerup                                powerup      00000
__Hram                                    ram          00000
__Hreset_vec                              reset_vec    00002
__Hsfr0                                   sfr0         00000
__Hsfr1                                   sfr1         00000
__Hsfr10                                  sfr10        00000
__Hsfr11                                  sfr11        00000
__Hsfr12                                  sfr12        00000
__Hsfr13                                  sfr13        00000
__Hsfr14                                  sfr14        00000
__Hsfr15                                  sfr15        00000
__Hsfr16                                  sfr16        00000
__Hsfr17                                  sfr17        00000
__Hsfr18                                  sfr18        00000
__Hsfr19                                  sfr19        00000
__Hsfr2                                   sfr2         00000
__Hsfr20                                  sfr20        00000
__Hsfr21                                  sfr21        00000
__Hsfr22                                  sfr22        00000
__Hsfr23                                  sfr23        00000
__Hsfr24                                  sfr24        00000
__Hsfr25                                  sfr25        00000
__Hsfr26                                  sfr26        00000
__Hsfr27                                  sfr27        00000
__Hsfr28                                  sfr28        00000
__Hsfr29                                  sfr29        00000
__Hsfr3                                   sfr3         00000
__Hsfr30                                  sfr30        00000
__Hsfr31                                  sfr31        00000
__Hsfr4                                   sfr4         00000
__Hsfr5                                   sfr5         00000
__Hsfr6                                   sfr6         00000
__Hsfr7                                   sfr7         00000
__Hsfr8                                   sfr8         00000
__Hsfr9                                   sfr9         00000
__Hspace_0                                (abs)        08009
__Hspace_1                                (abs)        0007D
__Hspace_2                                (abs)        00000
__Hspace_3                                (abs)        00000
__Hstack                                  stack        00000
__Hstrings                                strings      00000
__Htext                                   text         00000
__Labs1                                   abs1         00000
__Lbank0                                  bank0        00000
__Lbank1                                  bank1        00000
__Lbank10                                 bank10       00000
__Lbank11                                 bank11       00000
__Lbank12                                 bank12       00000
__Lbank13                                 bank13       00000
__Lbank14                                 bank14       00000
__Lbank15                                 bank15       00000
__Lbank16                                 bank16       00000
__Lbank17                                 bank17       00000
__Lbank18                                 bank18       00000
__Lbank19                                 bank19       00000
__Lbank2                                  bank2        00000
__Lbank20                                 bank20       00000
__Lbank21                                 bank21       00000
__Lbank22                                 bank22       00000
__Lbank23                                 bank23       00000
__Lbank24                                 bank24       00000
__Lbank25                                 bank25       00000
__Lbank26                                 bank26       00000
__Lbank27                                 bank27       00000
__Lbank28                                 bank28       00000
__Lbank29                                 bank29       00000
__Lbank3                                  bank3        00000
__Lbank30                                 bank30       00000
__Lbank31                                 bank31       00000
__Lbank4                                  bank4        00000
__Lbank5                                  bank5        00000
__Lbank6                                  bank6        00000
__Lbank7                                  bank7        00000
__Lbank8                                  bank8        00000
__Lbank9                                  bank9        00000
__Lbigram                                 bigram       00000
__LbssBANK0                               bssBANK0     00000
__LbssCOMMON                              bssCOMMON    00000
__Lcinit                                  cinit        00024
__Lclrtext                                clrtext      00000
__Lcode                                   code         00000
__Lcommon                                 common       00000
__Lconfig                                 config       08007
__LcstackBANK0                            cstackBANK0  00000
__LcstackCOMMON                           cstackCOMMON 00000
__Leeprom_data                            eeprom_data  00000
__Lend_init                               end_init     00022
__Lfunctab                                functab      00000
__Lidloc                                  idloc        00000
__Linit                                   init         00022
__Lintentry                               intentry     00004
__Lmaintext                               maintext     00000
__LnvBANK0                                nvBANK0      00000
__Lpowerup                                powerup      00000
__Lram                                    ram          00000
__Lreset_vec                              reset_vec    00000
__Lsfr0                                   sfr0         00000
__Lsfr1                                   sfr1         00000
__Lsfr10                                  sfr10        00000
__Lsfr11                                  sfr11        00000
__Lsfr12                                  sfr12        00000
__Lsfr13                                  sfr13        00000
__Lsfr14                                  sfr14        00000
__Lsfr15                                  sfr15        00000
__Lsfr16                                  sfr16        00000
__Lsfr17                                  sfr17        00000
__Lsfr18                                  sfr18        00000
__Lsfr19                                  sfr19        00000
__Lsfr2                                   sfr2         00000
__Lsfr20                                  sfr20        00000
__Lsfr21                                  sfr21        00000
__Lsfr22                                  sfr22        00000
__Lsfr23                                  sfr23        00000
__Lsfr24                                  sfr24        00000
__Lsfr25                                  sfr25        00000
__Lsfr26                                  sfr26        00000
__Lsfr27                                  sfr27        00000
__Lsfr28                                  sfr28        00000
__Lsfr29                                  sfr29        00000
__Lsfr3                                   sfr3         00000
__Lsfr30                                  sfr30        00000
__Lsfr31                                  sfr31        00000
__Lsfr4                                   sfr4         00000
__Lsfr5                                   sfr5         00000
__Lsfr6                                   sfr6         00000
__Lsfr7                                   sfr7         00000
__Lsfr8                                   sfr8         00000
__Lsfr9                                   sfr9         00000
__Lspace_0                                (abs)        00000
__Lspace_1                                (abs)        00000
__Lspace_2                                (abs)        00000
__Lspace_3                                (abs)        00000
__Lstack                                  stack        00000
__Lstrings                                strings      00000
__Ltext                                   text         00000
__S0                                      (abs)        08009
__S1                                      (abs)        0007D
__S2                                      (abs)        00000
___awdiv                                  text25       003F4
___awdiv@counter                          cstackCOMMON 00076
___awdiv@dividend                         cstackCOMMON 00073
___awdiv@divisor                          cstackCOMMON 00071
___awdiv@quotient                         cstackCOMMON 00078
___awdiv@sign                             cstackCOMMON 00077
___bmul                                   text24       00674
___bmul@multiplicand                      cstackCOMMON 00071
___bmul@multiplier                        cstackCOMMON 00074
___bmul@product                           cstackCOMMON 00073
___int_sp                                 stack        00000
___latbits                                (abs)        00002
___sp                                     stack        00000
__end_of_FSM                              text4        00550
__end_of_INTERRUPT_InterruptManager       intentry     00022
__end_of_OSCILLATOR_Initialize            text35       00717
__end_of_PIN_MANAGER_Initialize           text34       005DA
__end_of_PWM1_Initialize                  text33       00705
__end_of_PWM1_LoadDutyValue               text38       0060C
__end_of_PWM2_Initialize                  text32       006FD
__end_of_PWM2_LoadDutyValue               text37       0063A
__end_of_PWM3_Initialize                  text31       006F5
__end_of_PWM3_LoadDutyValue               text36       005F3
__end_of_SYSTEM_Initialize                text26       00624
__end_of_TMR0_Initialize                  text30       006B4
__end_of_TMR2_DefaultInterruptHandler     text41       0071C
__end_of_TMR2_ISR                         text40       006CC
__end_of_TMR2_Initialize                  text28       00696
__end_of_TMR2_SetInterruptHandler         text29       00711
__end_of_WDT_Initialize                   text27       0071B
__end_of___awdiv                          text25       00445
__end_of___bmul                           text24       00685
__end_of__initialization                  cinit        00029
__end_of_bitExtracted                     text22       0064F
__end_of_changeHeure                      text17       005A4
__end_of_changeMin                        text11       00588
__end_of_convertFromBcd                   text23       005C0
__end_of_incrHeure                        text12       0034B
__end_of_incrMin                          text9        003A3
__end_of_initI2C                          text8        0047E
__end_of_initRTC                          text7        003F4
__end_of_initRW1063                       text5        006A6
__end_of_main                             maintext     001D9
__end_of_printReglageH                    text2        002EB
__end_of_re_startI2C                      text16       006DD
__end_of_readHr                           text13       0052F
__end_of_readI2C                          text15       00674
__end_of_readMin                          text10       00506
__end_of_readSec                          text1        004DD
__end_of_sendI2C                          text20       006C0
__end_of_sendNoAckI2C                     text14       0070B
__end_of_startI2C                         text19       006D5
__end_of_stopI2C                          text18       006E5
__end_of_waitI2C                          text21       006ED
__end_of_writeInst                        text6        0056C
__end_of_writeLCD                         text3        004B4
__initialization                          cinit        00024
__pbssBANK0                               bssBANK0     00041
__pbssCOMMON                              bssCOMMON    0007B
__pcstackBANK0                            cstackBANK0  00020
__pcstackCOMMON                           cstackCOMMON 00070
__pintentry                               intentry     00004
__pmaintext                               maintext     0002D
__pnvBANK0                                nvBANK0      0003E
__pswtext1                                swtext1      0064F
__ptext1                                  text1        004B4
__ptext10                                 text10       004DD
__ptext11                                 text11       0056C
__ptext12                                 text12       002EB
__ptext13                                 text13       00506
__ptext14                                 text14       00705
__ptext15                                 text15       00663
__ptext16                                 text16       006D5
__ptext17                                 text17       00588
__ptext18                                 text18       006DD
__ptext19                                 text19       006CC
__ptext2                                  text2        001D9
__ptext20                                 text20       006B4
__ptext21                                 text21       006E5
__ptext22                                 text22       0063A
__ptext23                                 text23       005A4
__ptext24                                 text24       00674
__ptext25                                 text25       003F4
__ptext26                                 text26       0060C
__ptext27                                 text27       00717
__ptext28                                 text28       00685
__ptext29                                 text29       0070B
__ptext3                                  text3        0047E
__ptext30                                 text30       006A6
__ptext31                                 text31       006ED
__ptext32                                 text32       006F5
__ptext33                                 text33       006FD
__ptext34                                 text34       005C0
__ptext35                                 text35       00711
__ptext36                                 text36       005DA
__ptext37                                 text37       00624
__ptext38                                 text38       005F3
__ptext4                                  text4        0052F
__ptext40                                 text40       006C0
__ptext41                                 text41       0071B
__ptext5                                  text5        00696
__ptext6                                  text6        00550
__ptext7                                  text7        003A3
__ptext8                                  text8        00445
__ptext9                                  text9        0034B
__size_of_FSM                             (abs)        00000
__size_of_INTERRUPT_InterruptManager      (abs)        00000
__size_of_OSCILLATOR_Initialize           (abs)        00000
__size_of_PIN_MANAGER_Initialize          (abs)        00000
__size_of_PWM1_Initialize                 (abs)        00000
__size_of_PWM1_LoadDutyValue              (abs)        00000
__size_of_PWM2_Initialize                 (abs)        00000
__size_of_PWM2_LoadDutyValue              (abs)        00000
__size_of_PWM3_Initialize                 (abs)        00000
__size_of_PWM3_LoadDutyValue              (abs)        00000
__size_of_SYSTEM_Initialize               (abs)        00000
__size_of_TMR0_Initialize                 (abs)        00000
__size_of_TMR2_DefaultInterruptHandler    (abs)        00000
__size_of_TMR2_ISR                        (abs)        00000
__size_of_TMR2_Initialize                 (abs)        00000
__size_of_TMR2_SetInterruptHandler        (abs)        00000
__size_of_WDT_Initialize                  (abs)        00000
__size_of___awdiv                         (abs)        00000
__size_of___bmul                          (abs)        00000
__size_of_bitExtracted                    (abs)        00000
__size_of_changeHeure                     (abs)        00000
__size_of_changeMin                       (abs)        00000
__size_of_convertFromBcd                  (abs)        00000
__size_of_incrHeure                       (abs)        00000
__size_of_incrMin                         (abs)        00000
__size_of_initI2C                         (abs)        00000
__size_of_initRTC                         (abs)        00000
__size_of_initRW1063                      (abs)        00000
__size_of_main                            (abs)        00000
__size_of_printReglageH                   (abs)        00000
__size_of_re_startI2C                     (abs)        00000
__size_of_readHr                          (abs)        00000
__size_of_readI2C                         (abs)        00000
__size_of_readMin                         (abs)        00000
__size_of_readSec                         (abs)        00000
__size_of_sendI2C                         (abs)        00000
__size_of_sendNoAckI2C                    (abs)        00000
__size_of_startI2C                        (abs)        00000
__size_of_stopI2C                         (abs)        00000
__size_of_waitI2C                         (abs)        00000
__size_of_writeInst                       (abs)        00000
__size_of_writeLCD                        (abs)        00000
_bitExtracted                             text22       0063A
_changeHeure                              text17       00588
_changeMin                                text11       0056C
_convertFromBcd                           text23       005A4
_incrHeure                                text12       002EB
_incrMin                                  text9        0034B
_initI2C                                  text8        00445
_initRTC                                  text7        003A3
_initRW1063                               text5        00696
_main                                     maintext     0002D
_printReglageH                            text2        001D9
_re_startI2C                              text16       006D5
_readHr                                   text13       00506
_readI2C                                  text15       00663
_readMin                                  text10       004DD
_readSec                                  text1        004B4
_sendI2C                                  text20       006B4
_sendNoAckI2C                             text14       00705
_startI2C                                 text19       006CC
_stopI2C                                  text18       006DD
_timer0ReloadVal                          nvBANK0      00040
_waitI2C                                  text21       006E5
_writeInst                                text6        00550
_writeLCD                                 text3        0047E
bitExtracted@k                            cstackCOMMON 00071
bitExtracted@number                       cstackCOMMON 00075
bitExtracted@p                            cstackCOMMON 00072
btemp                                     (abs)        0007E
changeHeure@heure                         cstackCOMMON 00072
changeMin@minute                          cstackCOMMON 00072
convertFromBcd@byteBCD                    cstackCOMMON 00079
convertFromBcd@byteLSB                    cstackCOMMON 00078
convertFromBcd@byteMSB                    cstackCOMMON 00077
end_of_initialization                     cinit        00029
incrHeure@dizaineH                        cstackBANK0  00020
incrHeure@heure                           cstackBANK0  00022
incrHeure@uniteH                          cstackBANK0  00021
incrMin@dizaineM                          cstackBANK0  00020
incrMin@minute                            cstackBANK0  00022
incrMin@uniteM                            cstackBANK0  00021
initI2C@i                                 cstackCOMMON 00072
int$flags                                 (abs)        0007E
intlevel0                                 functab      00000
intlevel1                                 functab      00000
intlevel2                                 functab      00000
intlevel3                                 functab      00000
intlevel4                                 functab      00000
intlevel5                                 functab      00000
main@PWM1                                 cstackBANK0  00029
main@PWM2                                 cstackBANK0  0002B
main@PWM3                                 cstackBANK0  0002D
main@bufferH                              cstackBANK0  00031
main@bufferM                              cstackBANK0  00030
main@bufferS                              cstackBANK0  0002F
main@dizaineH                             cstackBANK0  00037
main@dizaineM                             cstackBANK0  00035
main@dizaineS                             cstackBANK0  00033
main@heure                                cstackBANK0  0003C
main@i                                    cstackBANK0  0003A
main@menu                                 cstackBANK0  00038
main@minute                               cstackBANK0  0003B
main@second                               cstackBANK0  0003D
main@select                               cstackBANK0  00039
main@uniteH                               cstackBANK0  00036
main@uniteM                               cstackBANK0  00034
main@uniteS                               cstackBANK0  00032
printReglageH@dizaineH                    cstackBANK0  00022
printReglageH@dizaineM                    cstackBANK0  00020
printReglageH@heure                       cstackBANK0  00025
printReglageH@minute                      cstackBANK0  00024
printReglageH@uniteH                      cstackBANK0  00023
printReglageH@uniteM                      cstackBANK0  00021
readHr@heure                              cstackCOMMON 00074
readI2C@temp                              cstackCOMMON 00072
readMin@minute                            cstackCOMMON 00074
readSec@second                            cstackCOMMON 00074
reset_vec                                 reset_vec    00000
sendI2C@data                              cstackCOMMON 00071
stackhi                                   (abs)        021EF
stacklo                                   (abs)        02023
start                                     init         00022
start_initialization                      cinit        00024
writeInst@Inst                            cstackCOMMON 00072
writeLCD@adress                           cstackCOMMON 00073
writeLCD@data                             cstackCOMMON 00076
writeLCD@i                                cstackCOMMON 00077
writeLCD@ligne                            cstackCOMMON 00074
wtemp0                                    (abs)        0007E


FUNCTION INFORMATION:

 *************** function _main *****************
 Defined at:
		line 5 in file "main.c"
 Parameters:    Size  Location     Type
		None
 Auto vars:     Size  Location     Type
  PWM3            2   13[BANK0 ] unsigned int 
  PWM2            2   11[BANK0 ] unsigned int 
  PWM1            2    9[BANK0 ] unsigned int 
  second          1   29[BANK0 ] unsigned char 
  heure           1   28[BANK0 ] unsigned char 
  minute          1   27[BANK0 ] unsigned char 
  i               1   26[BANK0 ] unsigned char 
  select          1   25[BANK0 ] unsigned char 
  menu            1   24[BANK0 ] unsigned char 
  dizaineH        1   23[BANK0 ] unsigned char 
  uniteH          1   22[BANK0 ] unsigned char 
  dizaineM        1   21[BANK0 ] unsigned char 
  uniteM          1   20[BANK0 ] unsigned char 
  dizaineS        1   19[BANK0 ] unsigned char 
  uniteS          1   18[BANK0 ] unsigned char 
  bufferH         1   17[BANK0 ] unsigned char 
  bufferM         1   16[BANK0 ] unsigned char 
  bufferS         1   15[BANK0 ] unsigned char 
 Return value:  Size  Location     Type
                  1    wreg      void 
 Registers used:
		wreg, fsr0l, fsr0h, status,2, status,0, pclath, cstack
 Tracked objects:
		On entry : 
		On exit  : 
		Unchanged: 
 Data sizes:     COMMON   BANK0   BANK1   BANK2   BANK3   BANK4   BANK5   BANK6
      Params:         0       0       0       0       0       0       0       0
      Locals:         0      21       0       0       0       0       0       0
      Temps:          0       3       0       0       0       0       0       0
      Totals:         0      24       0       0       0       0       0       0
Total ram usage:       24 bytes
 Hardware stack levels required when called:    8
 This function calls:
		_FSM
		_PWM1_LoadDutyValue
		_PWM2_LoadDutyValue
		_PWM3_LoadDutyValue
		_SYSTEM_Initialize
		___awdiv
		_bitExtracted
		_convertFromBcd
		_incrHeure
		_incrMin
		_initI2C
		_initRTC
		_initRW1063
		_printReglageH
		_readHr
		_readMin
		_readSec
		_writeInst
		_writeLCD
 This function is called by:
		Startup code after reset
 This function uses a non-reentrant model


 *************** function _readSec *****************
 Defined at:
		line 58 in file "RTC.c"
 Parameters:    Size  Location     Type
		None
 Auto vars:     Size  Location     Type
  second          1    4[COMMON] unsigned char 
 Return value:  Size  Location     Type
                  1    wreg      unsigned char 
 Registers used:
		wreg, status,2, status,0, pclath, cstack
 Tracked objects:
		On entry : 
		On exit  : 
		Unchanged: 
 Data sizes:     COMMON   BANK0   BANK1   BANK2   BANK3   BANK4   BANK5   BANK6
      Params:         0       0       0       0       0       0       0       0
      Locals:         1       0       0       0       0       0       0       0
      Temps:          1       0       0       0       0       0       0       0
      Totals:         2       0       0       0       0       0       0       0
Total ram usage:        2 bytes
 Hardware stack levels used:    1
 Hardware stack levels required when called:    5
 This function calls:
		_re_startI2C
		_readI2C
		_sendI2C
		_sendNoAckI2C
		_startI2C
		_stopI2C
 This function is called by:
		_main
 This function uses a non-reentrant model


 *************** function _printReglageH *****************
 Defined at:
		line 42 in file "LCD.c"
 Parameters:    Size  Location     Type
		None
 Auto vars:     Size  Location     Type
  heure           1    5[BANK0 ] unsigned char 
  minute          1    4[BANK0 ] unsigned char 
  uniteH          1    3[BANK0 ] unsigned char 
  dizaineH        1    2[BANK0 ] unsigned char 
  uniteM          1    1[BANK0 ] unsigned char 
  dizaineM        1    0[BANK0 ] unsigned char 
 Return value:  Size  Location     Type
                  1    wreg      void 
 Registers used:
		wreg, fsr0l, fsr0h, status,2, status,0, pclath, cstack
 Tracked objects:
		On entry : 
		On exit  : 
		Unchanged: 
 Data sizes:     COMMON   BANK0   BANK1   BANK2   BANK3   BANK4   BANK5   BANK6
      Params:         0       0       0       0       0       0       0       0
      Locals:         0       6       0       0       0       0       0       0
      Temps:          3       0       0       0       0       0       0       0
      Totals:         3       6       0       0       0       0       0       0
Total ram usage:        9 bytes
 Hardware stack levels used:    1
 Hardware stack levels required when called:    7
 This function calls:
		_FSM
		_bitExtracted
		_readHr
		_readMin
		_writeInst
		_writeLCD
 This function is called by:
		_main
 This function uses a non-reentrant model


 *************** function _writeLCD *****************
 Defined at:
		line 16 in file "LCD.c"
 Parameters:    Size  Location     Type
  data            1    wreg     unsigned char 
  adress          1    3[COMMON] unsigned char 
  ligne           1    4[COMMON] unsigned char 
 Auto vars:     Size  Location     Type
  data            1    6[COMMON] unsigned char 
  i               1    7[COMMON] unsigned char 
 Return value:  Size  Location     Type
                  1    wreg      void 
 Registers used:
		wreg, status,2, status,0, pclath, cstack
 Tracked objects:
		On entry : 
		On exit  : 
		Unchanged: 
 Data sizes:     COMMON   BANK0   BANK1   BANK2   BANK3   BANK4   BANK5   BANK6
      Params:         2       0       0       0       0       0       0       0
      Locals:         2       0       0       0       0       0       0       0
      Temps:          1       0       0       0       0       0       0       0
      Totals:         5       0       0       0       0       0       0       0
Total ram usage:        5 bytes
 Hardware stack levels used:    1
 Hardware stack levels required when called:    6
 This function calls:
		_sendI2C
		_startI2C
		_stopI2C
		_writeInst
 This function is called by:
		_main
		_printReglageH
 This function uses a non-reentrant model


 *************** function _FSM *****************
 Defined at:
		line 16 in file "conversion.c"
 Parameters:    Size  Location     Type
  IN              1    wreg     unsigned char 
 Auto vars:     Size  Location     Type
  IN              1    1[COMMON] unsigned char 
 Return value:  Size  Location     Type
                  1    wreg      unsigned char 
 Registers used:
		wreg, fsr0l, fsr0h, status,2, status,0
 Tracked objects:
		On entry : 
		On exit  : 
		Unchanged: 
 Data sizes:     COMMON   BANK0   BANK1   BANK2   BANK3   BANK4   BANK5   BANK6
      Params:         0       0       0       0       0       0       0       0
      Locals:         1       0       0       0       0       0       0       0
      Temps:          0       0       0       0       0       0       0       0
      Totals:         1       0       0       0       0       0       0       0
Total ram usage:        1 bytes
 Hardware stack levels used:    1
 Hardware stack levels required when called:    3
 This function calls:
		Nothing
 This function is called by:
		_main
		_printReglageH
 This function uses a non-reentrant model


 *************** function _initRW1063 *****************
 Defined at:
		line 35 in file "LCD.c"
 Parameters:    Size  Location     Type
		None
 Auto vars:     Size  Location     Type
		None
 Return value:  Size  Location     Type
                  1    wreg      void 
 Registers used:
		wreg, status,2, status,0, pclath, cstack
 Tracked objects:
		On entry : 
		On exit  : 
		Unchanged: 
 Data sizes:     COMMON   BANK0   BANK1   BANK2   BANK3   BANK4   BANK5   BANK6
      Params:         0       0       0       0       0       0       0       0
      Locals:         0       0       0       0       0       0       0       0
      Temps:          0       0       0       0       0       0       0       0
      Totals:         0       0       0       0       0       0       0       0
Total ram usage:        0 bytes
 Hardware stack levels used:    1
 Hardware stack levels required when called:    6
 This function calls:
		_writeInst
 This function is called by:
		_main
 This function uses a non-reentrant model


 *************** function _writeInst *****************
 Defined at:
		line 5 in file "LCD.c"
 Parameters:    Size  Location     Type
  Inst            1    wreg     unsigned char 
 Auto vars:     Size  Location     Type
  Inst            1    2[COMMON] unsigned char 
 Return value:  Size  Location     Type
                  1    wreg      void 
 Registers used:
		wreg, status,2, status,0, pclath, cstack
 Tracked objects:
		On entry : 
		On exit  : 
		Unchanged: 
 Data sizes:     COMMON   BANK0   BANK1   BANK2   BANK3   BANK4   BANK5   BANK6
      Params:         0       0       0       0       0       0       0       0
      Locals:         1       0       0       0       0       0       0       0
      Temps:          0       0       0       0       0       0       0       0
      Totals:         1       0       0       0       0       0       0       0
Total ram usage:        1 bytes
 Hardware stack levels used:    1
 Hardware stack levels required when called:    5
 This function calls:
		_sendI2C
		_startI2C
		_stopI2C
 This function is called by:
		_main
		_writeLCD
		_initRW1063
		_printReglageH
 This function uses a non-reentrant model


 *************** function _initRTC *****************
 Defined at:
		line 5 in file "RTC.c"
 Parameters:    Size  Location     Type
		None
 Auto vars:     Size  Location     Type
		None
 Return value:  Size  Location     Type
                  1    wreg      void 
 Registers used:
		wreg, status,2, status,0, pclath, cstack
 Tracked objects:
		On entry : 
		On exit  : 
		Unchanged: 
 Data sizes:     COMMON   BANK0   BANK1   BANK2   BANK3   BANK4   BANK5   BANK6
      Params:         0       0       0       0       0       0       0       0
      Locals:         0       0       0       0       0       0       0       0
      Temps:          0       0       0       0       0       0       0       0
      Totals:         0       0       0       0       0       0       0       0
Total ram usage:        0 bytes
 Hardware stack levels used:    1
 Hardware stack levels required when called:    5
 This function calls:
		_sendI2C
		_startI2C
		_stopI2C
 This function is called by:
		_main
 This function uses a non-reentrant model


 *************** function _initI2C *****************
 Defined at:
		line 5 in file "i2c.c"
 Parameters:    Size  Location     Type
		None
 Auto vars:     Size  Location     Type
  i               2    2[COMMON] int 
 Return value:  Size  Location     Type
                  1    wreg      void 
 Registers used:
		wreg, status,2
 Tracked objects:
		On entry : 
		On exit  : 
		Unchanged: 
 Data sizes:     COMMON   BANK0   BANK1   BANK2   BANK3   BANK4   BANK5   BANK6
      Params:         0       0       0       0       0       0       0       0
      Locals:         2       0       0       0       0       0       0       0
      Temps:          1       0       0       0       0       0       0       0
      Totals:         3       0       0       0       0       0       0       0
Total ram usage:        3 bytes
 Hardware stack levels used:    1
 Hardware stack levels required when called:    3
 This function calls:
		Nothing
 This function is called by:
		_main
		_system_init
 This function uses a non-reentrant model


 *************** function _incrMin *****************
 Defined at:
		line 108 in file "RTC.c"
 Parameters:    Size  Location     Type
		None
 Auto vars:     Size  Location     Type
  minute          1    2[BANK0 ] unsigned char 
  uniteM          1    1[BANK0 ] unsigned char 
  dizaineM        1    0[BANK0 ] unsigned char 
 Return value:  Size  Location     Type
                  1    wreg      void 
 Registers used:
		wreg, status,2, status,0, pclath, cstack
 Tracked objects:
		On entry : 
		On exit  : 
		Unchanged: 
 Data sizes:     COMMON   BANK0   BANK1   BANK2   BANK3   BANK4   BANK5   BANK6
      Params:         0       0       0       0       0       0       0       0
      Locals:         0       3       0       0       0       0       0       0
      Temps:          3       0       0       0       0       0       0       0
      Totals:         3       3       0       0       0       0       0       0
Total ram usage:        6 bytes
 Hardware stack levels used:    1
 Hardware stack levels required when called:    6
 This function calls:
		_bitExtracted
		_changeMin
		_readMin
 This function is called by:
		_main
 This function uses a non-reentrant model


 *************** function _readMin *****************
 Defined at:
		line 74 in file "RTC.c"
 Parameters:    Size  Location     Type
		None
 Auto vars:     Size  Location     Type
  minute          1    4[COMMON] unsigned char 
 Return value:  Size  Location     Type
                  1    wreg      unsigned char 
 Registers used:
		wreg, status,2, status,0, pclath, cstack
 Tracked objects:
		On entry : 
		On exit  : 
		Unchanged: 
 Data sizes:     COMMON   BANK0   BANK1   BANK2   BANK3   BANK4   BANK5   BANK6
      Params:         0       0       0       0       0       0       0       0
      Locals:         1       0       0       0       0       0       0       0
      Temps:          1       0       0       0       0       0       0       0
      Totals:         2       0       0       0       0       0       0       0
Total ram usage:        2 bytes
 Hardware stack levels used:    1
 Hardware stack levels required when called:    5
 This function calls:
		_re_startI2C
		_readI2C
		_sendI2C
		_sendNoAckI2C
		_startI2C
		_stopI2C
 This function is called by:
		_main
		_printReglageH
		_incrMin
 This function uses a non-reentrant model


 *************** function _changeMin *****************
 Defined at:
		line 34 in file "RTC.c"
 Parameters:    Size  Location     Type
  minute          1    wreg     unsigned char 
 Auto vars:     Size  Location     Type
  minute          1    2[COMMON] unsigned char 
 Return value:  Size  Location     Type
                  1    wreg      void 
 Registers used:
		wreg, status,2, status,0, pclath, cstack
 Tracked objects:
		On entry : 
		On exit  : 
		Unchanged: 
 Data sizes:     COMMON   BANK0   BANK1   BANK2   BANK3   BANK4   BANK5   BANK6
      Params:         0       0       0       0       0       0       0       0
      Locals:         1       0       0       0       0       0       0       0
      Temps:          0       0       0       0       0       0       0       0
      Totals:         1       0       0       0       0       0       0       0
Total ram usage:        1 bytes
 Hardware stack levels used:    1
 Hardware stack levels required when called:    5
 This function calls:
		_sendI2C
		_startI2C
		_stopI2C
 This function is called by:
		_incrMin
 This function uses a non-reentrant model


 *************** function _incrHeure *****************
 Defined at:
		line 134 in file "RTC.c"
 Parameters:    Size  Location     Type
		None
 Auto vars:     Size  Location     Type
  heure           1    2[BANK0 ] unsigned char 
  uniteH          1    1[BANK0 ] unsigned char 
  dizaineH        1    0[BANK0 ] unsigned char 
 Return value:  Size  Location     Type
                  1    wreg      void 
 Registers used:
		wreg, status,2, status,0, pclath, cstack
 Tracked objects:
		On entry : 
		On exit  : 
		Unchanged: 
 Data sizes:     COMMON   BANK0   BANK1   BANK2   BANK3   BANK4   BANK5   BANK6
      Params:         0       0       0       0       0       0       0       0
      Locals:         0       3       0       0       0       0       0       0
      Temps:          3       0       0       0       0       0       0       0
      Totals:         3       3       0       0       0       0       0       0
Total ram usage:        6 bytes
 Hardware stack levels used:    1
 Hardware stack levels required when called:    6
 This function calls:
		_bitExtracted
		_changeHeure
		_readHr
 This function is called by:
		_main
 This function uses a non-reentrant model


 *************** function _readHr *****************
 Defined at:
		line 90 in file "RTC.c"
 Parameters:    Size  Location     Type
		None
 Auto vars:     Size  Location     Type
  heure           1    4[COMMON] unsigned char 
 Return value:  Size  Location     Type
                  1    wreg      unsigned char 
 Registers used:
		wreg, status,2, status,0, pclath, cstack
 Tracked objects:
		On entry : 
		On exit  : 
		Unchanged: 
 Data sizes:     COMMON   BANK0   BANK1   BANK2   BANK3   BANK4   BANK5   BANK6
      Params:         0       0       0       0       0       0       0       0
      Locals:         1       0       0       0       0       0       0       0
      Temps:          1       0       0       0       0       0       0       0
      Totals:         2       0       0       0       0       0       0       0
Total ram usage:        2 bytes
 Hardware stack levels used:    1
 Hardware stack levels required when called:    5
 This function calls:
		_re_startI2C
		_readI2C
		_sendI2C
		_sendNoAckI2C
		_startI2C
		_stopI2C
 This function is called by:
		_main
		_printReglageH
		_incrHeure
 This function uses a non-reentrant model


 *************** function _sendNoAckI2C *****************
 Defined at:
		line 88 in file "i2c.c"
 Parameters:    Size  Location     Type
		None
 Auto vars:     Size  Location     Type
		None
 Return value:  Size  Location     Type
                  1    wreg      void 
 Registers used:
		wreg, status,2, status,0, pclath, cstack
 Tracked objects:
		On entry : 
		On exit  : 
		Unchanged: 
 Data sizes:     COMMON   BANK0   BANK1   BANK2   BANK3   BANK4   BANK5   BANK6
      Params:         0       0       0       0       0       0       0       0
      Locals:         0       0       0       0       0       0       0       0
      Temps:          0       0       0       0       0       0       0       0
      Totals:         0       0       0       0       0       0       0       0
Total ram usage:        0 bytes
 Hardware stack levels used:    1
 Hardware stack levels required when called:    4
 This function calls:
		_waitI2C
 This function is called by:
		_readSec
		_readMin
		_readHr
		_readData
		_getData
 This function uses a non-reentrant model


 *************** function _readI2C *****************
 Defined at:
		line 64 in file "i2c.c"
 Parameters:    Size  Location     Type
		None
 Auto vars:     Size  Location     Type
  temp            1    2[COMMON] unsigned char 
 Return value:  Size  Location     Type
                  1    wreg      unsigned char 
 Registers used:
		wreg, status,2, status,0, pclath, cstack
 Tracked objects:
		On entry : 
		On exit  : 
		Unchanged: 
 Data sizes:     COMMON   BANK0   BANK1   BANK2   BANK3   BANK4   BANK5   BANK6
      Params:         0       0       0       0       0       0       0       0
      Locals:         1       0       0       0       0       0       0       0
      Temps:          1       0       0       0       0       0       0       0
      Totals:         2       0       0       0       0       0       0       0
Total ram usage:        2 bytes
 Hardware stack levels used:    1
 Hardware stack levels required when called:    4
 This function calls:
		_waitI2C
 This function is called by:
		_readSec
		_readMin
		_readHr
		_readData
		_getData
 This function uses a non-reentrant model


 *************** function _re_startI2C *****************
 Defined at:
		line 75 in file "i2c.c"
 Parameters:    Size  Location     Type
		None
 Auto vars:     Size  Location     Type
		None
 Return value:  Size  Location     Type
                  1    wreg      void 
 Registers used:
		wreg, status,2, status,0, pclath, cstack
 Tracked objects:
		On entry : 
		On exit  : 
		Unchanged: 
 Data sizes:     COMMON   BANK0   BANK1   BANK2   BANK3   BANK4   BANK5   BANK6
      Params:         0       0       0       0       0       0       0       0
      Locals:         0       0       0       0       0       0       0       0
      Temps:          0       0       0       0       0       0       0       0
      Totals:         0       0       0       0       0       0       0       0
Total ram usage:        0 bytes
 Hardware stack levels used:    1
 Hardware stack levels required when called:    4
 This function calls:
		_waitI2C
 This function is called by:
		_readSec
		_readMin
		_readHr
		_readData
		_getData
 This function uses a non-reentrant model


 *************** function _changeHeure *****************
 Defined at:
		line 46 in file "RTC.c"
 Parameters:    Size  Location     Type
  heure           1    wreg     unsigned char 
 Auto vars:     Size  Location     Type
  heure           1    2[COMMON] unsigned char 
 Return value:  Size  Location     Type
                  1    wreg      void 
 Registers used:
		wreg, status,2, status,0, pclath, cstack
 Tracked objects:
		On entry : 
		On exit  : 
		Unchanged: 
 Data sizes:     COMMON   BANK0   BANK1   BANK2   BANK3   BANK4   BANK5   BANK6
      Params:         0       0       0       0       0       0       0       0
      Locals:         1       0       0       0       0       0       0       0
      Temps:          0       0       0       0       0       0       0       0
      Totals:         1       0       0       0       0       0       0       0
Total ram usage:        1 bytes
 Hardware stack levels used:    1
 Hardware stack levels required when called:    5
 This function calls:
		_sendI2C
		_startI2C
		_stopI2C
 This function is called by:
		_incrHeure
 This function uses a non-reentrant model


 *************** function _stopI2C *****************
 Defined at:
		line 50 in file "i2c.c"
 Parameters:    Size  Location     Type
		None
 Auto vars:     Size  Location     Type
		None
 Return value:  Size  Location     Type
                  1    wreg      void 
 Registers used:
		wreg, status,2, status,0, pclath, cstack
 Tracked objects:
		On entry : 
		On exit  : 
		Unchanged: 
 Data sizes:     COMMON   BANK0   BANK1   BANK2   BANK3   BANK4   BANK5   BANK6
      Params:         0       0       0       0       0       0       0       0
      Locals:         0       0       0       0       0       0       0       0
      Temps:          0       0       0       0       0       0       0       0
      Totals:         0       0       0       0       0       0       0       0
Total ram usage:        0 bytes
 Hardware stack levels used:    1
 Hardware stack levels required when called:    4
 This function calls:
		_waitI2C
 This function is called by:
		_writeInst
		_writeLCD
		_initRTC
		_changeMin
		_changeHeure
		_readSec
		_readMin
		_readHr
		_writeData
		_readData
		_getData
 This function uses a non-reentrant model


 *************** function _startI2C *****************
 Defined at:
		line 40 in file "i2c.c"
 Parameters:    Size  Location     Type
		None
 Auto vars:     Size  Location     Type
		None
 Return value:  Size  Location     Type
                  1    wreg      void 
 Registers used:
		wreg, status,2, status,0, pclath, cstack
 Tracked objects:
		On entry : 
		On exit  : 
		Unchanged: 
 Data sizes:     COMMON   BANK0   BANK1   BANK2   BANK3   BANK4   BANK5   BANK6
      Params:         0       0       0       0       0       0       0       0
      Locals:         0       0       0       0       0       0       0       0
      Temps:          0       0       0       0       0       0       0       0
      Totals:         0       0       0       0       0       0       0       0
Total ram usage:        0 bytes
 Hardware stack levels used:    1
 Hardware stack levels required when called:    4
 This function calls:
		_waitI2C
 This function is called by:
		_writeInst
		_writeLCD
		_initRTC
		_changeMin
		_changeHeure
		_readSec
		_readMin
		_readHr
		_writeData
		_readData
		_getData
 This function uses a non-reentrant model


 *************** function _sendI2C *****************
 Defined at:
		line 56 in file "i2c.c"
 Parameters:    Size  Location     Type
  data            1    wreg     unsigned char 
 Auto vars:     Size  Location     Type
  data            1    1[COMMON] unsigned char 
 Return value:  Size  Location     Type
                  1    wreg      void 
 Registers used:
		wreg, status,2, status,0, pclath, cstack
 Tracked objects:
		On entry : 
		On exit  : 
		Unchanged: 
 Data sizes:     COMMON   BANK0   BANK1   BANK2   BANK3   BANK4   BANK5   BANK6
      Params:         0       0       0       0       0       0       0       0
      Locals:         1       0       0       0       0       0       0       0
      Temps:          0       0       0       0       0       0       0       0
      Totals:         1       0       0       0       0       0       0       0
Total ram usage:        1 bytes
 Hardware stack levels used:    1
 Hardware stack levels required when called:    4
 This function calls:
		_waitI2C
 This function is called by:
		_writeInst
		_writeLCD
		_initRTC
		_changeMin
		_changeHeure
		_readSec
		_readMin
		_readHr
		_writeData
		_readData
		_getData
 This function uses a non-reentrant model


 *************** function _waitI2C *****************
 Defined at:
		line 46 in file "i2c.c"
 Parameters:    Size  Location     Type
		None
 Auto vars:     Size  Location     Type
		None
 Return value:  Size  Location     Type
                  1    wreg      void 
 Registers used:
		wreg, status,2
 Tracked objects:
		On entry : 
		On exit  : 
		Unchanged: 
 Data sizes:     COMMON   BANK0   BANK1   BANK2   BANK3   BANK4   BANK5   BANK6
      Params:         0       0       0       0       0       0       0       0
      Locals:         0       0       0       0       0       0       0       0
      Temps:          0       0       0       0       0       0       0       0
      Totals:         0       0       0       0       0       0       0       0
Total ram usage:        0 bytes
 Hardware stack levels used:    1
 Hardware stack levels required when called:    3
 This function calls:
		Nothing
 This function is called by:
		_startI2C
		_stopI2C
		_sendI2C
		_readI2C
		_re_startI2C
		_sendNoAckI2C
		_sendAckI2C
 This function uses a non-reentrant model


 *************** function _bitExtracted *****************
 Defined at:
		line 4 in file "conversion.c"
 Parameters:    Size  Location     Type
  number          1    wreg     unsigned char 
  k               1    1[COMMON] unsigned char 
  p               1    2[COMMON] unsigned char 
 Auto vars:     Size  Location     Type
  number          1    5[COMMON] unsigned char 
 Return value:  Size  Location     Type
                  1    wreg      unsigned char 
 Registers used:
		wreg, status,2, status,0
 Tracked objects:
		On entry : 
		On exit  : 
		Unchanged: 
 Data sizes:     COMMON   BANK0   BANK1   BANK2   BANK3   BANK4   BANK5   BANK6
      Params:         2       0       0       0       0       0       0       0
      Locals:         1       0       0       0       0       0       0       0
      Temps:          2       0       0       0       0       0       0       0
      Totals:         5       0       0       0       0       0       0       0
Total ram usage:        5 bytes
 Hardware stack levels used:    1
 Hardware stack levels required when called:    3
 This function calls:
		Nothing
 This function is called by:
		_main
		_printReglageH
		_incrMin
		_incrHeure
 This function uses a non-reentrant model


 *************** function _convertFromBcd *****************
 Defined at:
		line 8 in file "conversion.c"
 Parameters:    Size  Location     Type
  byteBCD         1    wreg     unsigned char 
 Auto vars:     Size  Location     Type
  byteBCD         1    9[COMMON] unsigned char 
  byteLSB         1    8[COMMON] unsigned char 
  byteMSB         1    7[COMMON] unsigned char 
 Return value:  Size  Location     Type
                  1    wreg      unsigned char 
 Registers used:
		wreg, status,2, status,0, pclath, cstack
 Tracked objects:
		On entry : 
		On exit  : 
		Unchanged: 
 Data sizes:     COMMON   BANK0   BANK1   BANK2   BANK3   BANK4   BANK5   BANK6
      Params:         0       0       0       0       0       0       0       0
      Locals:         3       0       0       0       0       0       0       0
      Temps:          2       0       0       0       0       0       0       0
      Totals:         5       0       0       0       0       0       0       0
Total ram usage:        5 bytes
 Hardware stack levels used:    1
 Hardware stack levels required when called:    4
 This function calls:
		___bmul
 This function is called by:
		_main
 This function uses a non-reentrant model


 *************** function ___bmul *****************
 Defined at:
		line 4 in file "/opt/microchip/xc8/v1.45/sources/common/Umul8.c"
 Parameters:    Size  Location     Type
  multiplier      1    wreg     unsigned char 
  multiplicand    1    1[COMMON] unsigned char 
 Auto vars:     Size  Location     Type
  multiplier      1    4[COMMON] unsigned char 
  product         1    3[COMMON] unsigned char 
 Return value:  Size  Location     Type
                  1    wreg      unsigned char 
 Registers used:
		wreg, status,2, status,0
 Tracked objects:
		On entry : 
		On exit  : 
		Unchanged: 
 Data sizes:     COMMON   BANK0   BANK1   BANK2   BANK3   BANK4   BANK5   BANK6
      Params:         1       0       0       0       0       0       0       0
      Locals:         2       0       0       0       0       0       0       0
      Temps:          1       0       0       0       0       0       0       0
      Totals:         4       0       0       0       0       0       0       0
Total ram usage:        4 bytes
 Hardware stack levels used:    1
 Hardware stack levels required when called:    3
 This function calls:
		Nothing
 This function is called by:
		_convertFromBcd
 This function uses a non-reentrant model


 *************** function ___awdiv *****************
 Defined at:
		line 6 in file "/opt/microchip/xc8/v1.45/sources/common/awdiv.c"
 Parameters:    Size  Location     Type
  divisor         2    1[COMMON] int 
  dividend        2    3[COMMON] int 
 Auto vars:     Size  Location     Type
  quotient        2    8[COMMON] int 
  sign            1    7[COMMON] unsigned char 
  counter         1    6[COMMON] unsigned char 
 Return value:  Size  Location     Type
                  2    1[COMMON] int 
 Registers used:
[...]
                  1    wreg      void 
 Registers used:
		wreg, status,2, status,0, pclath, cstack
 Tracked objects:
		On entry : 
		On exit  : 
		Unchanged: 
 Data sizes:     COMMON   BANK0   BANK1   BANK2   BANK3   BANK4   BANK5   BANK6
      Params:         0       0       0       0       0       0       0       0
      Locals:         0       0       0       0       0       0       0       0
      Temps:          0       0       0       0       0       0       0       0
      Totals:         0       0       0       0       0       0       0       0
Total ram usage:        0 bytes
 Hardware stack levels used:    1
 Hardware stack levels required when called:    5
 This function calls:
		_OSCILLATOR_Initialize
		_PIN_MANAGER_Initialize
		_PWM1_Initialize
		_PWM2_Initialize
		_PWM3_Initialize
		_TMR0_Initialize
		_TMR2_Initialize
		_WDT_Initialize
 This function is called by:
		_main
 This function uses a non-reentrant model


 *************** function _WDT_Initialize *****************
 Defined at:
		line 71 in file "mcc_generated_files/mcc.c"
 Parameters:    Size  Location     Type
		None
 Auto vars:     Size  Location     Type
		None
 Return value:  Size  Location     Type
                  1    wreg      void 
 Registers used:
		wreg
 Tracked objects:
		On entry : 
		On exit  : 
		Unchanged: 
 Data sizes:     COMMON   BANK0   BANK1   BANK2   BANK3   BANK4   BANK5   BANK6
      Params:         0       0       0       0       0       0       0       0
      Locals:         0       0       0       0       0       0       0       0
      Temps:          0       0       0       0       0       0       0       0
      Totals:         0       0       0       0       0       0       0       0
Total ram usage:        0 bytes
 Hardware stack levels used:    1
 Hardware stack levels required when called:    3
 This function calls:
		Nothing
 This function is called by:
		_SYSTEM_Initialize
 This function uses a non-reentrant model


 *************** function _TMR2_Initialize *****************
 Defined at:
		line 64 in file "mcc_generated_files/tmr2.c"
 Parameters:    Size  Location     Type
		None
 Auto vars:     Size  Location     Type
		None
 Return value:  Size  Location     Type
                  1    wreg      void 
 Registers used:
		wreg, status,2, status,0, pclath, cstack
 Tracked objects:
		On entry : 
		On exit  : 
		Unchanged: 
 Data sizes:     COMMON   BANK0   BANK1   BANK2   BANK3   BANK4   BANK5   BANK6
      Params:         0       0       0       0       0       0       0       0
      Locals:         0       0       0       0       0       0       0       0
      Temps:          0       0       0       0       0       0       0       0
      Totals:         0       0       0       0       0       0       0       0
Total ram usage:        0 bytes
 Hardware stack levels used:    1
 Hardware stack levels required when called:    4
 This function calls:
		_TMR2_SetInterruptHandler
 This function is called by:
		_SYSTEM_Initialize
 This function uses a non-reentrant model


 *************** function _TMR2_SetInterruptHandler *****************
 Defined at:
		line 132 in file "mcc_generated_files/tmr2.c"
 Parameters:    Size  Location     Type
  InterruptHan    2    1[COMMON] PTR FTN()void 
		 -> TMR2_DefaultInterruptHandler(1), 
 Auto vars:     Size  Location     Type
		None
 Return value:  Size  Location     Type
                  1    wreg      void 
 Registers used:
		wreg
 Tracked objects:
		On entry : 
		On exit  : 
		Unchanged: 
 Data sizes:     COMMON   BANK0   BANK1   BANK2   BANK3   BANK4   BANK5   BANK6
      Params:         2       0       0       0       0       0       0       0
      Locals:         0       0       0       0       0       0       0       0
      Temps:          0       0       0       0       0       0       0       0
      Totals:         2       0       0       0       0       0       0       0
Total ram usage:        2 bytes
 Hardware stack levels used:    1
 Hardware stack levels required when called:    3
 This function calls:
		Nothing
 This function is called by:
		_TMR2_Initialize
 This function uses a non-reentrant model


 *************** function _TMR0_Initialize *****************
 Defined at:
		line 63 in file "mcc_generated_files/tmr0.c"
 Parameters:    Size  Location     Type
		None
 Auto vars:     Size  Location     Type
		None
 Return value:  Size  Location     Type
                  1    wreg      void 
 Registers used:
		wreg, status,2
 Tracked objects:
		On entry : 
		On exit  : 
		Unchanged: 
 Data sizes:     COMMON   BANK0   BANK1   BANK2   BANK3   BANK4   BANK5   BANK6
      Params:         0       0       0       0       0       0       0       0
      Locals:         0       0       0       0       0       0       0       0
      Temps:          1       0       0       0       0       0       0       0
      Totals:         1       0       0       0       0       0       0       0
Total ram usage:        1 bytes
 Hardware stack levels used:    1
 Hardware stack levels required when called:    3
 This function calls:
		Nothing
 This function is called by:
		_SYSTEM_Initialize
 This function uses a non-reentrant model


 *************** function _PWM3_Initialize *****************
 Defined at:
		line 58 in file "mcc_generated_files/pwm3.c"
 Parameters:    Size  Location     Type
		None
 Auto vars:     Size  Location     Type
		None
 Return value:  Size  Location     Type
                  1    wreg      void 
 Registers used:
		wreg
 Tracked objects:
		On entry : 
		On exit  : 
		Unchanged: 
 Data sizes:     COMMON   BANK0   BANK1   BANK2   BANK3   BANK4   BANK5   BANK6
      Params:         0       0       0       0       0       0       0       0
      Locals:         0       0       0       0       0       0       0       0
      Temps:          0       0       0       0       0       0       0       0
      Totals:         0       0       0       0       0       0       0       0
Total ram usage:        0 bytes
 Hardware stack levels used:    1
 Hardware stack levels required when called:    3
 This function calls:
		Nothing
 This function is called by:
		_SYSTEM_Initialize
 This function uses a non-reentrant model


 *************** function _PWM2_Initialize *****************
 Defined at:
		line 58 in file "mcc_generated_files/pwm2.c"
 Parameters:    Size  Location     Type
		None
 Auto vars:     Size  Location     Type
		None
 Return value:  Size  Location     Type
                  1    wreg      void 
 Registers used:
		wreg
 Tracked objects:
		On entry : 
		On exit  : 
		Unchanged: 
 Data sizes:     COMMON   BANK0   BANK1   BANK2   BANK3   BANK4   BANK5   BANK6
      Params:         0       0       0       0       0       0       0       0
      Locals:         0       0       0       0       0       0       0       0
      Temps:          0       0       0       0       0       0       0       0
      Totals:         0       0       0       0       0       0       0       0
Total ram usage:        0 bytes
 Hardware stack levels used:    1
 Hardware stack levels required when called:    3
 This function calls:
		Nothing
 This function is called by:
		_SYSTEM_Initialize
 This function uses a non-reentrant model


 *************** function _PWM1_Initialize *****************
 Defined at:
		line 58 in file "mcc_generated_files/pwm1.c"
 Parameters:    Size  Location     Type
		None
 Auto vars:     Size  Location     Type
		None
 Return value:  Size  Location     Type
                  1    wreg      void 
 Registers used:
		wreg
 Tracked objects:
		On entry : 
		On exit  : 
		Unchanged: 
 Data sizes:     COMMON   BANK0   BANK1   BANK2   BANK3   BANK4   BANK5   BANK6
      Params:         0       0       0       0       0       0       0       0
      Locals:         0       0       0       0       0       0       0       0
      Temps:          0       0       0       0       0       0       0       0
      Totals:         0       0       0       0       0       0       0       0
Total ram usage:        0 bytes
 Hardware stack levels used:    1
 Hardware stack levels required when called:    3
 This function calls:
		Nothing
 This function is called by:
		_SYSTEM_Initialize
 This function uses a non-reentrant model


 *************** function _PIN_MANAGER_Initialize *****************
 Defined at:
		line 57 in file "mcc_generated_files/pin_manager.c"
 Parameters:    Size  Location     Type
		None
 Auto vars:     Size  Location     Type
		None
 Return value:  Size  Location     Type
                  1    wreg      void 
 Registers used:
		wreg, status,2
 Tracked objects:
		On entry : 
		On exit  : 
		Unchanged: 
 Data sizes:     COMMON   BANK0   BANK1   BANK2   BANK3   BANK4   BANK5   BANK6
      Params:         0       0       0       0       0       0       0       0
      Locals:         0       0       0       0       0       0       0       0
      Temps:          0       0       0       0       0       0       0       0
      Totals:         0       0       0       0       0       0       0       0
Total ram usage:        0 bytes
 Hardware stack levels used:    1
 Hardware stack levels required when called:    3
 This function calls:
		Nothing
 This function is called by:
		_SYSTEM_Initialize
 This function uses a non-reentrant model


 *************** function _OSCILLATOR_Initialize *****************
 Defined at:
		line 63 in file "mcc_generated_files/mcc.c"
 Parameters:    Size  Location     Type
		None
 Auto vars:     Size  Location     Type
		None
 Return value:  Size  Location     Type
                  1    wreg      void 
 Registers used:
		wreg, status,2
 Tracked objects:
		On entry : 
		On exit  : 
		Unchanged: 
 Data sizes:     COMMON   BANK0   BANK1   BANK2   BANK3   BANK4   BANK5   BANK6
      Params:         0       0       0       0       0       0       0       0
      Locals:         0       0       0       0       0       0       0       0
      Temps:          0       0       0       0       0       0       0       0
      Totals:         0       0       0       0       0       0       0       0
Total ram usage:        0 bytes
 Hardware stack levels used:    1
 Hardware stack levels required when called:    3
 This function calls:
		Nothing
 This function is called by:
		_SYSTEM_Initialize
 This function uses a non-reentrant model


 *************** function _PWM3_LoadDutyValue *****************
 Defined at:
		line 72 in file "mcc_generated_files/pwm3.c"
 Parameters:    Size  Location     Type
  dutyValue       2    0[BANK0 ] unsigned int 
 Auto vars:     Size  Location     Type
		None
 Return value:  Size  Location     Type
                  1    wreg      void 
 Registers used:
		wreg, status,2, status,0
 Tracked objects:
		On entry : 
		On exit  : 
		Unchanged: 
 Data sizes:     COMMON   BANK0   BANK1   BANK2   BANK3   BANK4   BANK5   BANK6
      Params:         0       2       0       0       0       0       0       0
      Locals:         0       0       0       0       0       0       0       0
      Temps:          0       2       0       0       0       0       0       0
      Totals:         0       4       0       0       0       0       0       0
Total ram usage:        4 bytes
 Hardware stack levels used:    1
 Hardware stack levels required when called:    3
 This function calls:
		Nothing
 This function is called by:
		_main
 This function uses a non-reentrant model


 *************** function _PWM2_LoadDutyValue *****************
 Defined at:
		line 72 in file "mcc_generated_files/pwm2.c"
 Parameters:    Size  Location     Type
  dutyValue       2    1[COMMON] unsigned int 
 Auto vars:     Size  Location     Type
		None
 Return value:  Size  Location     Type
                  1    wreg      void 
 Registers used:
		wreg, status,2, status,0
 Tracked objects:
		On entry : 
		On exit  : 
		Unchanged: 
 Data sizes:     COMMON   BANK0   BANK1   BANK2   BANK3   BANK4   BANK5   BANK6
      Params:         2       0       0       0       0       0       0       0
      Locals:         0       0       0       0       0       0       0       0
      Temps:          2       0       0       0       0       0       0       0
      Totals:         4       0       0       0       0       0       0       0
Total ram usage:        4 bytes
 Hardware stack levels used:    1
 Hardware stack levels required when called:    3
 This function calls:
		Nothing
 This function is called by:
		_main
 This function uses a non-reentrant model


 *************** function _PWM1_LoadDutyValue *****************
 Defined at:
		line 72 in file "mcc_generated_files/pwm1.c"
 Parameters:    Size  Location     Type
  dutyValue       2    0[BANK0 ] unsigned int 
 Auto vars:     Size  Location     Type
		None
 Return value:  Size  Location     Type
                  1    wreg      void 
 Registers used:
		wreg, status,2, status,0
 Tracked objects:
		On entry : 
		On exit  : 
		Unchanged: 
 Data sizes:     COMMON   BANK0   BANK1   BANK2   BANK3   BANK4   BANK5   BANK6
      Params:         0       2       0       0       0       0       0       0
      Locals:         0       0       0       0       0       0       0       0
      Temps:          0       2       0       0       0       0       0       0
      Totals:         0       4       0       0       0       0       0       0
Total ram usage:        4 bytes
 Hardware stack levels used:    1
 Hardware stack levels required when called:    3
 This function calls:
		Nothing
 This function is called by:
		_main
 This function uses a non-reentrant model


 *************** function _INTERRUPT_InterruptManager *****************
 Defined at:
		line 52 in file "mcc_generated_files/interrupt_manager.c"
 Parameters:    Size  Location     Type
		None
 Auto vars:     Size  Location     Type
		None
 Return value:  Size  Location     Type
                  1    wreg      void 
 Registers used:
		wreg, status,2, status,0, pclath, cstack
 Tracked objects:
		On entry : 
		On exit  : 
		Unchanged: 
 Data sizes:     COMMON   BANK0   BANK1   BANK2   BANK3   BANK4   BANK5   BANK6
      Params:         0       0       0       0       0       0       0       0
      Locals:         0       0       0       0       0       0       0       0
      Temps:          1       0       0       0       0       0       0       0
      Totals:         1       0       0       0       0       0       0       0
Total ram usage:        1 bytes
 Hardware stack levels used:    1
 Hardware stack levels required when called:    2
 This function calls:
		_TMR2_ISR
 This function is called by:
		Interrupt level 1
 This function uses a non-reentrant model


 *************** function _TMR2_ISR *****************
 Defined at:
		line 119 in file "mcc_generated_files/tmr2.c"
 Parameters:    Size  Location     Type
		None
 Auto vars:     Size  Location     Type
		None
 Return value:  Size  Location     Type
                  1    wreg      void 
 Registers used:
		wreg, status,2, status,0, pclath, cstack
 Tracked objects:
		On entry : 
		On exit  : 
		Unchanged: 
 Data sizes:     COMMON   BANK0   BANK1   BANK2   BANK3   BANK4   BANK5   BANK6
      Params:         0       0       0       0       0       0       0       0
      Locals:         0       0       0       0       0       0       0       0
      Temps:          0       0       0       0       0       0       0       0
      Totals:         0       0       0       0       0       0       0       0
Total ram usage:        0 bytes
 Hardware stack levels used:    1
 Hardware stack levels required when called:    1
 This function calls:
		Absolute function
		_TMR2_DefaultInterruptHandler
 This function is called by:
		_INTERRUPT_InterruptManager
 This function uses a non-reentrant model


 *************** function _TMR2_DefaultInterruptHandler *****************
 Defined at:
		line 136 in file "mcc_generated_files/tmr2.c"
 Parameters:    Size  Location     Type
		None
 Auto vars:     Size  Location     Type
		None
 Return value:  Size  Location     Type
                  1    wreg      void 
 Registers used:
		None
 Tracked objects:
		On entry : 
		On exit  : 
		Unchanged: 
 Data sizes:     COMMON   BANK0   BANK1   BANK2   BANK3   BANK4   BANK5   BANK6
      Params:         0       0       0       0       0       0       0       0
      Locals:         0       0       0       0       0       0       0       0
      Temps:          0       0       0       0       0       0       0       0
      Totals:         0       0       0       0       0       0       0       0
Total ram usage:        0 bytes
 Hardware stack levels used:    1
 This function calls:
		Nothing
 This function is called by:
		_TMR2_Initialize
		_TMR2_ISR
 This function uses a non-reentrant model



MODULE INFORMATION

Module		Function		Class		Link	Load	Size
mcc_generated_files/tmr2.c
		_TMR2_ISR      		CODE           	06C0	0000	13
		_TMR2_Initialize		CODE           	0685	0000	18
		_TMR2_SetInterruptHandler		CODE           	070B	0000	7
		_TMR2_DefaultInterruptHandler		CODE           	071B	0000	2

mcc_generated_files/tmr2.c estimated size: 40

mcc_generated_files/interrupt_manager.c
		_INTERRUPT_InterruptManager		CODE           	0004	0000	31

mcc_generated_files/interrupt_manager.c estimated size: 31

mcc_generated_files/pwm2.c
		_PWM2_Initialize		CODE           	06F5	0000	9
		_PWM2_LoadDutyValue		CODE           	0624	0000	23

mcc_generated_files/pwm2.c estimated size: 32

mcc_generated_files/tmr0.c
		_TMR0_Initialize		CODE           	06A6	0000	15

mcc_generated_files/tmr0.c estimated size: 15

i2c.c
		_stopI2C       		CODE           	06DD	0000	9
		_readI2C       		CODE           	0663	0000	18
		_sendNoAckI2C  		CODE           	0705	0000	7
		_re_startI2C   		CODE           	06D5	0000	9
		_startI2C      		CODE           	06CC	0000	10
		_sendI2C       		CODE           	06B4	0000	13
		_waitI2C       		CODE           	06E5	0000	9
		_initI2C       		CODE           	0445	0000	58

i2c.c estimated size: 133

mcc_generated_files/pin_manager.c
		_PIN_MANAGER_Initialize		CODE           	05C0	0000	27

mcc_generated_files/pin_manager.c estimated size: 27

shared
		__initialization		CODE           	0024	0000	6

shared estimated size: 6

mcc_generated_files/mcc.c
		_WDT_Initialize		CODE           	0717	0000	5
		_OSCILLATOR_Initialize		CODE           	0711	0000	7
		_SYSTEM_Initialize		CODE           	060C	0000	25

mcc_generated_files/mcc.c estimated size: 37

mcc_generated_files/pwm3.c
		_PWM3_Initialize		CODE           	06ED	0000	9
		_PWM3_LoadDutyValue		CODE           	05DA	0000	26

mcc_generated_files/pwm3.c estimated size: 35

mcc_generated_files/pwm1.c
		_PWM1_Initialize		CODE           	06FD	0000	9
		_PWM1_LoadDutyValue		CODE           	05F3	0000	26

mcc_generated_files/pwm1.c estimated size: 35

/opt/microchip/xc8/v1.45/sources/common/awdiv.c
		___awdiv       		CODE           	03F4	0000	82

/opt/microchip/xc8/v1.45/sources/common/awdiv.c estimated size: 82

conversion.c
		_convertFromBcd		CODE           	05A4	0000	29
		_bitExtracted  		CODE           	063A	0000	22
		_FSM           		CODE           	052F	0000	34

conversion.c estimated size: 85

/opt/microchip/xc8/v1.45/sources/common/Umul8.c
		___bmul        		CODE           	0674	0000	18

/opt/microchip/xc8/v1.45/sources/common/Umul8.c estimated size: 18

main.c
		_main          		CODE           	002D	0000	429

main.c estimated size: 429

RTC.c
		_changeHeure   		CODE           	0588	0000	29
		_initRTC       		CODE           	03A3	0000	82
		_incrHeure     		CODE           	02EB	0000	97
		_readMin       		CODE           	04DD	0000	42
		_readSec       		CODE           	04B4	0000	42
		_changeMin     		CODE           	056C	0000	29
		_incrMin       		CODE           	034B	0000	89
		_readHr        		CODE           	0506	0000	42

RTC.c estimated size: 452

LCD.c
		_printReglageH 		CODE           	01D9	0000	275
		_writeInst     		CODE           	0550	0000	29
		_initRW1063    		CODE           	0696	0000	17
		_writeLCD      		CODE           	047E	0000	55

LCD.c estimated size: 376

