Microchip MPLAB XC8 Compiler V1.45 ()

Linker command line:

-W-3 --edf=/opt/microchip/xc8/v1.45/dat/en_msgs.txt -cs \
  -h+dist/default/debug/LCD_3.X.debug.sym \
  --cmf=dist/default/debug/LCD_3.X.debug.cmf -z -Q16F1619 -o/tmp/xcXMOsPJ6 \
  -Mdist/default/debug/LCD_3.X.debug.map -E1 -ver=XC8 -ASTACK=02033h-023efh \
  -pstack=STACK -ACODE=00h-07FFhx4 -ASTRCODE=00h-01FFFh \
  -ASTRING=00h-0FFhx32 -ACONST=00h-0FFhx32 -AENTRY=00h-0FFhx32 \
  -ACOMMON=070h-07Fh -ABANK0=020h-06Fh -ABANK1=0A0h-0EFh \
  -ABANK2=0120h-016Fh -ABANK3=01A0h-01EFh -ABANK4=0220h-026Fh \
  -ABANK5=02A0h-02EFh -ABANK6=0320h-036Fh -ABANK7=03A0h-03EFh \
  -ABANK8=0420h-046Fh -ABANK9=04A0h-04EFh -ABANK10=0520h-056Fh \
  -ABANK11=05A0h-05EFh -ABANK12=0620h-064Fh -ABIGRAM=02000h-023EFh \
  -ARAM=020h-06Fh,0A0h-0EFh,0120h-016Fh,01A0h-01EFh,0220h-026Fh,02A0h-02EFh,0320h-036Fh,03A0h-03EFh,0420h-046Fh,04A0h-04EFh,0520h-056Fh,05A0h-05EFh,0620h-064Fh \
  -AABS1=020h-07Fh,0A0h-0EFh,0120h-016Fh,01A0h-01EFh,0220h-026Fh,02A0h-02EFh,0320h-036Fh,03A0h-03EFh,0420h-046Fh,04A0h-04EFh,0520h-056Fh,05A0h-05EFh,0620h-064Fh \
  -ASFR0=00h-01Fh -ASFR1=080h-09Fh -ASFR2=0100h-011Fh -ASFR3=0180h-019Fh \
  -ASFR4=0200h-021Fh -ASFR5=0280h-029Fh -ASFR6=0300h-031Fh \
  -ASFR7=0380h-039Fh -ASFR8=0400h-041Fh -ASFR9=0480h-049Fh \
  -ASFR10=0500h-051Fh -ASFR11=0580h-059Fh -ASFR12=0600h-061Fh \
  -ASFR13=0680h-06EFh -ASFR14=0700h-076Fh -ASFR15=0780h-07EFh \
  -ASFR16=0800h-086Fh -ASFR17=0880h-08EFh -ASFR18=0900h-096Fh \
  -ASFR19=0980h-09EFh -ASFR20=0A00h-0A6Fh -ASFR21=0A80h-0AEFh \
  -ASFR22=0B00h-0B6Fh -ASFR23=0B80h-0BEFh -ASFR24=0C00h-0C6Fh \
  -ASFR25=0C80h-0CEFh -ASFR26=0D00h-0D6Fh -ASFR27=0D80h-0DEFh \
  -ASFR28=0E00h-0E6Fh -ASFR29=0E80h-0EEFh -ASFR30=0F00h-0F6Fh \
  -ASFR31=0F80h-0FEFh -preset_vec=00h,intentry=04h,init,end_init \
  -ppowerup=CODE -pcinit=CODE -pfunctab=ENTRY -ACONFIG=08007h-08009h \
  -pconfig=CONFIG -DCONFIG=2 -AIDLOC=08000h-08003h -pidloc=IDLOC -DIDLOC=2 \
  -DCODE=2 -DSTRCODE=2 -DSTRING=2 -DCONST=2 -DENTRY=2 -k /tmp/xcX9oW1I3.obj \
  dist/default/debug/LCD_3.X.debug.obj 

Object code version is 3.11

Machine type is 16F1619



                Name                               Link     Load   Length Selector   Space Scale
/tmp/xcX9oW1I3.obj
                end_init                             22       22        2        8       0
                reset_vec                             0        0        3        0       0
                config                             8007     8007        3    1000E       0
dist/default/debug/LCD_3.X.debug.obj
                cinit                                24       24       11        8       0
                intentry                              4        4       1E        8       0
                text32                              76F      76F        3      DBE       0
                text31                              713      713       10      DBE       0
                text30                              76B      76B        4      DBE       0
                swtext2                             69D      69D       18      D3A       0
                text29                              193      193      12E        8       0
                text27                              752      752        7      DBE       0
                text26                              5F8      5F8       29        8       0
                text25                              765      765        6      DBE       0
                text24                              6F1      6F1       12      DBE       0
                text23                              67F      67F       1E        8       0
                text22                              6B5      6B5       16      D6A       0
                text21                              74A      74A        8      DBE       0
                text20                              723      723        E      DBE       0
                text19                              731      731        9      DBE       0
                text18                              742      742        8      DBE       0
                text17                              661      661       1E        8       0
                text16                              73A      73A        8      DBE       0
                text15                              6DF      6DF       12      DBE       0
                text14                              75F      75F        6      DBE       0
                text13                              5CC      5CC       2C        8       0
                text12                              3A2      3A2       60        8       0
                text11                              643      643       1E        8       0
                text10                              5A0      5A0       2C        8       0
                text9                               402      402       58        8       0
                text8                               4FF      4FF       3C        8       0
                text7                               4AE      4AE       51        8       0
                text6                               53B      53B       39        8       0
                text5                               703      703       10      DBE       0
                swtext1                             6CB      6CB       14      D96       0
                text4                               621      621       22        8       0
                text3                               45A      45A       54        8       0
                text2                               2C1      2C1       E1        8       0
                text1                               574      574       2C        8       0
                maintext                             35       35      15E        8       0
                cstackBANK0                          20       20       20       20       1
                cstackCOMMON                         76       76        6       70       1
                clrtext                             759      759        6      DBE       0
                bssBANK0                             40       40       13       20       1
                bssCOMMON                            70       70        6       70       1

TOTAL           Name                               Link     Load   Length     Space
        CLASS   STACK          

        CLASS   CODE           
                end_init                             22       22        2         0
                cinit                                24       24       11         0
                intentry                              4        4       1E         0
                reset_vec                             0        0        3         0
                text32                              76F      76F        3         0
                text31                              713      713       10         0
                text30                              76B      76B        4         0
                text29                              193      193      12E         0
                text27                              752      752        7         0
                text26                              5F8      5F8       29         0
                text25                              765      765        6         0
                text24                              6F1      6F1       12         0
                text23                              67F      67F       1E         0
                text22                              6B5      6B5       16         0
                text21                              74A      74A        8         0
                text20                              723      723        E         0
                text19                              731      731        9         0
                text18                              742      742        8         0
                text17                              661      661       1E         0
                text16                              73A      73A        8         0
                text15                              6DF      6DF       12         0
                text14                              75F      75F        6         0
                text13                              5CC      5CC       2C         0
                text12                              3A2      3A2       60         0
                text11                              643      643       1E         0
                text10                              5A0      5A0       2C         0
                text9                               402      402       58         0
                text8                               4FF      4FF       3C         0
                text7                               4AE      4AE       51         0
                text6                               53B      53B       39         0
                text5                               703      703       10         0
                text4                               621      621       22         0
                text3                               45A      45A       54         0
                text2                               2C1      2C1       E1         0
                text1                               574      574       2C         0
                maintext                             35       35      15E         0
                clrtext                             759      759        6         0

        CLASS   STRCODE        

        CLASS   STRING         

        CLASS   CONST          
                swtext2                             69D      69D       18         0
                swtext1                             6CB      6CB       14         0

        CLASS   ENTRY          

        CLASS   COMMON         
                cstackCOMMON                         76       76        6         1
                bssCOMMON                            70       70        6         1

        CLASS   BANK0          
                cstackBANK0                          20       20       20         1
                bssBANK0                             40       40       13         1

        CLASS   BANK1          

        CLASS   BANK2          

        CLASS   BANK3          

        CLASS   BANK4          

        CLASS   BANK5          

        CLASS   BANK6          

        CLASS   BANK7          

        CLASS   BANK8          

        CLASS   BANK9          

        CLASS   BANK10         

        CLASS   BANK11         

        CLASS   BANK12         

        CLASS   BIGRAM         

        CLASS   RAM            

        CLASS   ABS1           
                abs_s1                               7E       7E        2         1

        CLASS   SFR0           

        CLASS   SFR1           

        CLASS   SFR2           

        CLASS   SFR3           

        CLASS   SFR4           

        CLASS   SFR5           

        CLASS   SFR6           

        CLASS   SFR7           

        CLASS   SFR8           

        CLASS   SFR9           

        CLASS   SFR10          

        CLASS   SFR11          

        CLASS   SFR12          

        CLASS   SFR13          

        CLASS   SFR14          

        CLASS   SFR15          

        CLASS   SFR16          

        CLASS   SFR17          

        CLASS   SFR18          

        CLASS   SFR19          

        CLASS   SFR20          

        CLASS   SFR21          

        CLASS   SFR22          

        CLASS   SFR23          

        CLASS   SFR24          

        CLASS   SFR25          

        CLASS   SFR26          

        CLASS   SFR27          

        CLASS   SFR28          

        CLASS   SFR29          

        CLASS   SFR30          

        CLASS   SFR31          

        CLASS   CONFIG         
                config                             8007     8007        3         0

        CLASS   IDLOC          

        CLASS   BANK31         

        CLASS   BANK30         

        CLASS   BANK29         

        CLASS   BANK28         

        CLASS   BANK27         

        CLASS   BANK26         

        CLASS   BANK25         

        CLASS   BANK24         

        CLASS   BANK23         

        CLASS   BANK22         

        CLASS   BANK21         

        CLASS   BANK20         

        CLASS   BANK19         

        CLASS   BANK18         

        CLASS   BANK17         

        CLASS   BANK16         

        CLASS   BANK15         

        CLASS   BANK14         

        CLASS   BANK13         

        CLASS   EEDATA         



SEGMENTS        Name                           Load    Length   Top    Selector   Space  Class     Delta

                reset_vec                      000000  000003  000003         0       0  CODE        2
                intentry                       000004  000699  00069D         8       0  CODE        2
                cstackBANK0                    000020  000033  000053        20       1  BANK0       1
                bssCOMMON                      000070  00000C  00007C        70       1  COMMON      1
                swtext2                        00069D  000018  0006B5       D3A       0  CONST       2
                text22                         0006B5  000016  0006CB       D6A       0  CODE        2
                swtext1                        0006CB  000014  0006DF       D96       0  CONST       2
                text15                         0006DF  000093  000772       DBE       0  CODE        2
                config                         008007  000003  00800A     1000E       0  CONFIG      2


UNUSED ADDRESS RANGES

        Name                Unused          Largest block    Delta
        BANK0            00053-0006F              1D           1
        BANK1            000A0-000EF              50           1
        BANK10           00520-0056F              50           1
        BANK11           005A0-005EF              50           1
        BANK12           00620-0064F              30           1
        BANK2            00120-0016F              50           1
        BANK3            001A0-001EF              50           1
        BANK4            00220-0026F              50           1
        BANK5            002A0-002EF              50           1
        BANK6            00320-0036F              50           1
        BANK7            003A0-003EF              50           1
        BANK8            00420-0046F              50           1
        BANK9            004A0-004EF              50           1
        BIGRAM           02000-023EF             3F0           1
        CODE             00003-00003               1           2
                         00772-01FFF             800
        COMMON           0007C-0007D               2           1
        CONST            00003-00003               1           2
                         00772-01FFF             100
        ENTRY            00003-00003               1           2
                         00772-01FFF             100
        IDLOC            08000-08003               4           2
        RAM              00053-0006F              1D           1
                         000A0-000EF              50
                         00120-0016F              50
                         001A0-001EF              50
                         00220-0026F              50
                         002A0-002EF              50
                         00320-0036F              50
                         003A0-003EF              50
                         00420-0046F              50
                         004A0-004EF              50
                         00520-0056F              50
                         005A0-005EF              50
                         00620-0064F              30
        SFR0             00000-0001F              20           1
        SFR1             00080-0009F              20           1
        SFR10            00500-0051F              20           1
        SFR11            00580-0059F              20           1
        SFR12            00600-0061F              20           1
        SFR13            00680-006EF              70           1
        SFR14            00700-0076F              70           1
        SFR15            00780-007EF              70           1
        SFR16            00800-0086F              70           1
        SFR17            00880-008EF              70           1
        SFR18            00900-0096F              70           1
        SFR19            00980-009EF              70           1
        SFR2             00100-0011F              20           1
        SFR20            00A00-00A6F              70           1
        SFR21            00A80-00AEF              70           1
        SFR22            00B00-00B6F              70           1
        SFR23            00B80-00BEF              70           1
        SFR24            00C00-00C6F              70           1
        SFR25            00C80-00CEF              70           1
        SFR26            00D00-00D6F              70           1
        SFR27            00D80-00DEF              70           1
        SFR28            00E00-00E6F              70           1
        SFR29            00E80-00EEF              70           1
        SFR3             00180-0019F              20           1
        SFR30            00F00-00F6F              70           1
        SFR31            00F80-00FEF              70           1
        SFR4             00200-0021F              20           1
        SFR5             00280-0029F              20           1
        SFR6             00300-0031F              20           1
        SFR7             00380-0039F              20           1
        SFR8             00400-0041F              20           1
        SFR9             00480-0049F              20           1
        STACK            02033-023EF             3BD           1
        STRCODE          00003-00003               1           2
                         00772-01FFF            188E
        STRING           00003-00003               1           2
                         00772-01FFF             100

                                  Symbol Table

FSM@IN                               cstackBANK0  00020
I2C_ISR@i2c_10bit_address_restart    bssBANK0     00045
I2C_ISR@i2c_address                  bssCOMMON    00074
I2C_ISR@i2c_bytes_left               bssBANK0     00046
I2C_ISR@pi2c_buf_ptr                 bssCOMMON    00070
I2C_MasterRead@trBlock               bssBANK0     00048
I2C_MasterWrite@trBlock              bssBANK0     0004C
_ANSELA                              (abs)        0018C
_ANSELB                              (abs)        0018D
_ANSELC                              (abs)        0018E
_BORCON                              (abs)        00116
_FSM                                 text4        00621
_I2C_BusCollisionISR                 text32       0076F
_I2C_FunctionComplete                text31       00713
_I2C_ISR                             text29       00193
_I2C_Stop                            text30       0076B
_INTCONbits                          (abs)        0000B
_INTERRUPT_InterruptManager          intentry     00004
_LATA                                (abs)        0010C
_LATB                                (abs)        0010D
_LATB4                               (abs)        0086C
_LATB6                               (abs)        0086E
_LATC                                (abs)        0010E
_ODCONA                              (abs)        0028C
_ODCONB                              (abs)        0028D
_ODCONC                              (abs)        0028E
_OPTION_REG                          (abs)        00095
_OPTION_REGbits                      (abs)        00095
_OSCCON                              (abs)        00099
_OSCILLATOR_Initialize               text27       00752
_OSCTUNE                             (abs)        00098
_PIE1bits                            (abs)        00090
_PIE2bits                            (abs)        00091
_PIN_MANAGER_Initialize              text26       005F8
_PIR1bits                            (abs)        00010
_PIR2bits                            (abs)        00011
_PORTCbits                           (abs)        0000E
_RB4PPS                              (abs)        00E9C
_RB6PPS                              (abs)        00E9E
_SSP1ADD                             (abs)        00212
_SSP1BUF                             (abs)        00211
_SSP1CON1                            (abs)        00215
_SSP1CON1bits                        (abs)        00215
_SSP1CON2                            (abs)        00216
_SSP1CON2bits                        (abs)        00216
_SSP1CON3                            (abs)        00217
_SSP1STAT                            (abs)        00214
_SSPCLKPPS                           (abs)        00E20
_SSPDATPPS                           (abs)        00E21
_SYSTEM_Initialize                   text25       00765
_TRISA                               (abs)        0008C
_TRISB                               (abs)        0008D
_TRISB4                              (abs)        0046C
_TRISB6                              (abs)        0046E
_TRISC                               (abs)        0008E
_WPUA                                (abs)        0020C
_WPUB                                (abs)        0020D
_WPUC                                (abs)        0020E
__CFG_BOREN$ON                       (abs)        00000
__CFG_BORV$LO                        (abs)        00000
__CFG_CLKOUTEN$OFF                   (abs)        00000
__CFG_CP$OFF                         (abs)        00000
__CFG_FCMEN$ON                       (abs)        00000
__CFG_FOSC$INTOSC                    (abs)        00000
__CFG_IESO$ON                        (abs)        00000
__CFG_LPBOR$OFF                      (abs)        00000
__CFG_LVP$ON                         (abs)        00000
__CFG_MCLRE$ON                       (abs)        00000
__CFG_PLLEN$OFF                      (abs)        00000
__CFG_PPS1WAY$ON                     (abs)        00000
__CFG_PWRTE$OFF                      (abs)        00000
__CFG_STVREN$ON                      (abs)        00000
__CFG_WDTCCS$SWC                     (abs)        00000
__CFG_WDTCPS$WDTCPS1F                (abs)        00000
__CFG_WDTCWS$WDTCWSSW                (abs)        00000
__CFG_WDTE$OFF                       (abs)        00000
__CFG_WRT$OFF                        (abs)        00000
__CFG_ZCD$OFF                        (abs)        00000
__Habs1                              abs1         00000
__Hbank0                             bank0        00000
__Hbank1                             bank1        00000
__Hbank10                            bank10       00000
__Hbank11                            bank11       00000
__Hbank12                            bank12       00000
__Hbank13                            bank13       00000
__Hbank14                            bank14       00000
__Hbank15                            bank15       00000
__Hbank16                            bank16       00000
__Hbank17                            bank17       00000
__Hbank18                            bank18       00000
__Hbank19                            bank19       00000
__Hbank2                             bank2        00000
__Hbank20                            bank20       00000
__Hbank21                            bank21       00000
__Hbank22                            bank22       00000
__Hbank23                            bank23       00000
__Hbank24                            bank24       00000
__Hbank25                            bank25       00000
__Hbank26                            bank26       00000
__Hbank27                            bank27       00000
__Hbank28                            bank28       00000
__Hbank29                            bank29       00000
__Hbank3                             bank3        00000
__Hbank30                            bank30       00000
__Hbank31                            bank31       00000
__Hbank4                             bank4        00000
__Hbank5                             bank5        00000
__Hbank6                             bank6        00000
__Hbank7                             bank7        00000
__Hbank8                             bank8        00000
__Hbank9                             bank9        00000
__Hbigram                            bigram       00000
__HbssBANK0                          bssBANK0     00000
__HbssCOMMON                         bssCOMMON    00000
__Hcinit                             cinit        00035
__Hclrtext                           clrtext      00000
__Hcode                              code         00000
__Hcommon                            common       00000
__Hconfig                            config       0800A
__HcstackBANK0                       cstackBANK0  00000
__HcstackCOMMON                      cstackCOMMON 00000
__Heeprom_data                       eeprom_data  00000
__Hend_init                          end_init     00024
__Hfunctab                           functab      00000
__Hidloc                             idloc        00000
__Hinit                              init         00022
__Hintentry                          intentry     00022
__Hmaintext                          maintext     00000
__Hpowerup                           powerup      00000
__Hram                               ram          00000
__Hreset_vec                         reset_vec    00003
__Hsfr0                              sfr0         00000
__Hsfr1                              sfr1         00000
__Hsfr10                             sfr10        00000
__Hsfr11                             sfr11        00000
__Hsfr12                             sfr12        00000
__Hsfr13                             sfr13        00000
__Hsfr14                             sfr14        00000
__Hsfr15                             sfr15        00000
__Hsfr16                             sfr16        00000
__Hsfr17                             sfr17        00000
__Hsfr18                             sfr18        00000
__Hsfr19                             sfr19        00000
__Hsfr2                              sfr2         00000
__Hsfr20                             sfr20        00000
__Hsfr21                             sfr21        00000
__Hsfr22                             sfr22        00000
__Hsfr23                             sfr23        00000
__Hsfr24                             sfr24        00000
__Hsfr25                             sfr25        00000
__Hsfr26                             sfr26        00000
__Hsfr27                             sfr27        00000
__Hsfr28                             sfr28        00000
__Hsfr29                             sfr29        00000
__Hsfr3                              sfr3         00000
__Hsfr30                             sfr30        00000
__Hsfr31                             sfr31        00000
__Hsfr4                              sfr4         00000
__Hsfr5                              sfr5         00000
__Hsfr6                              sfr6         00000
__Hsfr7                              sfr7         00000
__Hsfr8                              sfr8         00000
__Hsfr9                              sfr9         00000
__Hspace_0                           (abs)        0800A
__Hspace_1                           (abs)        0007C
__Hspace_2                           (abs)        00000
__Hspace_3                           (abs)        00000
__Hstack                             stack        00000
__Hstrings                           strings      00000
__Htext                              text         00000
__Labs1                              abs1         00000
__Lbank0                             bank0        00000
__Lbank1                             bank1        00000
__Lbank10                            bank10       00000
__Lbank11                            bank11       00000
__Lbank12                            bank12       00000
__Lbank13                            bank13       00000
__Lbank14                            bank14       00000
__Lbank15                            bank15       00000
__Lbank16                            bank16       00000
__Lbank17                            bank17       00000
__Lbank18                            bank18       00000
__Lbank19                            bank19       00000
__Lbank2                             bank2        00000
__Lbank20                            bank20       00000
__Lbank21                            bank21       00000
__Lbank22                            bank22       00000
__Lbank23                            bank23       00000
__Lbank24                            bank24       00000
__Lbank25                            bank25       00000
__Lbank26                            bank26       00000
__Lbank27                            bank27       00000
__Lbank28                            bank28       00000
__Lbank29                            bank29       00000
__Lbank3                             bank3        00000
__Lbank30                            bank30       00000
__Lbank31                            bank31       00000
__Lbank4                             bank4        00000
__Lbank5                             bank5        00000
__Lbank6                             bank6        00000
__Lbank7                             bank7        00000
__Lbank8                             bank8        00000
__Lbank9                             bank9        00000
__Lbigram                            bigram       00000
__LbssBANK0                          bssBANK0     00000
__LbssCOMMON                         bssCOMMON    00000
__Lcinit                             cinit        00024
__Lclrtext                           clrtext      00000
__Lcode                              code         00000
__Lcommon                            common       00000
__Lconfig                            config       08007
__LcstackBANK0                       cstackBANK0  00000
__LcstackCOMMON                      cstackCOMMON 00000
__Leeprom_data                       eeprom_data  00000
__Lend_init                          end_init     00022
__Lfunctab                           functab      00000
__Lidloc                             idloc        00000
__Linit                              init         00022
__Lintentry                          intentry     00004
__Lmaintext                          maintext     00000
__Lpowerup                           powerup      00000
__Lram                               ram          00000
__Lreset_vec                         reset_vec    00000
__Lsfr0                              sfr0         00000
__Lsfr1                              sfr1         00000
__Lsfr10                             sfr10        00000
__Lsfr11                             sfr11        00000
__Lsfr12                             sfr12        00000
__Lsfr13                             sfr13        00000
__Lsfr14                             sfr14        00000
__Lsfr15                             sfr15        00000
__Lsfr16                             sfr16        00000
__Lsfr17                             sfr17        00000
__Lsfr18                             sfr18        00000
__Lsfr19                             sfr19        00000
__Lsfr2                              sfr2         00000
__Lsfr20                             sfr20        00000
__Lsfr21                             sfr21        00000
__Lsfr22                             sfr22        00000
__Lsfr23                             sfr23        00000
__Lsfr24                             sfr24        00000
__Lsfr25                             sfr25        00000
__Lsfr26                             sfr26        00000
__Lsfr27                             sfr27        00000
__Lsfr28                             sfr28        00000
__Lsfr29                             sfr29        00000
__Lsfr3                              sfr3         00000
__Lsfr30                             sfr30        00000
__Lsfr31                             sfr31        00000
__Lsfr4                              sfr4         00000
__Lsfr5                              sfr5         00000
__Lsfr6                              sfr6         00000
__Lsfr7                              sfr7         00000
__Lsfr8                              sfr8         00000
__Lsfr9                              sfr9         00000
__Lspace_0                           (abs)        00000
__Lspace_1                           (abs)        00000
__Lspace_2                           (abs)        00000
__Lspace_3                           (abs)        00000
__Lstack                             stack        00000
__Lstrings                           strings      00000
__Ltext                              text         00000
__S0                                 (abs)        0800A
__S1                                 (abs)        0007C
__S2                                 (abs)        00000
___bmul                              text24       006F1
___bmul@multiplicand                 cstackBANK0  00020
___bmul@multiplier                   cstackBANK0  00023
___bmul@product                      cstackBANK0  00022
___int_sp                            stack        00000
___latbits                           (abs)        00002
___sp                                stack        00000
__end_of_FSM                         text4        00643
__end_of_I2C_BusCollisionISR         text32       00772
__end_of_I2C_FunctionComplete        text31       00723
__end_of_I2C_ISR                     text29       002C1
__end_of_I2C_Stop                    text30       0076F
__end_of_INTERRUPT_InterruptManager  intentry     00022
__end_of_OSCILLATOR_Initialize       text27       00759
__end_of_PIN_MANAGER_Initialize      text26       00621
__end_of_SYSTEM_Initialize           text25       0076B
__end_of___bmul                      text24       00703
__end_of__initialization             cinit        00031
__end_of_bitExtracted                text22       006CB
__end_of_changeHeure                 text17       0067F
__end_of_changeMin                   text11       00661
__end_of_convertFromBcd              text23       0069D
__end_of_incrHeure                   text12       00402
__end_of_incrMin                     text9        0045A
__end_of_initI2C                     text8        0053B
__end_of_initRTC                     text7        004FF
__end_of_initRW1063                  text5        00713
__end_of_main                        maintext     00193
__end_of_printReglageH               text2        003A2
__end_of_re_startI2C                 text16       00742
__end_of_readHr                      text13       005F8
__end_of_readI2C                     text15       006F1
__end_of_readMin                     text10       005CC
__end_of_readSec                     text1        005A0
__end_of_sendI2C                     text20       00731
__end_of_sendNoAckI2C                text14       00765
__end_of_startI2C                    text19       0073A
__end_of_stopI2C                     text18       0074A
__end_of_waitI2C                     text21       00752
__end_of_writeData                   text3        004AE
__end_of_writeInst                   text6        00574
__initialization                     cinit        00024
__pbssBANK0                          bssBANK0     00040
__pbssCOMMON                         bssCOMMON    00070
__pcstackBANK0                       cstackBANK0  00020
__pcstackCOMMON                      cstackCOMMON 00076
__pintentry                          intentry     00004
__pmaintext                          maintext     00035
__pswtext1                           swtext1      006CB
__pswtext2                           swtext2      0069D
__ptext1                             text1        00574
__ptext10                            text10       005A0
__ptext11                            text11       00643
__ptext12                            text12       003A2
__ptext13                            text13       005CC
__ptext14                            text14       0075F
__ptext15                            text15       006DF
__ptext16                            text16       0073A
__ptext17                            text17       00661
__ptext18                            text18       00742
__ptext19                            text19       00731
__ptext2                             text2        002C1
__ptext20                            text20       00723
__ptext21                            text21       0074A
__ptext22                            text22       006B5
__ptext23                            text23       0067F
__ptext24                            text24       006F1
__ptext25                            text25       00765
__ptext26                            text26       005F8
__ptext27                            text27       00752
__ptext29                            text29       00193
__ptext3                             text3        0045A
__ptext30                            text30       0076B
__ptext31                            text31       00713
__ptext32                            text32       0076F
__ptext4                             text4        00621
__ptext5                             text5        00703
__ptext6                             text6        0053B
__ptext7                             text7        004AE
__ptext8                             text8        004FF
__ptext9                             text9        00402
__size_of_FSM                        (abs)        00000
__size_of_I2C_BusCollisionISR        (abs)        00000
__size_of_I2C_FunctionComplete       (abs)        00000
__size_of_I2C_ISR                    (abs)        00000
__size_of_I2C_Stop                   (abs)        00000
__size_of_INTERRUPT_InterruptManager (abs)        00000
__size_of_OSCILLATOR_Initialize      (abs)        00000
__size_of_PIN_MANAGER_Initialize     (abs)        00000
__size_of_SYSTEM_Initialize          (abs)        00000
__size_of___bmul                     (abs)        00000
__size_of_bitExtracted               (abs)        00000
__size_of_changeHeure                (abs)        00000
__size_of_changeMin                  (abs)        00000
__size_of_convertFromBcd             (abs)        00000
__size_of_incrHeure                  (abs)        00000
__size_of_incrMin                    (abs)        00000
__size_of_initI2C                    (abs)        00000
__size_of_initRTC                    (abs)        00000
__size_of_initRW1063                 (abs)        00000
__size_of_main                       (abs)        00000
__size_of_printReglageH              (abs)        00000
__size_of_re_startI2C                (abs)        00000
__size_of_readHr                     (abs)        00000
__size_of_readI2C                    (abs)        00000
__size_of_readMin                    (abs)        00000
__size_of_readSec                    (abs)        00000
__size_of_sendI2C                    (abs)        00000
__size_of_sendNoAckI2C               (abs)        00000
__size_of_startI2C                   (abs)        00000
__size_of_stopI2C                    (abs)        00000
__size_of_waitI2C                    (abs)        00000
__size_of_writeData                  (abs)        00000
__size_of_writeInst                  (abs)        00000
_bitExtracted                        text22       006B5
_changeHeure                         text17       00661
_changeMin                           text11       00643
_convertFromBcd                      text23       0067F
_i2c_object                          bssBANK0     00040
_i2c_state                           bssCOMMON    00073
_i2c_tr_queue                        bssBANK0     00050
_i2c_trb_count                       bssCOMMON    00072
_incrHeure                           text12       003A2
_incrMin                             text9        00402
_initI2C                             text8        004FF
_initRTC                             text7        004AE
_initRW1063                          text5        00703
_main                                maintext     00035
_p_i2c_current                       bssBANK0     00047
_p_i2c_trb_current                   bssCOMMON    00071
_printReglageH                       text2        002C1
_re_startI2C                         text16       0073A
_readHr                              text13       005CC
_readI2C                             text15       006DF
_readMin                             text10       005A0
_readSec                             text1        00574
_sendI2C                             text20       00723
_sendNoAckI2C                        text14       0075F
_startI2C                            text19       00731
_stopI2C                             text18       00742
_waitI2C                             text21       0074A
_writeData                           text3        0045A
_writeInst                           text6        0053B
bitExtracted@k                       cstackBANK0  00020
bitExtracted@number                  cstackBANK0  00024
bitExtracted@p                       cstackBANK0  00021
btemp                                (abs)        0007E
changeHeure@heure                    cstackBANK0  00021
changeMin@minute                     cstackBANK0  00021
clear_ram0                           clrtext      00759
convertFromBcd@byteBCD               cstackBANK0  00028
convertFromBcd@byteLSB               cstackBANK0  00027
convertFromBcd@byteMSB               cstackBANK0  00026
end_of_initialization                cinit        00031
incrHeure@dizaineH                   cstackBANK0  00028
incrHeure@heure                      cstackBANK0  0002A
incrHeure@uniteH                     cstackBANK0  00029
incrMin@dizaineM                     cstackBANK0  00028
incrMin@minute                       cstackBANK0  0002A
incrMin@uniteM                       cstackBANK0  00029
initI2C@i                            cstackBANK0  00021
int$flags                            (abs)        0007E
intlevel0                            functab      00000
intlevel1                            functab      00000
intlevel2                            functab      00000
intlevel3                            functab      00000
intlevel4                            functab      00000
intlevel5                            functab      00000
main@buffer                          cstackBANK0  00034
main@dizaineH                        cstackBANK0  0003A
main@dizaineM                        cstackBANK0  00038
main@dizaineS                        cstackBANK0  00036
main@heure                           cstackBANK0  0003E
main@menu                            cstackBANK0  0003B
main@minute                          cstackBANK0  0003D
main@second                          cstackBANK0  0003F
main@select                          cstackBANK0  0003C
main@uniteH                          cstackBANK0  00039
main@uniteM                          cstackBANK0  00037
main@uniteS                          cstackBANK0  00035
printReglageH@dizaineH               cstackBANK0  0002D
printReglageH@dizaineM               cstackBANK0  0002B
printReglageH@heure                  cstackBANK0  00030
printReglageH@minute                 cstackBANK0  0002F
printReglageH@uniteH                 cstackBANK0  0002E
printReglageH@uniteM                 cstackBANK0  0002C
readHr@heure                         cstackBANK0  00023
readI2C@temp                         cstackBANK0  00021
readMin@minute                       cstackBANK0  00023
readSec@second                       cstackBANK0  00023
reset_vec                            reset_vec    00000
sendI2C@data                         cstackBANK0  00020
stackhi                              (abs)        023EF
stacklo                              (abs)        02033
start                                init         00022
start_initialization                 cinit        00024
writeData@adress                     cstackBANK0  00023
writeData@data                       cstackBANK0  00026
writeData@i                          cstackBANK0  00027
writeData@ligne                      cstackBANK0  00024
writeInst@Inst                       cstackBANK0  00022
wtemp0                               (abs)        0007E


FUNCTION INFORMATION:

 *************** function _main *****************
 Defined at:
		line 293 in file "main.c"
 Parameters:    Size  Location     Type
		None
 Auto vars:     Size  Location     Type
  second          1   31[BANK0 ] unsigned char 
  heure           1   30[BANK0 ] unsigned char 
  minute          1   29[BANK0 ] unsigned char 
  select          1   28[BANK0 ] unsigned char 
  menu            1   27[BANK0 ] unsigned char 
  dizaineH        1   26[BANK0 ] unsigned char 
  uniteH          1   25[BANK0 ] unsigned char 
  dizaineM        1   24[BANK0 ] unsigned char 
  uniteM          1   23[BANK0 ] unsigned char 
  dizaineS        1   22[BANK0 ] unsigned char 
  uniteS          1   21[BANK0 ] unsigned char 
  buffer          1   20[BANK0 ] unsigned char 
 Return value:  Size  Location     Type
                  1    wreg      void 
 Registers used:
		wreg, fsr0l, fsr0h, status,2, status,0, pclath, cstack
 Tracked objects:
		On entry : 
		On exit  : 
		Unchanged: 
 Data sizes:     COMMON   BANK0   BANK1   BANK2   BANK3   BANK4   BANK5   BANK6   BANK7   BANK8   BANK9  BANK10  BANK11  BANK12
      Params:         0       0       0       0       0       0       0       0       0       0       0       0       0       0
      Locals:         0      12       0       0       0       0       0       0       0       0       0       0       0       0
      Temps:          0       3       0       0       0       0       0       0       0       0       0       0       0       0
      Totals:         0      15       0       0       0       0       0       0       0       0       0       0       0       0
Total ram usage:       15 bytes
 Hardware stack levels required when called:    8
 This function calls:
		_FSM
		_SYSTEM_Initialize
		_bitExtracted
		_convertFromBcd
		_incrHeure
		_incrMin
		_initI2C
		_initRTC
		_initRW1063
		_printReglageH
		_readHr
		_readMin
		_readSec
		_writeData
		_writeInst
 This function is called by:
		Startup code after reset
 This function uses a non-reentrant model


 *************** function _readSec *****************
 Defined at:
		line 164 in file "main.c"
 Parameters:    Size  Location     Type
		None
 Auto vars:     Size  Location     Type
  second          1    3[BANK0 ] unsigned char 
 Return value:  Size  Location     Type
                  1    wreg      unsigned char 
 Registers used:
		wreg, status,2, status,0, pclath, cstack
 Tracked objects:
		On entry : 
		On exit  : 
		Unchanged: 
 Data sizes:     COMMON   BANK0   BANK1   BANK2   BANK3   BANK4   BANK5   BANK6   BANK7   BANK8   BANK9  BANK10  BANK11  BANK12
      Params:         0       0       0       0       0       0       0       0       0       0       0       0       0       0
      Locals:         0       1       0       0       0       0       0       0       0       0       0       0       0       0
      Temps:          0       1       0       0       0       0       0       0       0       0       0       0       0       0
      Totals:         0       2       0       0       0       0       0       0       0       0       0       0       0       0
Total ram usage:        2 bytes
 Hardware stack levels used:    1
 Hardware stack levels required when called:    5
 This function calls:
		_re_startI2C
		_readI2C
		_sendI2C
		_sendNoAckI2C
		_startI2C
		_stopI2C
 This function is called by:
		_main
 This function uses a non-reentrant model


 *************** function _printReglageH *****************
 Defined at:
		line 212 in file "main.c"
 Parameters:    Size  Location     Type
		None
 Auto vars:     Size  Location     Type
  heure           1   16[BANK0 ] unsigned char 
  minute          1   15[BANK0 ] unsigned char 
  uniteH          1   14[BANK0 ] unsigned char 
  dizaineH        1   13[BANK0 ] unsigned char 
  uniteM          1   12[BANK0 ] unsigned char 
  dizaineM        1   11[BANK0 ] unsigned char 
 Return value:  Size  Location     Type
                  1    wreg      void 
 Registers used:
		wreg, fsr0l, fsr0h, status,2, status,0, pclath, cstack
 Tracked objects:
		On entry : 
		On exit  : 
		Unchanged: 
 Data sizes:     COMMON   BANK0   BANK1   BANK2   BANK3   BANK4   BANK5   BANK6   BANK7   BANK8   BANK9  BANK10  BANK11  BANK12
      Params:         0       0       0       0       0       0       0       0       0       0       0       0       0       0
      Locals:         0       6       0       0       0       0       0       0       0       0       0       0       0       0
      Temps:          0       3       0       0       0       0       0       0       0       0       0       0       0       0
      Totals:         0       9       0       0       0       0       0       0       0       0       0       0       0       0
Total ram usage:        9 bytes
 Hardware stack levels used:    1
 Hardware stack levels required when called:    7
 This function calls:
		_FSM
		_bitExtracted
		_readHr
		_readMin
		_writeData
		_writeInst
 This function is called by:
		_main
 This function uses a non-reentrant model


 *************** function _writeData *****************
 Defined at:
		line 20 in file "main.c"
 Parameters:    Size  Location     Type
  data            1    wreg     unsigned char 
  adress          1    3[BANK0 ] unsigned char 
  ligne           1    4[BANK0 ] unsigned char 
 Auto vars:     Size  Location     Type
  data            1    6[BANK0 ] unsigned char 
  i               1    7[BANK0 ] unsigned char 
 Return value:  Size  Location     Type
                  1    wreg      void 
 Registers used:
		wreg, status,2, status,0, pclath, cstack
 Tracked objects:
		On entry : 
		On exit  : 
		Unchanged: 
 Data sizes:     COMMON   BANK0   BANK1   BANK2   BANK3   BANK4   BANK5   BANK6   BANK7   BANK8   BANK9  BANK10  BANK11  BANK12
      Params:         0       2       0       0       0       0       0       0       0       0       0       0       0       0
      Locals:         0       2       0       0       0       0       0       0       0       0       0       0       0       0
      Temps:          0       1       0       0       0       0       0       0       0       0       0       0       0       0
      Totals:         0       5       0       0       0       0       0       0       0       0       0       0       0       0
Total ram usage:        5 bytes
 Hardware stack levels used:    1
 Hardware stack levels required when called:    6
 This function calls:
		_sendI2C
		_startI2C
		_stopI2C
		_writeInst
 This function is called by:
		_printReglageH
		_main
 This function uses a non-reentrant model


 *************** function _FSM *****************
 Defined at:
		line 91 in file "main.c"
 Parameters:    Size  Location     Type
  IN              1    wreg     unsigned char 
 Auto vars:     Size  Location     Type
  IN              1    0[BANK0 ] unsigned char 
 Return value:  Size  Location     Type
                  1    wreg      unsigned char 
 Registers used:
		wreg, fsr0l, fsr0h, status,2, status,0
 Tracked objects:
		On entry : 
		On exit  : 
		Unchanged: 
 Data sizes:     COMMON   BANK0   BANK1   BANK2   BANK3   BANK4   BANK5   BANK6   BANK7   BANK8   BANK9  BANK10  BANK11  BANK12
      Params:         0       0       0       0       0       0       0       0       0       0       0       0       0       0
      Locals:         0       1       0       0       0       0       0       0       0       0       0       0       0       0
      Temps:          0       0       0       0       0       0       0       0       0       0       0       0       0       0
      Totals:         0       1       0       0       0       0       0       0       0       0       0       0       0       0
Total ram usage:        1 bytes
 Hardware stack levels used:    1
 Hardware stack levels required when called:    3
 This function calls:
		Nothing
 This function is called by:
		_printReglageH
		_main
 This function uses a non-reentrant model


 *************** function _initRW1063 *****************
 Defined at:
		line 43 in file "main.c"
 Parameters:    Size  Location     Type
		None
 Auto vars:     Size  Location     Type
		None
 Return value:  Size  Location     Type
                  1    wreg      void 
 Registers used:
		wreg, status,2, status,0, pclath, cstack
 Tracked objects:
		On entry : 
		On exit  : 
		Unchanged: 
 Data sizes:     COMMON   BANK0   BANK1   BANK2   BANK3   BANK4   BANK5   BANK6   BANK7   BANK8   BANK9  BANK10  BANK11  BANK12
      Params:         0       0       0       0       0       0       0       0       0       0       0       0       0       0
      Locals:         0       0       0       0       0       0       0       0       0       0       0       0       0       0
      Temps:          0       0       0       0       0       0       0       0       0       0       0       0       0       0
      Totals:         0       0       0       0       0       0       0       0       0       0       0       0       0       0
Total ram usage:        0 bytes
 Hardware stack levels used:    1
 Hardware stack levels required when called:    6
 This function calls:
		_writeInst
 This function is called by:
		_main
 This function uses a non-reentrant model


 *************** function _writeInst *****************
 Defined at:
		line 5 in file "main.c"
 Parameters:    Size  Location     Type
  Inst            1    wreg     unsigned char 
 Auto vars:     Size  Location     Type
  Inst            1    2[BANK0 ] unsigned char 
 Return value:  Size  Location     Type
                  1    wreg      void 
 Registers used:
		wreg, status,2, status,0, pclath, cstack
 Tracked objects:
		On entry : 
		On exit  : 
		Unchanged: 
 Data sizes:     COMMON   BANK0   BANK1   BANK2   BANK3   BANK4   BANK5   BANK6   BANK7   BANK8   BANK9  BANK10  BANK11  BANK12
      Params:         0       0       0       0       0       0       0       0       0       0       0       0       0       0
      Locals:         0       1       0       0       0       0       0       0       0       0       0       0       0       0
      Temps:          0       1       0       0       0       0       0       0       0       0       0       0       0       0
      Totals:         0       2       0       0       0       0       0       0       0       0       0       0       0       0
Total ram usage:        2 bytes
 Hardware stack levels used:    1
 Hardware stack levels required when called:    5
 This function calls:
		_sendI2C
		_startI2C
		_stopI2C
 This function is called by:
		_writeData
		_initRW1063
		_printReglageH
		_main
 This function uses a non-reentrant model


 *************** function _initRTC *****************
 Defined at:
		line 50 in file "main.c"
 Parameters:    Size  Location     Type
		None
 Auto vars:     Size  Location     Type
		None
 Return value:  Size  Location     Type
                  1    wreg      void 
 Registers used:
		wreg, status,2, status,0, pclath, cstack
 Tracked objects:
		On entry : 
		On exit  : 
		Unchanged: 
 Data sizes:     COMMON   BANK0   BANK1   BANK2   BANK3   BANK4   BANK5   BANK6   BANK7   BANK8   BANK9  BANK10  BANK11  BANK12
      Params:         0       0       0       0       0       0       0       0       0       0       0       0       0       0
      Locals:         0       0       0       0       0       0       0       0       0       0       0       0       0       0
      Temps:          0       0       0       0       0       0       0       0       0       0       0       0       0       0
      Totals:         0       0       0       0       0       0       0       0       0       0       0       0       0       0
Total ram usage:        0 bytes
 Hardware stack levels used:    1
 Hardware stack levels required when called:    5
 This function calls:
		_sendI2C
		_startI2C
		_stopI2C
 This function is called by:
		_main
 This function uses a non-reentrant model


 *************** function _initI2C *****************
 Defined at:
		line 5 in file "i2c.c"
 Parameters:    Size  Location     Type
		None
 Auto vars:     Size  Location     Type
  i               2    1[BANK0 ] int 
 Return value:  Size  Location     Type
                  1    wreg      void 
 Registers used:
		wreg, status,2
 Tracked objects:
		On entry : 
		On exit  : 
		Unchanged: 
 Data sizes:     COMMON   BANK0   BANK1   BANK2   BANK3   BANK4   BANK5   BANK6   BANK7   BANK8   BANK9  BANK10  BANK11  BANK12
      Params:         0       0       0       0       0       0       0       0       0       0       0       0       0       0
      Locals:         0       2       0       0       0       0       0       0       0       0       0       0       0       0
      Temps:          0       1       0       0       0       0       0       0       0       0       0       0       0       0
      Totals:         0       3       0       0       0       0       0       0       0       0       0       0       0       0
Total ram usage:        3 bytes
 Hardware stack levels used:    1
 Hardware stack levels required when called:    3
 This function calls:
		Nothing
 This function is called by:
		_main
 This function uses a non-reentrant model


 *************** function _incrMin *****************
 Defined at:
		line 240 in file "main.c"
 Parameters:    Size  Location     Type
		None
 Auto vars:     Size  Location     Type
  minute          1   10[BANK0 ] unsigned char 
  uniteM          1    9[BANK0 ] unsigned char 
  dizaineM        1    8[BANK0 ] unsigned char 
 Return value:  Size  Location     Type
                  1    wreg      void 
 Registers used:
		wreg, status,2, status,0, pclath, cstack
 Tracked objects:
		On entry : 
		On exit  : 
		Unchanged: 
 Data sizes:     COMMON   BANK0   BANK1   BANK2   BANK3   BANK4   BANK5   BANK6   BANK7   BANK8   BANK9  BANK10  BANK11  BANK12
      Params:         0       0       0       0       0       0       0       0       0       0       0       0       0       0
      Locals:         0       3       0       0       0       0       0       0       0       0       0       0       0       0
      Temps:          0       3       0       0       0       0       0       0       0       0       0       0       0       0
      Totals:         0       6       0       0       0       0       0       0       0       0       0       0       0       0
Total ram usage:        6 bytes
 Hardware stack levels used:    1
 Hardware stack levels required when called:    6
 This function calls:
		_bitExtracted
		_changeMin
		_readMin
 This function is called by:
		_main
 This function uses a non-reentrant model


 *************** function _readMin *****************
 Defined at:
		line 180 in file "main.c"
 Parameters:    Size  Location     Type
		None
 Auto vars:     Size  Location     Type
  minute          1    3[BANK0 ] unsigned char 
 Return value:  Size  Location     Type
                  1    wreg      unsigned char 
 Registers used:
		wreg, status,2, status,0, pclath, cstack
 Tracked objects:
		On entry : 
		On exit  : 
		Unchanged: 
 Data sizes:     COMMON   BANK0   BANK1   BANK2   BANK3   BANK4   BANK5   BANK6   BANK7   BANK8   BANK9  BANK10  BANK11  BANK12
      Params:         0       0       0       0       0       0       0       0       0       0       0       0       0       0
      Locals:         0       1       0       0       0       0       0       0       0       0       0       0       0       0
      Temps:          0       1       0       0       0       0       0       0       0       0       0       0       0       0
      Totals:         0       2       0       0       0       0       0       0       0       0       0       0       0       0
Total ram usage:        2 bytes
 Hardware stack levels used:    1
 Hardware stack levels required when called:    5
 This function calls:
		_re_startI2C
		_readI2C
		_sendI2C
		_sendNoAckI2C
		_startI2C
		_stopI2C
 This function is called by:
		_printReglageH
		_incrMin
		_main
 This function uses a non-reentrant model


 *************** function _changeMin *****************
 Defined at:
		line 140 in file "main.c"
 Parameters:    Size  Location     Type
  minute          1    wreg     unsigned char 
 Auto vars:     Size  Location     Type
  minute          1    1[BANK0 ] unsigned char 
 Return value:  Size  Location     Type
                  1    wreg      void 
 Registers used:
		wreg, status,2, status,0, pclath, cstack
 Tracked objects:
		On entry : 
		On exit  : 
		Unchanged: 
 Data sizes:     COMMON   BANK0   BANK1   BANK2   BANK3   BANK4   BANK5   BANK6   BANK7   BANK8   BANK9  BANK10  BANK11  BANK12
      Params:         0       0       0       0       0       0       0       0       0       0       0       0       0       0
      Locals:         0       1       0       0       0       0       0       0       0       0       0       0       0       0
      Temps:          0       0       0       0       0       0       0       0       0       0       0       0       0       0
      Totals:         0       1       0       0       0       0       0       0       0       0       0       0       0       0
Total ram usage:        1 bytes
 Hardware stack levels used:    1
 Hardware stack levels required when called:    5
 This function calls:
		_sendI2C
		_startI2C
		_stopI2C
 This function is called by:
		_incrMin
 This function uses a non-reentrant model


 *************** function _incrHeure *****************
 Defined at:
		line 266 in file "main.c"
 Parameters:    Size  Location     Type
		None
 Auto vars:     Size  Location     Type
  heure           1   10[BANK0 ] unsigned char 
  uniteH          1    9[BANK0 ] unsigned char 
  dizaineH        1    8[BANK0 ] unsigned char 
 Return value:  Size  Location     Type
                  1    wreg      void 
 Registers used:
		wreg, status,2, status,0, pclath, cstack
 Tracked objects:
		On entry : 
		On exit  : 
		Unchanged: 
 Data sizes:     COMMON   BANK0   BANK1   BANK2   BANK3   BANK4   BANK5   BANK6   BANK7   BANK8   BANK9  BANK10  BANK11  BANK12
      Params:         0       0       0       0       0       0       0       0       0       0       0       0       0       0
      Locals:         0       3       0       0       0       0       0       0       0       0       0       0       0       0
      Temps:          0       3       0       0       0       0       0       0       0       0       0       0       0       0
      Totals:         0       6       0       0       0       0       0       0       0       0       0       0       0       0
Total ram usage:        6 bytes
 Hardware stack levels used:    1
 Hardware stack levels required when called:    6
 This function calls:
		_bitExtracted
		_changeHeure
		_readHr
 This function is called by:
		_main
 This function uses a non-reentrant model


 *************** function _readHr *****************
 Defined at:
		line 196 in file "main.c"
 Parameters:    Size  Location     Type
		None
 Auto vars:     Size  Location     Type
  heure           1    3[BANK0 ] unsigned char 
 Return value:  Size  Location     Type
                  1    wreg      unsigned char 
 Registers used:
		wreg, status,2, status,0, pclath, cstack
 Tracked objects:
		On entry : 
		On exit  : 
		Unchanged: 
 Data sizes:     COMMON   BANK0   BANK1   BANK2   BANK3   BANK4   BANK5   BANK6   BANK7   BANK8   BANK9  BANK10  BANK11  BANK12
      Params:         0       0       0       0       0       0       0       0       0       0       0       0       0       0
      Locals:         0       1       0       0       0       0       0       0       0       0       0       0       0       0
      Temps:          0       1       0       0       0       0       0       0       0       0       0       0       0       0
      Totals:         0       2       0       0       0       0       0       0       0       0       0       0       0       0
Total ram usage:        2 bytes
 Hardware stack levels used:    1
 Hardware stack levels required when called:    5
 This function calls:
		_re_startI2C
		_readI2C
		_sendI2C
		_sendNoAckI2C
		_startI2C
		_stopI2C
 This function is called by:
		_printReglageH
		_incrHeure
		_main
 This function uses a non-reentrant model


 *************** function _sendNoAckI2C *****************
 Defined at:
		line 88 in file "i2c.c"
 Parameters:    Size  Location     Type
		None
 Auto vars:     Size  Location     Type
		None
 Return value:  Size  Location     Type
                  1    wreg      void 
 Registers used:
		wreg, status,2, status,0, pclath, cstack
 Tracked objects:
		On entry : 
		On exit  : 
		Unchanged: 
 Data sizes:     COMMON   BANK0   BANK1   BANK2   BANK3   BANK4   BANK5   BANK6   BANK7   BANK8   BANK9  BANK10  BANK11  BANK12
      Params:         0       0       0       0       0       0       0       0       0       0       0       0       0       0
      Locals:         0       0       0       0       0       0       0       0       0       0       0       0       0       0
      Temps:          0       0       0       0       0       0       0       0       0       0       0       0       0       0
      Totals:         0       0       0       0       0       0       0       0       0       0       0       0       0       0
Total ram usage:        0 bytes
 Hardware stack levels used:    1
 Hardware stack levels required when called:    4
 This function calls:
		_waitI2C
 This function is called by:
		_readSec
		_readMin
		_readHr
 This function uses a non-reentrant model


 *************** function _readI2C *****************
 Defined at:
		line 64 in file "i2c.c"
 Parameters:    Size  Location     Type
		None
 Auto vars:     Size  Location     Type
  temp            1    1[BANK0 ] unsigned char 
 Return value:  Size  Location     Type
                  1    wreg      unsigned char 
 Registers used:
		wreg, status,2, status,0, pclath, cstack
 Tracked objects:
		On entry : 
		On exit  : 
		Unchanged: 
 Data sizes:     COMMON   BANK0   BANK1   BANK2   BANK3   BANK4   BANK5   BANK6   BANK7   BANK8   BANK9  BANK10  BANK11  BANK12
      Params:         0       0       0       0       0       0       0       0       0       0       0       0       0       0
      Locals:         0       1       0       0       0       0       0       0       0       0       0       0       0       0
      Temps:          0       1       0       0       0       0       0       0       0       0       0       0       0       0
      Totals:         0       2       0       0       0       0       0       0       0       0       0       0       0       0
Total ram usage:        2 bytes
 Hardware stack levels used:    1
 Hardware stack levels required when called:    4
 This function calls:
		_waitI2C
 This function is called by:
		_readSec
		_readMin
		_readHr
 This function uses a non-reentrant model


 *************** function _re_startI2C *****************
 Defined at:
		line 75 in file "i2c.c"
 Parameters:    Size  Location     Type
		None
 Auto vars:     Size  Location     Type
		None
 Return value:  Size  Location     Type
                  1    wreg      void 
 Registers used:
		wreg, status,2, status,0, pclath, cstack
 Tracked objects:
		On entry : 
		On exit  : 
		Unchanged: 
 Data sizes:     COMMON   BANK0   BANK1   BANK2   BANK3   BANK4   BANK5   BANK6   BANK7   BANK8   BANK9  BANK10  BANK11  BANK12
      Params:         0       0       0       0       0       0       0       0       0       0       0       0       0       0
      Locals:         0       0       0       0       0       0       0       0       0       0       0       0       0       0
      Temps:          0       0       0       0       0       0       0       0       0       0       0       0       0       0
      Totals:         0       0       0       0       0       0       0       0       0       0       0       0       0       0
Total ram usage:        0 bytes
 Hardware stack levels used:    1
 Hardware stack levels required when called:    4
 This function calls:
		_waitI2C
 This function is called by:
		_readSec
		_readMin
		_readHr
 This function uses a non-reentrant model


 *************** function _changeHeure *****************
 Defined at:
		line 152 in file "main.c"
 Parameters:    Size  Location     Type
  heure           1    wreg     unsigned char 
 Auto vars:     Size  Location     Type
  heure           1    1[BANK0 ] unsigned char 
 Return value:  Size  Location     Type
                  1    wreg      void 
 Registers used:
		wreg, status,2, status,0, pclath, cstack
 Tracked objects:
		On entry : 
		On exit  : 
		Unchanged: 
 Data sizes:     COMMON   BANK0   BANK1   BANK2   BANK3   BANK4   BANK5   BANK6   BANK7   BANK8   BANK9  BANK10  BANK11  BANK12
      Params:         0       0       0       0       0       0       0       0       0       0       0       0       0       0
      Locals:         0       1       0       0       0       0       0       0       0       0       0       0       0       0
      Temps:          0       0       0       0       0       0       0       0       0       0       0       0       0       0
      Totals:         0       1       0       0       0       0       0       0       0       0       0       0       0       0
Total ram usage:        1 bytes
 Hardware stack levels used:    1
 Hardware stack levels required when called:    5
 This function calls:
		_sendI2C
		_startI2C
		_stopI2C
 This function is called by:
		_incrHeure
 This function uses a non-reentrant model


 *************** function _stopI2C *****************
 Defined at:
		line 50 in file "i2c.c"
 Parameters:    Size  Location     Type
		None
 Auto vars:     Size  Location     Type
		None
 Return value:  Size  Location     Type
                  1    wreg      void 
 Registers used:
		wreg, status,2, status,0, pclath, cstack
 Tracked objects:
		On entry : 
		On exit  : 
		Unchanged: 
 Data sizes:     COMMON   BANK0   BANK1   BANK2   BANK3   BANK4   BANK5   BANK6   BANK7   BANK8   BANK9  BANK10  BANK11  BANK12
      Params:         0       0       0       0       0       0       0       0       0       0       0       0       0       0
      Locals:         0       0       0       0       0       0       0       0       0       0       0       0       0       0
      Temps:          0       0       0       0       0       0       0       0       0       0       0       0       0       0
      Totals:         0       0       0       0       0       0       0       0       0       0       0       0       0       0
Total ram usage:        0 bytes
 Hardware stack levels used:    1
 Hardware stack levels required when called:    4
 This function calls:
		_waitI2C
 This function is called by:
		_writeInst
		_writeData
		_initRTC
		_changeMin
		_changeHeure
		_readSec
		_readMin
		_readHr
 This function uses a non-reentrant model


 *************** function _startI2C *****************
 Defined at:
		line 40 in file "i2c.c"
 Parameters:    Size  Location     Type
		None
 Auto vars:     Size  Location     Type
		None
 Return value:  Size  Location     Type
                  1    wreg      void 
 Registers used:
		wreg, status,2, status,0, pclath, cstack
 Tracked objects:
		On entry : 
		On exit  : 
		Unchanged: 
 Data sizes:     COMMON   BANK0   BANK1   BANK2   BANK3   BANK4   BANK5   BANK6   BANK7   BANK8   BANK9  BANK10  BANK11  BANK12
      Params:         0       0       0       0       0       0       0       0       0       0       0       0       0       0
      Locals:         0       0       0       0       0       0       0       0       0       0       0       0       0       0
      Temps:          0       0       0       0       0       0       0       0       0       0       0       0       0       0
      Totals:         0       0       0       0       0       0       0       0       0       0       0       0       0       0
Total ram usage:        0 bytes
 Hardware stack levels used:    1
 Hardware stack levels required when called:    4
 This function calls:
		_waitI2C
 This function is called by:
		_writeInst
		_writeData
		_initRTC
		_changeMin
		_changeHeure
		_readSec
		_readMin
		_readHr
 This function uses a non-reentrant model


 *************** function _sendI2C *****************
 Defined at:
		line 56 in file "i2c.c"
 Parameters:    Size  Location     Type
  data            1    wreg     unsigned char 
 Auto vars:     Size  Location     Type
  data            1    0[BANK0 ] unsigned char 
 Return value:  Size  Location     Type
                  1    wreg      void 
 Registers used:
		wreg, status,2, status,0, pclath, cstack
 Tracked objects:
		On entry : 
		On exit  : 
		Unchanged: 
 Data sizes:     COMMON   BANK0   BANK1   BANK2   BANK3   BANK4   BANK5   BANK6   BANK7   BANK8   BANK9  BANK10  BANK11  BANK12
      Params:         0       0       0       0       0       0       0       0       0       0       0       0       0       0
      Locals:         0       1       0       0       0       0       0       0       0       0       0       0       0       0
      Temps:          0       0       0       0       0       0       0       0       0       0       0       0       0       0
      Totals:         0       1       0       0       0       0       0       0       0       0       0       0       0       0
Total ram usage:        1 bytes
 Hardware stack levels used:    1
 Hardware stack levels required when called:    4
 This function calls:
		_waitI2C
 This function is called by:
		_writeInst
		_writeData
		_initRTC
		_changeMin
		_changeHeure
		_readSec
		_readMin
		_readHr
 This function uses a non-reentrant model


 *************** function _waitI2C *****************
 Defined at:
		line 46 in file "i2c.c"
 Parameters:    Size  Location     Type
		None
 Auto vars:     Size  Location     Type
		None
 Return value:  Size  Location     Type
                  1    wreg      void 
 Registers used:
		wreg, status,2
 Tracked objects:
		On entry : 
		On exit  : 
		Unchanged: 
 Data sizes:     COMMON   BANK0   BANK1   BANK2   BANK3   BANK4   BANK5   BANK6   BANK7   BANK8   BANK9  BANK10  BANK11  BANK12
      Params:         0       0       0       0       0       0       0       0       0       0       0       0       0       0
      Locals:         0       0       0       0       0       0       0       0       0       0       0       0       0       0
      Temps:          0       0       0       0       0       0       0       0       0       0       0       0       0       0
      Totals:         0       0       0       0       0       0       0       0       0       0       0       0       0       0
Total ram usage:        0 bytes
 Hardware stack levels used:    1
 Hardware stack levels required when called:    3
 This function calls:
		Nothing
 This function is called by:
		_startI2C
		_stopI2C
		_sendI2C
		_readI2C
		_re_startI2C
		_sendNoAckI2C
		_sendAckI2C
 This function uses a non-reentrant model


 *************** function _bitExtracted *****************
 Defined at:
		line 79 in file "main.c"
 Parameters:    Size  Location     Type
  number          1    wreg     unsigned char 
  k               1    0[BANK0 ] unsigned char 
  p               1    1[BANK0 ] unsigned char 
 Auto vars:     Size  Location     Type
  number          1    4[BANK0 ] unsigned char 
 Return value:  Size  Location     Type
                  1    wreg      unsigned char 
 Registers used:
		wreg, status,2, status,0
 Tracked objects:
		On entry : 
		On exit  : 
		Unchanged: 
 Data sizes:     COMMON   BANK0   BANK1   BANK2   BANK3   BANK4   BANK5   BANK6   BANK7   BANK8   BANK9  BANK10  BANK11  BANK12
      Params:         0       2       0       0       0       0       0       0       0       0       0       0       0       0
      Locals:         0       1       0       0       0       0       0       0       0       0       0       0       0       0
      Temps:          0       2       0       0       0       0       0       0       0       0       0       0       0       0
      Totals:         0       5       0       0       0       0       0       0       0       0       0       0       0       0
Total ram usage:        5 bytes
 Hardware stack levels used:    1
 Hardware stack levels required when called:    3
 This function calls:
		Nothing
 This function is called by:
		_printReglageH
		_incrMin
		_incrHeure
		_main
 This function uses a non-reentrant model


 *************** function _convertFromBcd *****************
 Defined at:
		line 83 in file "main.c"
 Parameters:    Size  Location     Type
  byteBCD         1    wreg     unsigned char 
 Auto vars:     Size  Location     Type
  byteBCD         1    8[BANK0 ] unsigned char 
  byteLSB         1    7[BANK0 ] unsigned char 
  byteMSB         1    6[BANK0 ] unsigned char 
 Return value:  Size  Location     Type
                  1    wreg      unsigned char 
 Registers used:
		wreg, status,2, status,0, pclath, cstack
 Tracked objects:
		On entry : 
		On exit  : 
		Unchanged: 
 Data sizes:     COMMON   BANK0   BANK1   BANK2   BANK3   BANK4   BANK5   BANK6   BANK7   BANK8   BANK9  BANK10  BANK11  BANK12
      Params:         0       0       0       0       0       0       0       0       0       0       0       0       0       0
      Locals:         0       3       0       0       0       0       0       0       0       0       0       0       0       0
      Temps:          0       2       0       0       0       0       0       0       0       0       0       0       0       0
      Totals:         0       5       0       0       0       0       0       0       0       0       0       0       0       0
Total ram usage:        5 bytes
 Hardware stack levels used:    1
 Hardware stack levels required when called:    4
 This function calls:
		___bmul
 This function is called by:
		_main
 This function uses a non-reentrant model


 *************** function ___bmul *****************
 Defined at:
		line 4 in file "/opt/microchip/xc8/v1.45/sources/common/Umul8.c"
 Parameters:    Size  Location     Type
  multiplier      1    wreg     unsigned char 
  multiplicand    1    0[BANK0 ] unsigned char 
 Auto vars:     Size  Location     Type
  multiplier      1    3[BANK0 ] unsigned char 
  product         1    2[BANK0 ] unsigned char 
 Return value:  Size  Location     Type
                  1    wreg      unsigned char 
 Registers used:
		wreg, status,2, status,0
 Tracked objects:
		On entry : 
		On exit  : 
		Unchanged: 
 Data sizes:     COMMON   BANK0   BANK1   BANK2   BANK3   BANK4   BANK5   BANK6   BANK7   BANK8   BANK9  BANK10  BANK11  BANK12
      Params:         0       1       0       0       0       0       0       0       0       0       0       0       0       0
      Locals:         0       2       0       0       0       0       0       0       0       0       0       0       0       0
      Temps:          0       1       0       0       0       0       0       0       0       0       0       0       0       0
      Totals:         0       4       0       0       0       0       0       0       0       0       0       0       0       0
Total ram usage:        4 bytes
 Hardware stack levels used:    1
 Hardware stack levels required when called:    3
 This function calls:
		Nothing
 This function is called by:
		_convertFromBcd
 This function uses a non-reentrant model


 *************** function _SYSTEM_Initialize *****************
 Defined at:
		line 50 in file "mcc_generated_files/mcc.c"
 Parameters:    Size  Location     Type
		None
 Auto vars:     Size  Location     Type
		None
 Return value:  Size  Location     Type
                  1    wreg      void 
 Registers used:
		wreg, status,2, status,0, pclath, cstack
 Tracked objects:
		On entry : 
		On exit  : 
		Unchanged: 
 Data sizes:     COMMON   BANK0   BANK1   BANK2   BANK3   BANK4   BANK5   BANK6   BANK7   BANK8   BANK9  BANK10  BANK11  BANK12
      Params:         0       0       0       0       0       0       0       0       0       0       0       0       0       0
      Locals:         0       0       0       0       0       0       0       0       0       0       0       0       0       0
      Temps:          0       0       0       0       0       0       0       0       0       0       0       0       0       0
      Totals:         0       0       0       0       0       0       0       0       0       0       0       0       0       0
Total ram usage:        0 bytes
 Hardware stack levels used:    1
 Hardware stack levels required when called:    4
 This function calls:
		_OSCILLATOR_Initialize
		_PIN_MANAGER_Initialize
 This function is called by:
		_main
 This function uses a non-reentrant model


 *************** function _PIN_MANAGER_Initialize *****************
 Defined at:
		line 57 in file "mcc_generated_files/pin_manager.c"
 Parameters:    Size  Location     Type
		None
 Auto vars:     Size  Location     Type
		None
 Return value:  Size  Location     Type
                  1    wreg      void 
 Registers used:
		wreg, status,2
 Tracked objects:
		On entry : 
		On exit  : 
		Unchanged: 
 Data sizes:     COMMON   BANK0   BANK1   BANK2   BANK3   BANK4   BANK5   BANK6   BANK7   BANK8   BANK9  BANK10  BANK11  BANK12
      Params:         0       0       0       0       0       0       0       0       0       0       0       0       0       0
      Locals:         0       0       0       0       0       0       0       0       0       0       0       0       0       0
      Temps:          0       0       0       0       0       0       0       0       0       0       0       0       0       0
      Totals:         0       0       0       0       0       0       0       0       0       0       0       0       0       0
Total ram usage:        0 bytes
 Hardware stack levels used:    1
 Hardware stack levels required when called:    3
 This function calls:
		Nothing
 This function is called by:
		_SYSTEM_Initialize
 This function uses a non-reentrant model


 *************** function _OSCILLATOR_Initialize *****************
 Defined at:
		line 57 in file "mcc_generated_files/mcc.c"
 Parameters:    Size  Location     Type
		None
 Auto vars:     Size  Location     Type
		None
 Return value:  Size  Location     Type
                  1    wreg      void 
 Registers used:
		wreg, status,2
 Tracked objects:
		On entry : 
		On exit  : 
		Unchanged: 
 Data sizes:     COMMON   BANK0   BANK1   BANK2   BANK3   BANK4   BANK5   BANK6   BANK7   BANK8   BANK9  BANK10  BANK11  BANK12
      Params:         0       0       0       0       0       0       0       0       0       0       0       0       0       0
      Locals:         0       0       0       0       0       0       0       0       0       0       0       0       0       0
      Temps:          0       0       0       0       0       0       0       0       0       0       0       0       0       0
      Totals:         0       0       0       0       0       0       0       0       0       0       0       0       0       0
Total ram usage:        0 bytes
 Hardware stack levels used:    1
 Hardware stack levels required when called:    3
 This function calls:
		Nothing
 This function is called by:
		_SYSTEM_Initialize
 This function uses a non-reentrant model


 *************** function _INTERRUPT_InterruptManager *****************
 Defined at:
		line 52 in file "mcc_generated_files/interrupt_manager.c"
 Parameters:    Size  Location     Type
		None
 Auto vars:     Size  Location     Type
		None
 Return value:  Size  Location     Type
                  1    wreg      void 
 Registers used:
		wreg, fsr0l, fsr0h, fsr1l, fsr1h, status,2, status,0, pclath, cstack
 Tracked objects:
		On entry : 
		On exit  : 
		Unchanged: 
 Data sizes:     COMMON   BANK0   BANK1   BANK2   BANK3   BANK4   BANK5   BANK6   BANK7   BANK8   BANK9  BANK10  BANK11  BANK12
      Params:         0       0       0       0       0       0       0       0       0       0       0       0       0       0
      Locals:         0       0       0       0       0       0       0       0       0       0       0       0       0       0
      Temps:          1       0       0       0       0       0       0       0       0       0       0       0       0       0
      Totals:         1       0       0       0       0       0       0       0       0       0       0       0       0       0
Total ram usage:        1 bytes
 Hardware stack levels used:    1
 Hardware stack levels required when called:    2
 This function calls:
		_I2C_BusCollisionISR
		_I2C_ISR
 This function is called by:
		Interrupt level 1
 This function uses a non-reentrant model


 *************** function _I2C_ISR *****************
 Defined at:
		line 235 in file "mcc_generated_files/i2c.c"
 Parameters:    Size  Location     Type
		None
 Auto vars:     Size  Location     Type
		None
 Return value:  Size  Location     Type
                  1    wreg      void 
 Registers used:
		wreg, fsr0l, fsr0h, fsr1l, fsr1h, status,2, status,0, pclath, cstack
 Tracked objects:
		On entry : 
		On exit  : 
		Unchanged: 
 Data sizes:     COMMON   BANK0   BANK1   BANK2   BANK3   BANK4   BANK5   BANK6   BANK7   BANK8   BANK9  BANK10  BANK11  BANK12
      Params:         0       0       0       0       0       0       0       0       0       0       0       0       0       0
      Locals:         0       0       0       0       0       0       0       0       0       0       0       0       0       0
      Temps:          4       0       0       0       0       0       0       0       0       0       0       0       0       0
      Totals:         4       0       0       0       0       0       0       0       0       0       0       0       0       0
Total ram usage:        4 bytes
 Hardware stack levels used:    1
 Hardware stack levels required when called:    1
 This function calls:
		_I2C_FunctionComplete
		_I2C_Stop
 This function is called by:
		_INTERRUPT_InterruptManager
 This function uses a non-reentrant model


 *************** function _I2C_Stop *****************
 Defined at:
		line 583 in file "mcc_generated_files/i2c.c"
 Parameters:    Size  Location     Type
  completion_c    1    wreg     enum E11987
 Auto vars:     Size  Location     Type
  completion_c    1    0[COMMON] enum E11987
 Return value:  Size  Location     Type
                  1    wreg      void 
 Registers used:
		wreg, fsr1l, fsr1h, status,2, status,0
 Tracked objects:
		On entry : 
		On exit  : 
		Unchanged: 
 Data sizes:     COMMON   BANK0   BANK1   BANK2   BANK3   BANK4   BANK5   BANK6   BANK7   BANK8   BANK9  BANK10  BANK11  BANK12
      Params:         0       0       0       0       0       0       0       0       0       0       0       0       0       0
      Locals:         0       0       0       0       0       0       0       0       0       0       0       0       0       0
      Temps:          0       0       0       0       0       0       0       0       0       0       0       0       0       0
      Totals:         0       0       0       0       0       0       0       0       0       0       0       0       0       0
Total ram usage:        0 bytes
 Hardware stack levels used:    1
 This function calls:
		Nothing
 This function is called by:
		_I2C_ISR
 This function uses a non-reentrant model


 *************** function _I2C_FunctionComplete *****************
 Defined at:
		line 565 in file "mcc_generated_files/i2c.c"
 Parameters:    Size  Location     Type
		None
 Auto vars:     Size  Location     Type
		None
 Return value:  Size  Location     Type
                  1    wreg      void 
 Registers used:
		wreg, status,2, status,0
 Tracked objects:
		On entry : 
		On exit  : 
		Unchanged: 
 Data sizes:     COMMON   BANK0   BANK1   BANK2   BANK3   BANK4   BANK5   BANK6   BANK7   BANK8   BANK9  BANK10  BANK11  BANK12
      Params:         0       0       0       0       0       0       0       0       0       0       0       0       0       0
      Locals:         0       0       0       0       0       0       0       0       0       0       0       0       0       0
      Temps:          1       0       0       0       0       0       0       0       0       0       0       0       0       0
      Totals:         1       0       0       0       0       0       0       0       0       0       0       0       0       0
Total ram usage:        1 bytes
 Hardware stack levels used:    1
 This function calls:
		Nothing
 This function is called by:
		_I2C_ISR
 This function uses a non-reentrant model


 *************** function _I2C_BusCollisionISR *****************
 Defined at:
		line 742 in file "mcc_generated_files/i2c.c"
 Parameters:    Size  Location     Type
		None
 Auto vars:     Size  Location     Type
		None
 Return value:  Size  Location     Type
                  1    wreg      void 
 Registers used:
		None
 Tracked objects:
		On entry : 
		On exit  : 
		Unchanged: 
 Data sizes:     COMMON   BANK0   BANK1   BANK2   BANK3   BANK4   BANK5   BANK6   BANK7   BANK8   BANK9  BANK10  BANK11  BANK12
      Params:         0       0       0       0       0       0       0       0       0       0       0       0       0       0
      Locals:         0       0       0       0       0       0       0       0       0       0       0       0       0       0
      Temps:          0       0       0       0       0       0       0       0       0       0       0       0       0       0
      Totals:         0       0       0       0       0       0       0       0       0       0       0       0       0       0
Total ram usage:        0 bytes
 Hardware stack levels used:    1
 This function calls:
		Nothing
 This function is called by:
		_INTERRUPT_InterruptManager
 This function uses a non-reentrant model



MODULE INFORMATION

Module		Function		Class		Link	Load	Size
mcc_generated_files/interrupt_manager.c
		_INTERRUPT_InterruptManager		CODE           	0004	0000	31

mcc_generated_files/interrupt_manager.c estimated size: 31

mcc_generated_files/i2c.c
		_I2C_FunctionComplete		CODE           	0713	0000	17
		_I2C_ISR       		CODE           	0193	0000	303
		_I2C_Stop      		CODE           	076B	0000	5
		_I2C_BusCollisionISR		CODE           	076F	0000	4

mcc_generated_files/i2c.c estimated size: 329

i2c.c
		_stopI2C       		CODE           	0742	0000	9
		_readI2C       		CODE           	06DF	0000	19
		_sendNoAckI2C  		CODE           	075F	0000	7
		_re_startI2C   		CODE           	073A	0000	9
		_startI2C      		CODE           	0731	0000	10
		_sendI2C       		CODE           	0723	0000	15
		_waitI2C       		CODE           	074A	0000	9
		_initI2C       		CODE           	04FF	0000	61

i2c.c estimated size: 139

mcc_generated_files/pin_manager.c
		_PIN_MANAGER_Initialize		CODE           	05F8	0000	42

mcc_generated_files/pin_manager.c estimated size: 42

shared
		__initialization		CODE           	0024	0000	14

shared estimated size: 14

mcc_generated_files/mcc.c
		_OSCILLATOR_Initialize		CODE           	0752	0000	8
		_SYSTEM_Initialize		CODE           	0765	0000	7

mcc_generated_files/mcc.c estimated size: 15

/opt/microchip/xc8/v1.45/sources/common/Umul8.c
		___bmul        		CODE           	06F1	0000	19

/opt/microchip/xc8/v1.45/sources/common/Umul8.c estimated size: 19

main.c
		_changeHeure   		CODE           	0661	0000	31
		_convertFromBcd		CODE           	067F	0000	31
		_initRTC       		CODE           	04AE	0000	82
		_incrHeure     		CODE           	03A2	0000	97
		_readMin       		CODE           	05A0	0000	45
		_main          		CODE           	0035	0000	351
		_bitExtracted  		CODE           	06B5	0000	23
		_readSec       		CODE           	0574	0000	45
		_changeMin     		CODE           	0643	0000	31
		_printReglageH 		CODE           	02C1	0000	226
		_writeInst     		CODE           	053B	0000	58
		_incrMin       		CODE           	0402	0000	89
		_writeData     		CODE           	045A	0000	85
		_initRW1063    		CODE           	0703	0000	17
		_readHr        		CODE           	05CC	0000	45
		_FSM           		CODE           	0621	0000	35

main.c estimated size: 1291

