Microchip MPLAB XC8 Compiler V1.45 ()

Linker command line:

-W-3 --edf=C:\Program Files (x86)\Microchip\xc8\v1.45\dat\en_msgs.txt -cs \
  -h+dist/default/production\envoieblue.X.production.sym \
  --cmf=dist/default/production\envoieblue.X.production.cmf -z -Q16F1619 \
  -oC:\Users\Alex\AppData\Local\Temp\se2s.2 \
  -Mdist/default/production/envoieblue.X.production.map -E1 -ver=XC8 \
  -ASTACK=02130h-023efh -pstack=STACK -ACODE=00h-07FFhx4 \
  -ASTRCODE=00h-01FFFh -ASTRING=00h-0FFhx32 -ACONST=00h-0FFhx32 \
  -AENTRY=00h-0FFhx32 -ACOMMON=070h-07Fh -ABANK0=020h-06Fh \
  -ABANK1=0A0h-0EFh -ABANK2=0120h-016Fh -ABANK3=01A0h-01EFh \
  -ABANK4=0220h-026Fh -ABANK5=02A0h-02EFh -ABANK6=0320h-036Fh \
  -ABANK7=03A0h-03EFh -ABANK8=0420h-046Fh -ABANK9=04A0h-04EFh \
  -ABANK10=0520h-056Fh -ABANK11=05A0h-05EFh -ABANK12=0620h-064Fh \
  -ABIGRAM=02000h-023EFh \
  -ARAM=020h-06Fh,0A0h-0EFh,0120h-016Fh,01A0h-01EFh,0220h-026Fh,02A0h-02EFh,0320h-036Fh,03A0h-03EFh,0420h-046Fh,04A0h-04EFh,0520h-056Fh,05A0h-05EFh,0620h-064Fh \
  -AABS1=020h-07Fh,0A0h-0EFh,0120h-016Fh,01A0h-01EFh,0220h-026Fh,02A0h-02EFh,0320h-036Fh,03A0h-03EFh,0420h-046Fh,04A0h-04EFh,0520h-056Fh,05A0h-05EFh,0620h-064Fh \
  -ASFR0=00h-01Fh -ASFR1=080h-09Fh -ASFR2=0100h-011Fh -ASFR3=0180h-019Fh \
  -ASFR4=0200h-021Fh -ASFR5=0280h-029Fh -ASFR6=0300h-031Fh \
  -ASFR7=0380h-039Fh -ASFR8=0400h-041Fh -ASFR9=0480h-049Fh \
  -ASFR10=0500h-051Fh -ASFR11=0580h-059Fh -ASFR12=0600h-061Fh \
  -ASFR13=0680h-06EFh -ASFR14=0700h-076Fh -ASFR15=0780h-07EFh \
  -ASFR16=0800h-086Fh -ASFR17=0880h-08EFh -ASFR18=0900h-096Fh \
  -ASFR19=0980h-09EFh -ASFR20=0A00h-0A6Fh -ASFR21=0A80h-0AEFh \
  -ASFR22=0B00h-0B6Fh -ASFR23=0B80h-0BEFh -ASFR24=0C00h-0C6Fh \
  -ASFR25=0C80h-0CEFh -ASFR26=0D00h-0D6Fh -ASFR27=0D80h-0DEFh \
  -ASFR28=0E00h-0E6Fh -ASFR29=0E80h-0EEFh -ASFR30=0F00h-0F6Fh \
  -ASFR31=0F80h-0FEFh -preset_vec=00h,intentry=04h,init,end_init \
  -ppowerup=CODE -pcinit=CODE -pfunctab=ENTRY -ACONFIG=08007h-08009h \
  -pconfig=CONFIG -DCONFIG=2 -AIDLOC=08000h-08003h -pidloc=IDLOC -DIDLOC=2 \
  -DCODE=2 -DSTRCODE=2 -DSTRING=2 -DCONST=2 -DENTRY=2 -k \
  C:\Users\Alex\AppData\Local\Temp\se2s.obj \
  dist/default/production\envoieblue.X.production.obj 

Object code version is 3.11

Machine type is 16F1619



                Name                               Link     Load   Length Selector   Space Scale
C:\Users\Alex\AppData\Local\Temp\se2s.obj
                end_init                             27       27        2        8       0
                reset_vec                             0        0        2        0       0
                config                             8007     8007        3    1000E       0
dist/default/production\envoieblue.X.production.obj
                cinit                                29       29       23        8       0
                intentry                              4        4       23        8       0
                text23                              3C0      3C0       1C        8       0
                text22                              3A3      3A3       1D        8       0
                text20                              45C      45C        6        8       0
                text19                              456      456        6        8       0
                text18                              2F4      2F4       28        8       0
                text17                              449      449        7        8       0
                text16                              363      363       23        8       0
                text15                              440      440        9        8       0
                text14                              340      340       23        8       0
                text13                              237      237       55        8       0
                text12                              31C      31C       24        8       0
                text11                              3DC      3DC       18        8       0
                text10                              408      408       14        8       0
                text9                               434      434        C        8       0
                text8                               2C0      2C0       34        8       0
                text7                               28C      28C       34        8       0
                text6                               428      428        C        8       0
                text5                               41C      41C        C        8       0
                text4                               386      386       1D        8       0
                text3                               1CA      1CA       6D        8       0
                text2                               12E      12E       9C        8       0
                text1                               3F4      3F4       14        8       0
                maintext                             4C       4C       E2        8       0
                cstackBANK0                          20       20       46       20       1
                cstackCOMMON                         70       70        A       70       1
                cstackBANK1                          A0       A0       43       A0       1
                clrtext                             450      450        6        8       0
                bssBANK3                            1A0      1A0       40      1A0       1
                bssBANK2                            120      120       48      120       1
                bssBANK1                             E3       E3        8       A0       1
                bssBANK0                             6B       6B        5       20       1
                bssCOMMON                            7A       7A        2       70       1
                nvBANK0                              66       66        5       20       1

TOTAL           Name                               Link     Load   Length     Space
        CLASS   STACK          

        CLASS   CODE           
                end_init                             27       27        2         0
                cinit                                29       29       23         0
                intentry                              4        4       23         0
                reset_vec                             0        0        2         0
                text23                              3C0      3C0       1C         0
                text22                              3A3      3A3       1D         0
                text20                              45C      45C        6         0
                text19                              456      456        6         0
                text18                              2F4      2F4       28         0
                text17                              449      449        7         0
                text16                              363      363       23         0
                text15                              440      440        9         0
                text14                              340      340       23         0
                text13                              237      237       55         0
                text12                              31C      31C       24         0
                text11                              3DC      3DC       18         0
                text10                              408      408       14         0
                text9                               434      434        C         0
                text8                               2C0      2C0       34         0
                text7                               28C      28C       34         0
                text6                               428      428        C         0
                text5                               41C      41C        C         0
                text4                               386      386       1D         0
                text3                               1CA      1CA       6D         0
                text2                               12E      12E       9C         0
                text1                               3F4      3F4       14         0
                maintext                             4C       4C       E2         0
                clrtext                             450      450        6         0

        CLASS   STRCODE        

        CLASS   STRING         

        CLASS   CONST          

        CLASS   ENTRY          

        CLASS   COMMON         
                cstackCOMMON                         70       70        A         1
                bssCOMMON                            7A       7A        2         1

        CLASS   BANK0          
                cstackBANK0                          20       20       46         1
                bssBANK0                             6B       6B        5         1
                nvBANK0                              66       66        5         1

        CLASS   BANK1          
                cstackBANK1                          A0       A0       43         1
                bssBANK1                             E3       E3        8         1

        CLASS   BANK2          
                bssBANK2                            120      120       48         1

        CLASS   BANK3          
                bssBANK3                            1A0      1A0       40         1

        CLASS   BANK4          

        CLASS   BANK5          

        CLASS   BANK6          

        CLASS   BANK7          

        CLASS   BANK8          

        CLASS   BANK9          

        CLASS   BANK10         

        CLASS   BANK11         

        CLASS   BANK12         

        CLASS   BIGRAM         

        CLASS   RAM            

        CLASS   ABS1           
                abs_s1                               7E       7E        2         1

        CLASS   SFR0           

        CLASS   SFR1           

        CLASS   SFR2           

        CLASS   SFR3           

        CLASS   SFR4           

        CLASS   SFR5           

        CLASS   SFR6           

        CLASS   SFR7           

        CLASS   SFR8           

        CLASS   SFR9           

        CLASS   SFR10          

        CLASS   SFR11          

        CLASS   SFR12          

        CLASS   SFR13          

        CLASS   SFR14          

        CLASS   SFR15          

        CLASS   SFR16          

        CLASS   SFR17          

        CLASS   SFR18          

        CLASS   SFR19          

        CLASS   SFR20          

        CLASS   SFR21          

        CLASS   SFR22          

        CLASS   SFR23          

        CLASS   SFR24          

        CLASS   SFR25          

        CLASS   SFR26          

        CLASS   SFR27          

        CLASS   SFR28          

        CLASS   SFR29          

        CLASS   SFR30          

        CLASS   SFR31          

        CLASS   CONFIG         
                config                             8007     8007        3         0

        CLASS   IDLOC          

        CLASS   BANK31         

        CLASS   BANK30         

        CLASS   BANK29         

        CLASS   BANK28         

        CLASS   BANK27         

        CLASS   BANK26         

        CLASS   BANK25         

        CLASS   BANK24         

        CLASS   BANK23         

        CLASS   BANK22         

        CLASS   BANK21         

        CLASS   BANK20         

        CLASS   BANK19         

        CLASS   BANK18         

        CLASS   BANK17         

        CLASS   BANK16         

        CLASS   BANK15         

        CLASS   BANK14         

        CLASS   BANK13         

        CLASS   EEDATA         



SEGMENTS        Name                           Load    Length   Top    Selector   Space  Class     Delta

                reset_vec                      000000  000002  000002         0       0  CODE        2
                intentry                       000004  00045E  000462         8       0  CODE        2
                cstackBANK0                    000020  000050  000070        20       1  BANK0       1
                cstackCOMMON                   000070  00000C  00007C        70       1  COMMON      1
                cstackBANK1                    0000A0  00004B  0000EB        A0       1  BANK1       1
                bssBANK2                       000120  000048  000168       120       1  BANK2       1
                bssBANK3                       0001A0  000040  0001E0       1A0       1  BANK3       1
                config                         008007  000003  00800A     1000E       0  CONFIG      2


UNUSED ADDRESS RANGES

        Name                Unused          Largest block    Delta
        BANK1            000EB-000EF               5           1
        BANK10           00520-0056F              50           1
        BANK11           005A0-005EF              50           1
        BANK12           00620-0064F              30           1
        BANK2            00168-0016F               8           1
        BANK3            001E0-001EF              10           1
        BANK4            00220-0026F              50           1
        BANK5            002A0-002EF              50           1
        BANK6            00320-0036F              50           1
        BANK7            003A0-003EF              50           1
        BANK8            00420-0046F              50           1
        BANK9            004A0-004EF              50           1
        BIGRAM           02000-023EF             3F0           1
        CODE             00002-00003               2           2
                         00462-01FFF             800
        COMMON           0007C-0007D               2           1
        CONST            00002-00003               2           2
                         00462-01FFF             100
        ENTRY            00002-00003               2           2
                         00462-01FFF             100
        IDLOC            08000-08003               4           2
        RAM              000EB-000EF               5           1
                         00168-0016F               8
                         001E0-001EF              10
                         00220-0026F              50
                         002A0-002EF              50
                         00320-0036F              50
                         003A0-003EF              50
                         00420-0046F              50
                         004A0-004EF              50
                         00520-0056F              50
                         005A0-005EF              50
                         00620-0064F              30
        SFR0             00000-0001F              20           1
        SFR1             00080-0009F              20           1
        SFR10            00500-0051F              20           1
        SFR11            00580-0059F              20           1
        SFR12            00600-0061F              20           1
        SFR13            00680-006EF              70           1
        SFR14            00700-0076F              70           1
        SFR15            00780-007EF              70           1
        SFR16            00800-0086F              70           1
        SFR17            00880-008EF              70           1
        SFR18            00900-0096F              70           1
        SFR19            00980-009EF              70           1
        SFR2             00100-0011F              20           1
        SFR20            00A00-00A6F              70           1
        SFR21            00A80-00AEF              70           1
        SFR22            00B00-00B6F              70           1
        SFR23            00B80-00BEF              70           1
        SFR24            00C00-00C6F              70           1
        SFR25            00C80-00CEF              70           1
        SFR26            00D00-00D6F              70           1
        SFR27            00D80-00DEF              70           1
        SFR28            00E00-00E6F              70           1
        SFR29            00E80-00EEF              70           1
        SFR3             00180-0019F              20           1
        SFR30            00F00-00F6F              70           1
        SFR31            00F80-00FEF              70           1
        SFR4             00200-0021F              20           1
        SFR5             00280-0029F              20           1
        SFR6             00300-0031F              20           1
        SFR7             00380-0039F              20           1
        SFR8             00400-0041F              20           1
        SFR9             00480-0049F              20           1
        STACK            02130-023EF             2C0           1
        STRCODE          00002-00003               2           2
                         00462-01FFF            1B9E
        STRING           00002-00003               2           2
                         00462-01FFF             100

                                  Symbol Table

?_Verif_Erreur                                cstackCOMMON 00074
EUSART_Read@readValue                         cstackCOMMON 00073
EUSART_SetRxInterruptHandler@interruptHandler cstackCOMMON 00072
EUSART_SetTxInterruptHandler@interruptHandler cstackCOMMON 00072
EUSART_Write@txData                           cstackCOMMON 00073
Verif_Erreur@buf                              cstackBANK0  00024
Verif_Erreur@i                                cstackBANK0  00020
Verif_Erreur@j                                cstackBANK0  00022
Verif_Erreur@size                             cstackCOMMON 00074
_ANSELA                                       (abs)        0018C
_ANSELB                                       (abs)        0018D
_ANSELC                                       (abs)        0018E
_BAUD1CON                                     (abs)        0019F
_BORCON                                       (abs)        00116
_Config_Name                                  text12       0031C
_EUSART_Initialize                            text18       002F4
_EUSART_Read                                  text4        00386
_EUSART_Receive_ISR                           text23       003C0
_EUSART_RxDefaultInterruptHandler             nvBANK0      00066
_EUSART_SetRxInterruptHandler                 text20       0045C
_EUSART_SetTxInterruptHandler                 text19       00456
_EUSART_Transmit_ISR                          text22       003A3
_EUSART_TxDefaultInterruptHandler             nvBANK0      00068
_EUSART_Write                                 text14       00340
_INTCONbits                                   (abs)        0000B
_INTERRUPT_InterruptManager                   intentry     00004
_LATA                                         (abs)        0010C
_LATB                                         (abs)        0010D
_LATC                                         (abs)        0010E
_ODCONA                                       (abs)        0028C
_ODCONB                                       (abs)        0028D
_ODCONC                                       (abs)        0028E
_OPTION_REGbits                               (abs)        00095
_OSCCON                                       (abs)        00099
_OSCILLATOR_Initialize                        text17       00449
_OSCTUNE                                      (abs)        00098
_PIE1bits                                     (abs)        00090
_PIN_MANAGER_Initialize                       text16       00363
_PIR1bits                                     (abs)        00010
_Partiel_Reset                                text11       003DC
_RA1                                          (abs)        00061
_RA2                                          (abs)        00062
_RA5                                          (abs)        00065
_RB7PPS                                       (abs)        00E9F
_RC1REG                                       (abs)        00199
_RC1STA                                       (abs)        0019D
_RC1STAbits                                   (abs)        0019D
_RC4                                          (abs)        00074
_RC5                                          (abs)        00075
_RXPPS                                        (abs)        00E24
_Reboot                                       text10       00408
_SPBRGH                                       (abs)        0019C
_SPBRGL                                       (abs)        0019B
_SYSTEM_Initialize                            text15       00440
_Scan                                         text9        00434
_Set_Features                                 text8        002C0
_Set_Mode                                     text7        0028C
_StopScan                                     text6        00428
_TRISA                                        (abs)        0008C
_TRISB                                        (abs)        0008D
_TRISC                                        (abs)        0008E
_TX1REG                                       (abs)        0019A
_TX1STA                                       (abs)        0019E
_TX1STAbits                                   (abs)        0019E
_Turn_On                                      text5        0041C
_Verif_Erreur                                 text3        001CA
_WPUA                                         (abs)        0020C
_WPUB                                         (abs)        0020D
_WPUC                                         (abs)        0020E
__CFG_BOREN$ON                                (abs)        00000
__CFG_BORV$LO                                 (abs)        00000
__CFG_CLKOUTEN$OFF                            (abs)        00000
__CFG_CP$OFF                                  (abs)        00000
__CFG_FCMEN$ON                                (abs)        00000
__CFG_FOSC$INTOSC                             (abs)        00000
__CFG_IESO$ON                                 (abs)        00000
__CFG_LPBOR$OFF                               (abs)        00000
__CFG_LVP$ON                                  (abs)        00000
__CFG_MCLRE$ON                                (abs)        00000
__CFG_PLLEN$ON                                (abs)        00000
__CFG_PPS1WAY$ON                              (abs)        00000
__CFG_PWRTE$OFF                               (abs)        00000
__CFG_STVREN$ON                               (abs)        00000
__CFG_WDTCCS$SWC                              (abs)        00000
__CFG_WDTCPS$WDTCPS1F                         (abs)        00000
__CFG_WDTCWS$WDTCWSSW                         (abs)        00000
__CFG_WDTE$OFF                                (abs)        00000
__CFG_WRT$OFF                                 (abs)        00000
__CFG_ZCD$OFF                                 (abs)        00000
__Habs1                                       abs1         00000
__Hbank0                                      bank0        00000
__Hbank1                                      bank1        00000
__Hbank10                                     bank10       00000
__Hbank11                                     bank11       00000
__Hbank12                                     bank12       00000
__Hbank13                                     bank13       00000
__Hbank14                                     bank14       00000
__Hbank15                                     bank15       00000
__Hbank16                                     bank16       00000
__Hbank17                                     bank17       00000
__Hbank18                                     bank18       00000
__Hbank19                                     bank19       00000
__Hbank2                                      bank2        00000
__Hbank20                                     bank20       00000
__Hbank21                                     bank21       00000
__Hbank22                                     bank22       00000
__Hbank23                                     bank23       00000
__Hbank24                                     bank24       00000
__Hbank25                                     bank25       00000
__Hbank26                                     bank26       00000
__Hbank27                                     bank27       00000
__Hbank28                                     bank28       00000
__Hbank29                                     bank29       00000
__Hbank3                                      bank3        00000
__Hbank30                                     bank30       00000
__Hbank31                                     bank31       00000
__Hbank4                                      bank4        00000
__Hbank5                                      bank5        00000
__Hbank6                                      bank6        00000
__Hbank7                                      bank7        00000
__Hbank8                                      bank8        00000
__Hbank9                                      bank9        00000
__Hbigram                                     bigram       00000
__HbssBANK0                                   bssBANK0     00000
__HbssBANK1                                   bssBANK1     00000
__HbssBANK2                                   bssBANK2     00000
__HbssBANK3                                   bssBANK3     00000
__HbssCOMMON                                  bssCOMMON    00000
__Hcinit                                      cinit        0004C
__Hclrtext                                    clrtext      00000
__Hcode                                       code         00000
__Hcommon                                     common       00000
__Hconfig                                     config       0800A
__HcstackBANK0                                cstackBANK0  00000
__HcstackBANK1                                cstackBANK1  00000
__HcstackCOMMON                               cstackCOMMON 00000
__Heeprom_data                                eeprom_data  00000
__Hend_init                                   end_init     00029
__Hfunctab                                    functab      00000
__Hidloc                                      idloc        00000
__Hinit                                       init         00027
__Hintentry                                   intentry     00027
__Hmaintext                                   maintext     00000
__HnvBANK0                                    nvBANK0      00000
__Hpowerup                                    powerup      00000
__Hram                                        ram          00000
__Hreset_vec                                  reset_vec    00002
__Hsfr0                                       sfr0         00000
__Hsfr1                                       sfr1         00000
__Hsfr10                                      sfr10        00000
__Hsfr11                                      sfr11        00000
__Hsfr12                                      sfr12        00000
__Hsfr13                                      sfr13        00000
__Hsfr14                                      sfr14        00000
__Hsfr15                                      sfr15        00000
__Hsfr16                                      sfr16        00000
__Hsfr17                                      sfr17        00000
__Hsfr18                                      sfr18        00000
__Hsfr19                                      sfr19        00000
__Hsfr2                                       sfr2         00000
__Hsfr20                                      sfr20        00000
__Hsfr21                                      sfr21        00000
__Hsfr22                                      sfr22        00000
__Hsfr23                                      sfr23        00000
__Hsfr24                                      sfr24        00000
__Hsfr25                                      sfr25        00000
__Hsfr26                                      sfr26        00000
__Hsfr27                                      sfr27        00000
__Hsfr28                                      sfr28        00000
__Hsfr29                                      sfr29        00000
__Hsfr3                                       sfr3         00000
__Hsfr30                                      sfr30        00000
__Hsfr31                                      sfr31        00000
__Hsfr4                                       sfr4         00000
__Hsfr5                                       sfr5         00000
__Hsfr6                                       sfr6         00000
__Hsfr7                                       sfr7         00000
__Hsfr8                                       sfr8         00000
__Hsfr9                                       sfr9         00000
__Hspace_0                                    (abs)        0800A
__Hspace_1                                    (abs)        001E0
__Hspace_2                                    (abs)        00000
__Hspace_3                                    (abs)        00000
__Hstack                                      stack        00000
__Hstrings                                    strings      00000
__Htext                                       text         00000
__Labs1                                       abs1         00000
__Lbank0                                      bank0        00000
__Lbank1                                      bank1        00000
__Lbank10                                     bank10       00000
__Lbank11                                     bank11       00000
__Lbank12                                     bank12       00000
__Lbank13                                     bank13       00000
__Lbank14                                     bank14       00000
__Lbank15                                     bank15       00000
__Lbank16                                     bank16       00000
__Lbank17                                     bank17       00000
__Lbank18                                     bank18       00000
__Lbank19                                     bank19       00000
__Lbank2                                      bank2        00000
__Lbank20                                     bank20       00000
__Lbank21                                     bank21       00000
__Lbank22                                     bank22       00000
__Lbank23                                     bank23       00000
__Lbank24                                     bank24       00000
__Lbank25                                     bank25       00000
__Lbank26                                     bank26       00000
__Lbank27                                     bank27       00000
__Lbank28                                     bank28       00000
__Lbank29                                     bank29       00000
__Lbank3                                      bank3        00000
__Lbank30                                     bank30       00000
__Lbank31                                     bank31       00000
__Lbank4                                      bank4        00000
__Lbank5                                      bank5        00000
__Lbank6                                      bank6        00000
__Lbank7                                      bank7        00000
__Lbank8                                      bank8        00000
__Lbank9                                      bank9        00000
__Lbigram                                     bigram       00000
__LbssBANK0                                   bssBANK0     00000
__LbssBANK1                                   bssBANK1     00000
__LbssBANK2                                   bssBANK2     00000
__LbssBANK3                                   bssBANK3     00000
__LbssCOMMON                                  bssCOMMON    00000
__Lcinit                                      cinit        00029
__Lclrtext                                    clrtext      00000
__Lcode                                       code         00000
__Lcommon                                     common       00000
__Lconfig                                     config       08007
__LcstackBANK0                                cstackBANK0  00000
__LcstackBANK1                                cstackBANK1  00000
__LcstackCOMMON                               cstackCOMMON 00000
__Leeprom_data                                eeprom_data  00000
__Lend_init                                   end_init     00027
__Lfunctab                                    functab      00000
__Lidloc                                      idloc        00000
__Linit                                       init         00027
__Lintentry                                   intentry     00004
__Lmaintext                                   maintext     00000
__LnvBANK0                                    nvBANK0      00000
__Lpowerup                                    powerup      00000
__Lram                                        ram          00000
__Lreset_vec                                  reset_vec    00000
__Lsfr0                                       sfr0         00000
__Lsfr1                                       sfr1         00000
__Lsfr10                                      sfr10        00000
__Lsfr11                                      sfr11        00000
__Lsfr12                                      sfr12        00000
__Lsfr13                                      sfr13        00000
__Lsfr14                                      sfr14        00000
__Lsfr15                                      sfr15        00000
__Lsfr16                                      sfr16        00000
__Lsfr17                                      sfr17        00000
__Lsfr18                                      sfr18        00000
__Lsfr19                                      sfr19        00000
__Lsfr2                                       sfr2         00000
__Lsfr20                                      sfr20        00000
__Lsfr21                                      sfr21        00000
__Lsfr22                                      sfr22        00000
__Lsfr23                                      sfr23        00000
__Lsfr24                                      sfr24        00000
__Lsfr25                                      sfr25        00000
__Lsfr26                                      sfr26        00000
__Lsfr27                                      sfr27        00000
__Lsfr28                                      sfr28        00000
__Lsfr29                                      sfr29        00000
__Lsfr3                                       sfr3         00000
__Lsfr30                                      sfr30        00000
__Lsfr31                                      sfr31        00000
__Lsfr4                                       sfr4         00000
__Lsfr5                                       sfr5         00000
__Lsfr6                                       sfr6         00000
__Lsfr7                                       sfr7         00000
__Lsfr8                                       sfr8         00000
__Lsfr9                                       sfr9         00000
__Lspace_0                                    (abs)        00000
__Lspace_1                                    (abs)        00000
__Lspace_2                                    (abs)        00000
__Lspace_3                                    (abs)        00000
__Lstack                                      stack        00000
__Lstrings                                    strings      00000
__Ltext                                       text         00000
__S0                                          (abs)        0800A
__S1                                          (abs)        001E0
__S2                                          (abs)        00000
___int_sp                                     stack        00000
___latbits                                    (abs)        00002
___sp                                         stack        00000
__end_of_Config_Name                          text12       00340
__end_of_EUSART_Initialize                    text18       0031C
__end_of_EUSART_Read                          text4        003A3
__end_of_EUSART_Receive_ISR                   text23       003DC
__end_of_EUSART_SetRxInterruptHandler         text20       00462
__end_of_EUSART_SetTxInterruptHandler         text19       0045C
__end_of_EUSART_Transmit_ISR                  text22       003C0
__end_of_EUSART_Write                         text14       00363
__end_of_INTERRUPT_InterruptManager           intentry     00027
__end_of_OSCILLATOR_Initialize                text17       00450
__end_of_PIN_MANAGER_Initialize               text16       00386
__end_of_Partiel_Reset                        text11       003F4
__end_of_Reboot                               text10       0041C
__end_of_SYSTEM_Initialize                    text15       00449
__end_of_Scan                                 text9        00440
__end_of_Set_Features                         text8        002F4
__end_of_Set_Mode                             text7        002C0
__end_of_StopScan                             text6        00434
__end_of_Turn_On                              text5        00428
__end_of_Verif_Erreur                         text3        00237
__end_of__initialization                      cinit        00048
__end_of_connexion                            text13       0028C
__end_of_init_A                               text2        001CA
__end_of_main                                 maintext     0012E
__end_of_remote                               text1        00408
__initialization                              cinit        00029
__pbssBANK0                                   bssBANK0     0006B
__pbssBANK1                                   bssBANK1     000E3
__pbssBANK2                                   bssBANK2     00120
__pbssBANK3                                   bssBANK3     001A0
__pbssCOMMON                                  bssCOMMON    0007A
__pcstackBANK0                                cstackBANK0  00020
__pcstackBANK1                                cstackBANK1  000A0
__pcstackCOMMON                               cstackCOMMON 00070
__pintentry                                   intentry     00004
__pmaintext                                   maintext     0004C
__pnvBANK0                                    nvBANK0      00066
__ptext1                                      text1        003F4
__ptext10                                     text10       00408
__ptext11                                     text11       003DC
__ptext12                                     text12       0031C
__ptext13                                     text13       00237
__ptext14                                     text14       00340
__ptext15                                     text15       00440
__ptext16                                     text16       00363
__ptext17                                     text17       00449
__ptext18                                     text18       002F4
__ptext19                                     text19       00456
__ptext2                                      text2        0012E
__ptext20                                     text20       0045C
__ptext22                                     text22       003A3
__ptext23                                     text23       003C0
__ptext3                                      text3        001CA
__ptext4                                      text4        00386
__ptext5                                      text5        0041C
__ptext6                                      text6        00428
__ptext7                                      text7        0028C
__ptext8                                      text8        002C0
__ptext9                                      text9        00434
__size_of_Config_Name                         (abs)        00000
__size_of_EUSART_Initialize                   (abs)        00000
__size_of_EUSART_Read                         (abs)        00000
__size_of_EUSART_Receive_ISR                  (abs)        00000
__size_of_EUSART_SetRxInterruptHandler        (abs)        00000
__size_of_EUSART_SetTxInterruptHandler        (abs)        00000
__size_of_EUSART_Transmit_ISR                 (abs)        00000
__size_of_EUSART_Write                        (abs)        00000
__size_of_INTERRUPT_InterruptManager          (abs)        00000
__size_of_OSCILLATOR_Initialize               (abs)        00000
__size_of_PIN_MANAGER_Initialize              (abs)        00000
__size_of_Partiel_Reset                       (abs)        00000
__size_of_Reboot                              (abs)        00000
__size_of_SYSTEM_Initialize                   (abs)        00000
__size_of_Scan                                (abs)        00000
__size_of_Set_Features                        (abs)        00000
__size_of_Set_Mode                            (abs)        00000
__size_of_StopScan                            (abs)        00000
__size_of_Turn_On                             (abs)        00000
__size_of_Verif_Erreur                        (abs)        00000
__size_of_connexion                           (abs)        00000
__size_of_init_A                              (abs)        00000
__size_of_main                                (abs)        00000
__size_of_remote                              (abs)        00000
_connexion                                    text13       00237
_eusartRxBuffer                               bssBANK2     00160
_eusartRxCount                                bssCOMMON    0007A
_eusartRxHead                                 bssBANK0     0006E
_eusartRxTail                                 bssBANK0     0006D
_eusartTxBuffer                               bssBANK1     000E3
_eusartTxBufferRemaining                      nvBANK0      0006A
_eusartTxHead                                 bssCOMMON    0007B
_eusartTxTail                                 bssBANK0     0006F
_init_A                                       text2        0012E
_main                                         maintext     0004C
_remote                                       text1        003F4
btemp                                         (abs)        0007E
clear_ram0                                    clrtext      00450
end_of_initialization                         cinit        00048
init_A@F12056                                 bssBANK3     001A0
init_A@buf                                    cstackBANK0  00025
init_A@error                                  cstackBANK0  00065
int$flags                                     (abs)        0007E
intlevel0                                     functab      00000
intlevel1                                     functab      00000
intlevel2                                     functab      00000
intlevel3                                     functab      00000
intlevel4                                     functab      00000
intlevel5                                     functab      00000
main@F12049                                   bssBANK2     00120
main@buf                                      cstackBANK1  000A2
main@error                                    cstackBANK1  000E2
reset_vec                                     reset_vec    00000
stackhi                                       (abs)        023EF
stacklo                                       (abs)        02130
start                                         init         00027
start_initialization                          cinit        00029
wtemp0                                        (abs)        0007E


FUNCTION INFORMATION:

 *************** function _main *****************
 Defined at:
		line 50 in file "main.c"
 Parameters:    Size  Location     Type
		None
 Auto vars:     Size  Location     Type
  buf            64    2[BANK1 ] unsigned char [64]
  error           1   66[BANK1 ] unsigned char 
 Return value:  Size  Location     Type
                  1    wreg      void 
 Registers used:
		wreg, fsr0l, fsr0h, fsr1l, fsr1h, status,2, status,0, pclath, cstack
 Tracked objects:
		On entry : 
		On exit  : 
		Unchanged: 
 Data sizes:     COMMON   BANK0   BANK1   BANK2   BANK3   BANK4   BANK5   BANK6   BANK7   BANK8   BANK9  BANK10  BANK11  BANK12
      Params:         0       0       0       0       0       0       0       0       0       0       0       0       0       0
      Locals:         0       0      65       0       0       0       0       0       0       0       0       0       0       0
      Temps:          0       0       2       0       0       0       0       0       0       0       0       0       0       0
      Totals:         0       0      67       0       0       0       0       0       0       0       0       0       0       0
Total ram usage:       67 bytes
 Hardware stack levels required when called:    5
 This function calls:
		_EUSART_Write
		_SYSTEM_Initialize
		_connexion
		_init_A
		_remote
 This function is called by:
		Startup code after reset
 This function uses a non-reentrant model


 *************** function _remote *****************
 Defined at:
		line 238 in file "blue.c"
 Parameters:    Size  Location     Type
		None
 Auto vars:     Size  Location     Type
		None
 Return value:  Size  Location     Type
                  1    wreg      void 
 Registers used:
		wreg, fsr1l, fsr1h, status,2, status,0, pclath, cstack
 Tracked objects:
		On entry : 
		On exit  : 
		Unchanged: 
 Data sizes:     COMMON   BANK0   BANK1   BANK2   BANK3   BANK4   BANK5   BANK6   BANK7   BANK8   BANK9  BANK10  BANK11  BANK12
      Params:         0       0       0       0       0       0       0       0       0       0       0       0       0       0
      Locals:         0       0       0       0       0       0       0       0       0       0       0       0       0       0
      Temps:          0       0       0       0       0       0       0       0       0       0       0       0       0       0
      Totals:         0       0       0       0       0       0       0       0       0       0       0       0       0       0
Total ram usage:        0 bytes
 Hardware stack levels used:    1
 Hardware stack levels required when called:    3
 This function calls:
		_EUSART_Write
 This function is called by:
		_main
 This function uses a non-reentrant model


 *************** function _init_A *****************
 Defined at:
		line 180 in file "blue.c"
 Parameters:    Size  Location     Type
		None
 Auto vars:     Size  Location     Type
  buf            64    5[BANK0 ] unsigned char [64]
  error           1   69[BANK0 ] unsigned char 
 Return value:  Size  Location     Type
                  1    wreg      void 
 Registers used:
		wreg, fsr0l, fsr0h, fsr1l, fsr1h, status,2, status,0, pclath, cstack
 Tracked objects:
		On entry : 
		On exit  : 
		Unchanged: 
 Data sizes:     COMMON   BANK0   BANK1   BANK2   BANK3   BANK4   BANK5   BANK6   BANK7   BANK8   BANK9  BANK10  BANK11  BANK12
      Params:         0       0       0       0       0       0       0       0       0       0       0       0       0       0
      Locals:         0      65       0       0       0       0       0       0       0       0       0       0       0       0
      Temps:          2       0       0       0       0       0       0       0       0       0       0       0       0       0
      Totals:         2      65       0       0       0       0       0       0       0       0       0       0       0       0
Total ram usage:       67 bytes
 Hardware stack levels used:    1
 Hardware stack levels required when called:    4
 This function calls:
		_Config_Name
		_Partiel_Reset
		_Reboot
		_Scan
		_Set_Features
		_Set_Mode
		_StopScan
		_Turn_On
		_Verif_Erreur
 This function is called by:
		_main
 This function uses a non-reentrant model


 *************** function _Verif_Erreur *****************
 Defined at:
		line 89 in file "blue.c"
 Parameters:    Size  Location     Type
  buf             1    wreg     PTR unsigned char 
		 -> init_A@buf(64), 
  size            2    4[COMMON] unsigned int 
 Auto vars:     Size  Location     Type
  buf             1    4[BANK0 ] PTR unsigned char 
		 -> init_A@buf(64), 
  j               2    2[BANK0 ] int 
  i               2    0[BANK0 ] unsigned int 
 Return value:  Size  Location     Type
                  2    4[COMMON] int 
 Registers used:
		wreg, fsr1l, fsr1h, status,2, status,0, pclath, cstack
 Tracked objects:
		On entry : 
		On exit  : 
		Unchanged: 
 Data sizes:     COMMON   BANK0   BANK1   BANK2   BANK3   BANK4   BANK5   BANK6   BANK7   BANK8   BANK9  BANK10  BANK11  BANK12
      Params:         2       0       0       0       0       0       0       0       0       0       0       0       0       0
      Locals:         0       5       0       0       0       0       0       0       0       0       0       0       0       0
      Temps:          2       0       0       0       0       0       0       0       0       0       0       0       0       0
      Totals:         4       5       0       0       0       0       0       0       0       0       0       0       0       0
Total ram usage:        9 bytes
 Hardware stack levels used:    1
 Hardware stack levels required when called:    3
 This function calls:
		_EUSART_Read
 This function is called by:
		_init_A
 This function uses a non-reentrant model


 *************** function _EUSART_Read *****************
 Defined at:
		line 128 in file "mcc_generated_files/eusart.c"
 Parameters:    Size  Location     Type
		None
 Auto vars:     Size  Location     Type
  readValue       1    3[COMMON] unsigned char 
 Return value:  Size  Location     Type
                  1    wreg      unsigned char 
 Registers used:
		wreg, fsr1l, fsr1h, status,2, status,0
 Tracked objects:
		On entry : 
		On exit  : 
		Unchanged: 
 Data sizes:     COMMON   BANK0   BANK1   BANK2   BANK3   BANK4   BANK5   BANK6   BANK7   BANK8   BANK9  BANK10  BANK11  BANK12
      Params:         0       0       0       0       0       0       0       0       0       0       0       0       0       0
      Locals:         1       0       0       0       0       0       0       0       0       0       0       0       0       0
      Temps:          1       0       0       0       0       0       0       0       0       0       0       0       0       0
      Totals:         2       0       0       0       0       0       0       0       0       0       0       0       0       0
Total ram usage:        2 bytes
 Hardware stack levels used:    1
 Hardware stack levels required when called:    2
 This function calls:
		Nothing
 This function is called by:
		_Verif_Erreur
 This function uses a non-reentrant model


 *************** function _Turn_On *****************
 Defined at:
		line 81 in file "blue.c"
 Parameters:    Size  Location     Type
		None
 Auto vars:     Size  Location     Type
		None
 Return value:  Size  Location     Type
                  1    wreg      void 
 Registers used:
		wreg, fsr1l, fsr1h, status,2, status,0, pclath, cstack
 Tracked objects:
		On entry : 
		On exit  : 
		Unchanged: 
 Data sizes:     COMMON   BANK0   BANK1   BANK2   BANK3   BANK4   BANK5   BANK6   BANK7   BANK8   BANK9  BANK10  BANK11  BANK12
      Params:         0       0       0       0       0       0       0       0       0       0       0       0       0       0
      Locals:         0       0       0       0       0       0       0       0       0       0       0       0       0       0
      Temps:          0       0       0       0       0       0       0       0       0       0       0       0       0       0
      Totals:         0       0       0       0       0       0       0       0       0       0       0       0       0       0
Total ram usage:        0 bytes
 Hardware stack levels used:    1
 Hardware stack levels required when called:    3
 This function calls:
		_EUSART_Write
 This function is called by:
		_init_A
 This function uses a non-reentrant model


 *************** function _StopScan *****************
 Defined at:
		line 128 in file "blue.c"
 Parameters:    Size  Location     Type
		None
 Auto vars:     Size  Location     Type
		None
 Return value:  Size  Location     Type
                  1    wreg      void 
 Registers used:
		wreg, fsr1l, fsr1h, status,2, status,0, pclath, cstack
 Tracked objects:
		On entry : 
		On exit  : 
		Unchanged: 
 Data sizes:     COMMON   BANK0   BANK1   BANK2   BANK3   BANK4   BANK5   BANK6   BANK7   BANK8   BANK9  BANK10  BANK11  BANK12
      Params:         0       0       0       0       0       0       0       0       0       0       0       0       0       0
      Locals:         0       0       0       0       0       0       0       0       0       0       0       0       0       0
      Temps:          0       0       0       0       0       0       0       0       0       0       0       0       0       0
      Totals:         0       0       0       0       0       0       0       0       0       0       0       0       0       0
Total ram usage:        0 bytes
 Hardware stack levels used:    1
 Hardware stack levels required when called:    3
 This function calls:
		_EUSART_Write
 This function is called by:
		_init_A
 This function uses a non-reentrant model


 *************** function _Set_Mode *****************
 Defined at:
		line 49 in file "blue.c"
 Parameters:    Size  Location     Type
		None
 Auto vars:     Size  Location     Type
		None
 Return value:  Size  Location     Type
                  1    wreg      void 
 Registers used:
		wreg, fsr1l, fsr1h, status,2, status,0, pclath, cstack
 Tracked objects:
		On entry : 
		On exit  : 
		Unchanged: 
 Data sizes:     COMMON   BANK0   BANK1   BANK2   BANK3   BANK4   BANK5   BANK6   BANK7   BANK8   BANK9  BANK10  BANK11  BANK12
      Params:         0       0       0       0       0       0       0       0       0       0       0       0       0       0
      Locals:         0       0       0       0       0       0       0       0       0       0       0       0       0       0
      Temps:          0       0       0       0       0       0       0       0       0       0       0       0       0       0
      Totals:         0       0       0       0       0       0       0       0       0       0       0       0       0       0
Total ram usage:        0 bytes
 Hardware stack levels used:    1
 Hardware stack levels required when called:    3
 This function calls:
		_EUSART_Write
 This function is called by:
		_init_A
 This function uses a non-reentrant model


 *************** function _Set_Features *****************
 Defined at:
		line 30 in file "blue.c"
 Parameters:    Size  Location     Type
		None
 Auto vars:     Size  Location     Type
		None
 Return value:  Size  Location     Type
                  1    wreg      void 
 Registers used:
		wreg, fsr1l, fsr1h, status,2, status,0, pclath, cstack
 Tracked objects:
		On entry : 
		On exit  : 
		Unchanged: 
 Data sizes:     COMMON   BANK0   BANK1   BANK2   BANK3   BANK4   BANK5   BANK6   BANK7   BANK8   BANK9  BANK10  BANK11  BANK12
      Params:         0       0       0       0       0       0       0       0       0       0       0       0       0       0
      Locals:         0       0       0       0       0       0       0       0       0       0       0       0       0       0
      Temps:          0       0       0       0       0       0       0       0       0       0       0       0       0       0
      Totals:         0       0       0       0       0       0       0       0       0       0       0       0       0       0
Total ram usage:        0 bytes
 Hardware stack levels used:    1
 Hardware stack levels required when called:    3
 This function calls:
		_EUSART_Write
 This function is called by:
		_init_A
 This function uses a non-reentrant model


 *************** function _Scan *****************
 Defined at:
		line 116 in file "blue.c"
 Parameters:    Size  Location     Type
		None
 Auto vars:     Size  Location     Type
		None
 Return value:  Size  Location     Type
                  1    wreg      void 
 Registers used:
		wreg, fsr1l, fsr1h, status,2, status,0, pclath, cstack
 Tracked objects:
		On entry : 
		On exit  : 
		Unchanged: 
 Data sizes:     COMMON   BANK0   BANK1   BANK2   BANK3   BANK4   BANK5   BANK6   BANK7   BANK8   BANK9  BANK10  BANK11  BANK12
      Params:         0       0       0       0       0       0       0       0       0       0       0       0       0       0
      Locals:         0       0       0       0       0       0       0       0       0       0       0       0       0       0
      Temps:          0       0       0       0       0       0       0       0       0       0       0       0       0       0
      Totals:         0       0       0       0       0       0       0       0       0       0       0       0       0       0
Total ram usage:        0 bytes
 Hardware stack levels used:    1
 Hardware stack levels required when called:    3
 This function calls:
		_EUSART_Write
 This function is called by:
		_init_A
 This function uses a non-reentrant model


 *************** function _Reboot *****************
 Defined at:
		line 71 in file "blue.c"
 Parameters:    Size  Location     Type
		None
 Auto vars:     Size  Location     Type
		None
 Return value:  Size  Location     Type
                  1    wreg      void 
 Registers used:
		wreg, fsr1l, fsr1h, status,2, status,0, pclath, cstack
 Tracked objects:
		On entry : 
		On exit  : 
		Unchanged: 
 Data sizes:     COMMON   BANK0   BANK1   BANK2   BANK3   BANK4   BANK5   BANK6   BANK7   BANK8   BANK9  BANK10  BANK11  BANK12
      Params:         0       0       0       0       0       0       0       0       0       0       0       0       0       0
      Locals:         0       0       0       0       0       0       0       0       0       0       0       0       0       0
      Temps:          0       0       0       0       0       0       0       0       0       0       0       0       0       0
      Totals:         0       0       0       0       0       0       0       0       0       0       0       0       0       0
Total ram usage:        0 bytes
 Hardware stack levels used:    1
 Hardware stack levels required when called:    3
 This function calls:
		_EUSART_Write
 This function is called by:
		_init_A
 This function uses a non-reentrant model


 *************** function _Partiel_Reset *****************
 Defined at:
		line 17 in file "blue.c"
 Parameters:    Size  Location     Type
		None
 Auto vars:     Size  Location     Type
		None
 Return value:  Size  Location     Type
                  1    wreg      void 
 Registers used:
		wreg, fsr1l, fsr1h, status,2, status,0, pclath, cstack
 Tracked objects:
		On entry : 
		On exit  : 
		Unchanged: 
 Data sizes:     COMMON   BANK0   BANK1   BANK2   BANK3   BANK4   BANK5   BANK6   BANK7   BANK8   BANK9  BANK10  BANK11  BANK12
      Params:         0       0       0       0       0       0       0       0       0       0       0       0       0       0
      Locals:         0       0       0       0       0       0       0       0       0       0       0       0       0       0
      Temps:          0       0       0       0       0       0       0       0       0       0       0       0       0       0
      Totals:         0       0       0       0       0       0       0       0       0       0       0       0       0       0
Total ram usage:        0 bytes
 Hardware stack levels used:    1
 Hardware stack levels required when called:    3
 This function calls:
		_EUSART_Write
 This function is called by:
		_init_A
 This function uses a non-reentrant model


 *************** function _Config_Name *****************
 Defined at:
		line 136 in file "blue.c"
 Parameters:    Size  Location     Type
		None
 Auto vars:     Size  Location     Type
		None
 Return value:  Size  Location     Type
                  1    wreg      void 
 Registers used:
		wreg, fsr1l, fsr1h, status,2, status,0, pclath, cstack
 Tracked objects:
		On entry : 
		On exit  : 
		Unchanged: 
 Data sizes:     COMMON   BANK0   BANK1   BANK2   BANK3   BANK4   BANK5   BANK6   BANK7   BANK8   BANK9  BANK10  BANK11  BANK12
      Params:         0       0       0       0       0       0       0       0       0       0       0       0       0       0
      Locals:         0       0       0       0       0       0       0       0       0       0       0       0       0       0
      Temps:          0       0       0       0       0       0       0       0       0       0       0       0       0       0
      Totals:         0       0       0       0       0       0       0       0       0       0       0       0       0       0
Total ram usage:        0 bytes
 Hardware stack levels used:    1
 Hardware stack levels required when called:    3
 This function calls:
		_EUSART_Write
 This function is called by:
		_init_A
 This function uses a non-reentrant model


 *************** function _connexion *****************
 Defined at:
		line 154 in file "blue.c"
 Parameters:    Size  Location     Type
		None
 Auto vars:     Size  Location     Type
		None
 Return value:  Size  Location     Type
                  1    wreg      void 
 Registers used:
		wreg, fsr1l, fsr1h, status,2, status,0, pclath, cstack
 Tracked objects:
		On entry : 
		On exit  : 
		Unchanged: 
 Data sizes:     COMMON   BANK0   BANK1   BANK2   BANK3   BANK4   BANK5   BANK6   BANK7   BANK8   BANK9  BANK10  BANK11  BANK12
      Params:         0       0       0       0       0       0       0       0       0       0       0       0       0       0
      Locals:         0       0       0       0       0       0       0       0       0       0       0       0       0       0
      Temps:          2       0       0       0       0       0       0       0       0       0       0       0       0       0
      Totals:         2       0       0       0       0       0       0       0       0       0       0       0       0       0
Total ram usage:        2 bytes
 Hardware stack levels used:    1
 Hardware stack levels required when called:    3
 This function calls:
		_EUSART_Write
 This function is called by:
		_main
 This function uses a non-reentrant model


 *************** function _EUSART_Write *****************
 Defined at:
		line 148 in file "mcc_generated_files/eusart.c"
 Parameters:    Size  Location     Type
  txData          1    wreg     unsigned char 
 Auto vars:     Size  Location     Type
  txData          1    3[COMMON] unsigned char 
 Return value:  Size  Location     Type
                  1    wreg      void 
 Registers used:
		wreg, fsr1l, fsr1h, status,2, status,0
 Tracked objects:
		On entry : 
		On exit  : 
		Unchanged: 
 Data sizes:     COMMON   BANK0   BANK1   BANK2   BANK3   BANK4   BANK5   BANK6   BANK7   BANK8   BANK9  BANK10  BANK11  BANK12
      Params:         0       0       0       0       0       0       0       0       0       0       0       0       0       0
      Locals:         1       0       0       0       0       0       0       0       0       0       0       0       0       0
      Temps:          1       0       0       0       0       0       0       0       0       0       0       0       0       0
      Totals:         2       0       0       0       0       0       0       0       0       0       0       0       0       0
Total ram usage:        2 bytes
 Hardware stack levels used:    1
 Hardware stack levels required when called:    2
 This function calls:
		Nothing
 This function is called by:
		_main
		_Partiel_Reset
		_Set_Features
		_Set_Mode
		_Reboot
		_Turn_On
		_Scan
		_StopScan
		_Config_Name
		_connexion
		_remote
		_WriteOnBt
 This function uses a non-reentrant model


 *************** function _SYSTEM_Initialize *****************
 Defined at:
		line 50 in file "mcc_generated_files/mcc.c"
 Parameters:    Size  Location     Type
		None
 Auto vars:     Size  Location     Type
		None
 Return value:  Size  Location     Type
                  1    wreg      void 
 Registers used:
		wreg, status,2, status,0, pclath, cstack
 Tracked objects:
		On entry : 
		On exit  : 
		Unchanged: 
 Data sizes:     COMMON   BANK0   BANK1   BANK2   BANK3   BANK4   BANK5   BANK6   BANK7   BANK8   BANK9  BANK10  BANK11  BANK12
      Params:         0       0       0       0       0       0       0       0       0       0       0       0       0       0
      Locals:         0       0       0       0       0       0       0       0       0       0       0       0       0       0
      Temps:          0       0       0       0       0       0       0       0       0       0       0       0       0       0
      Totals:         0       0       0       0       0       0       0       0       0       0       0       0       0       0
Total ram usage:        0 bytes
 Hardware stack levels used:    1
 Hardware stack levels required when called:    4
 This function calls:
		_EUSART_Initialize
		_OSCILLATOR_Initialize
		_PIN_MANAGER_Initialize
 This function is called by:
		_main
 This function uses a non-reentrant model


 *************** function _PIN_MANAGER_Initialize *****************
 Defined at:
		line 57 in file "mcc_generated_files/pin_manager.c"
 Parameters:    Size  Location     Type
		None
 Auto vars:     Size  Location     Type
		None
 Return value:  Size  Location     Type
                  1    wreg      void 
 Registers used:
		wreg, status,2
 Tracked objects:
		On entry : 
		On exit  : 
		Unchanged: 
 Data sizes:     COMMON   BANK0   BANK1   BANK2   BANK3   BANK4   BANK5   BANK6   BANK7   BANK8   BANK9  BANK10  BANK11  BANK12
      Params:         0       0       0       0       0       0       0       0       0       0       0       0       0       0
      Locals:         0       0       0       0       0       0       0       0       0       0       0       0       0       0
      Temps:          0       0       0       0       0       0       0       0       0       0       0       0       0       0
      Totals:         0       0       0       0       0       0       0       0       0       0       0       0       0       0
Total ram usage:        0 bytes
 Hardware stack levels used:    1
 Hardware stack levels required when called:    2
 This function calls:
		Nothing
 This function is called by:
		_SYSTEM_Initialize
 This function uses a non-reentrant model


 *************** function _OSCILLATOR_Initialize *****************
 Defined at:
		line 57 in file "mcc_generated_files/mcc.c"
 Parameters:    Size  Location     Type
		None
 Auto vars:     Size  Location     Type
		None
 Return value:  Size  Location     Type
                  1    wreg      void 
 Registers used:
		wreg, status,2
 Tracked objects:
		On entry : 
		On exit  : 
		Unchanged: 
 Data sizes:     COMMON   BANK0   BANK1   BANK2   BANK3   BANK4   BANK5   BANK6   BANK7   BANK8   BANK9  BANK10  BANK11  BANK12
      Params:         0       0       0       0       0       0       0       0       0       0       0       0       0       0
      Locals:         0       0       0       0       0       0       0       0       0       0       0       0       0       0
      Temps:          0       0       0       0       0       0       0       0       0       0       0       0       0       0
      Totals:         0       0       0       0       0       0       0       0       0       0       0       0       0       0
Total ram usage:        0 bytes
 Hardware stack levels used:    1
 Hardware stack levels required when called:    2
 This function calls:
		Nothing
 This function is called by:
		_SYSTEM_Initialize
 This function uses a non-reentrant model


 *************** function _EUSART_Initialize *****************
 Defined at:
		line 75 in file "mcc_generated_files/eusart.c"
 Parameters:    Size  Location     Type
		None
 Auto vars:     Size  Location     Type
		None
 Return value:  Size  Location     Type
                  1    wreg      void 
 Registers used:
		wreg, status,2, status,0, pclath, cstack
 Tracked objects:
		On entry : 
		On exit  : 
		Unchanged: 
 Data sizes:     COMMON   BANK0   BANK1   BANK2   BANK3   BANK4   BANK5   BANK6   BANK7   BANK8   BANK9  BANK10  BANK11  BANK12
      Params:         0       0       0       0       0       0       0       0       0       0       0       0       0       0
      Locals:         0       0       0       0       0       0       0       0       0       0       0       0       0       0
      Temps:          1       0       0       0       0       0       0       0       0       0       0       0       0       0
      Totals:         1       0       0       0       0       0       0       0       0       0       0       0       0       0
Total ram usage:        1 bytes
 Hardware stack levels used:    1
 Hardware stack levels required when called:    3
 This function calls:
		_EUSART_SetRxInterruptHandler
		_EUSART_SetTxInterruptHandler
 This function is called by:
		_SYSTEM_Initialize
 This function uses a non-reentrant model


 *************** function _EUSART_SetTxInterruptHandler *****************
 Defined at:
		line 211 in file "mcc_generated_files/eusart.c"
 Parameters:    Size  Location     Type
  interruptHan    2    2[COMMON] PTR FTN()void 
		 -> EUSART_Transmit_ISR(1), 
 Auto vars:     Size  Location     Type
		None
 Return value:  Size  Location     Type
                  1    wreg      void 
 Registers used:
		wreg
 Tracked objects:
		On entry : 
		On exit  : 
		Unchanged: 
 Data sizes:     COMMON   BANK0   BANK1   BANK2   BANK3   BANK4   BANK5   BANK6   BANK7   BANK8   BANK9  BANK10  BANK11  BANK12
      Params:         2       0       0       0       0       0       0       0       0       0       0       0       0       0
      Locals:         0       0       0       0       0       0       0       0       0       0       0       0       0       0
      Temps:          0       0       0       0       0       0       0       0       0       0       0       0       0       0
      Totals:         2       0       0       0       0       0       0       0       0       0       0       0       0       0
Total ram usage:        2 bytes
 Hardware stack levels used:    1
 Hardware stack levels required when called:    2
 This function calls:
		Nothing
 This function is called by:
		_EUSART_Initialize
 This function uses a non-reentrant model


 *************** function _EUSART_SetRxInterruptHandler *****************
 Defined at:
		line 215 in file "mcc_generated_files/eusart.c"
 Parameters:    Size  Location     Type
  interruptHan    2    2[COMMON] PTR FTN()void 
		 -> EUSART_Receive_ISR(1), 
 Auto vars:     Size  Location     Type
		None
 Return value:  Size  Location     Type
                  1    wreg      void 
 Registers used:
		wreg
 Tracked objects:
		On entry : 
		On exit  : 
		Unchanged: 
 Data sizes:     COMMON   BANK0   BANK1   BANK2   BANK3   BANK4   BANK5   BANK6   BANK7   BANK8   BANK9  BANK10  BANK11  BANK12
      Params:         2       0       0       0       0       0       0       0       0       0       0       0       0       0
      Locals:         0       0       0       0       0       0       0       0       0       0       0       0       0       0
      Temps:          0       0       0       0       0       0       0       0       0       0       0       0       0       0
      Totals:         2       0       0       0       0       0       0       0       0       0       0       0       0       0
Total ram usage:        2 bytes
 Hardware stack levels used:    1
 Hardware stack levels required when called:    2
 This function calls:
		Nothing
 This function is called by:
		_EUSART_Initialize
 This function uses a non-reentrant model


 *************** function _INTERRUPT_InterruptManager *****************
 Defined at:
		line 52 in file "mcc_generated_files/interrupt_manager.c"
 Parameters:    Size  Location     Type
		None
 Auto vars:     Size  Location     Type
		None
 Return value:  Size  Location     Type
                  1    wreg      void 
 Registers used:
		wreg, fsr1l, fsr1h, status,2, status,0, pclath, cstack
 Tracked objects:
		On entry : 
		On exit  : 
		Unchanged: 
 Data sizes:     COMMON   BANK0   BANK1   BANK2   BANK3   BANK4   BANK5   BANK6   BANK7   BANK8   BANK9  BANK10  BANK11  BANK12
      Params:         0       0       0       0       0       0       0       0       0       0       0       0       0       0
      Locals:         0       0       0       0       0       0       0       0       0       0       0       0       0       0
      Temps:          1       0       0       0       0       0       0       0       0       0       0       0       0       0
      Totals:         1       0       0       0       0       0       0       0       0       0       0       0       0       0
Total ram usage:        1 bytes
 Hardware stack levels used:    1
 Hardware stack levels required when called:    1
 This function calls:
		Absolute function
		_EUSART_Receive_ISR
		_EUSART_Transmit_ISR
 This function is called by:
		Interrupt level 1
 This function uses a non-reentrant model


 *************** function _EUSART_Transmit_ISR *****************
 Defined at:
		line 172 in file "mcc_generated_files/eusart.c"
 Parameters:    Size  Location     Type
		None
 Auto vars:     Size  Location     Type
		None
 Return value:  Size  Location     Type
                  1    wreg      void 
 Registers used:
		wreg, fsr1l, fsr1h, status,2, status,0
 Tracked objects:
		On entry : 
		On exit  : 
		Unchanged: 
 Data sizes:     COMMON   BANK0   BANK1   BANK2   BANK3   BANK4   BANK5   BANK6   BANK7   BANK8   BANK9  BANK10  BANK11  BANK12
      Params:         0       0       0       0       0       0       0       0       0       0       0       0       0       0
      Locals:         0       0       0       0       0       0       0       0       0       0       0       0       0       0
      Temps:          1       0       0       0       0       0       0       0       0       0       0       0       0       0
      Totals:         1       0       0       0       0       0       0       0       0       0       0       0       0       0
Total ram usage:        1 bytes
 Hardware stack levels used:    1
 This function calls:
		Nothing
 This function is called by:
		_EUSART_Initialize
		_INTERRUPT_InterruptManager
 This function uses a non-reentrant model


 *************** function _EUSART_Receive_ISR *****************
 Defined at:
		line 191 in file "mcc_generated_files/eusart.c"
 Parameters:    Size  Location     Type
		None
 Auto vars:     Size  Location     Type
		None
 Return value:  Size  Location     Type
                  1    wreg      void 
 Registers used:
		wreg, fsr1l, fsr1h, status,2, status,0
 Tracked objects:
		On entry : 
		On exit  : 
		Unchanged: 
 Data sizes:     COMMON   BANK0   BANK1   BANK2   BANK3   BANK4   BANK5   BANK6   BANK7   BANK8   BANK9  BANK10  BANK11  BANK12
      Params:         0       0       0       0       0       0       0       0       0       0       0       0       0       0
      Locals:         0       0       0       0       0       0       0       0       0       0       0       0       0       0
      Temps:          1       0       0       0       0       0       0       0       0       0       0       0       0       0
      Totals:         1       0       0       0       0       0       0       0       0       0       0       0       0       0
Total ram usage:        1 bytes
 Hardware stack levels used:    1
 This function calls:
		Nothing
 This function is called by:
		_EUSART_Initialize
		_INTERRUPT_InterruptManager
 This function uses a non-reentrant model



MODULE INFORMATION

Module		Function		Class		Link	Load	Size
mcc_generated_files/interrupt_manager.c
		_INTERRUPT_InterruptManager		CODE           	0004	0000	36

mcc_generated_files/interrupt_manager.c estimated size: 36

mcc_generated_files/pin_manager.c
		_PIN_MANAGER_Initialize		CODE           	0363	0000	36

mcc_generated_files/pin_manager.c estimated size: 36

blue.c
		_Turn_On       		CODE           	041C	0000	13
		_Partiel_Reset 		CODE           	03DC	0000	25
		_remote        		CODE           	03F4	0000	21
		_Set_Mode      		CODE           	028C	0000	53
		_Config_Name   		CODE           	031C	0000	37
		_connexion     		CODE           	0237	0000	86
		_Scan          		CODE           	0434	0000	13
		_init_A        		CODE           	012E	0000	157
		_Verif_Erreur  		CODE           	01CA	0000	110
		_Reboot        		CODE           	0408	0000	21
		_Set_Features  		CODE           	02C0	0000	53
		_StopScan      		CODE           	0428	0000	13

blue.c estimated size: 602

shared
		__initialization		CODE           	0029	0000	32

shared estimated size: 32

mcc_generated_files/mcc.c
		_OSCILLATOR_Initialize		CODE           	0449	0000	8
		_SYSTEM_Initialize		CODE           	0440	0000	10

mcc_generated_files/mcc.c estimated size: 18

mcc_generated_files/eusart.c
		_EUSART_SetRxInterruptHandler		CODE           	045C	0000	7
		_EUSART_SetTxInterruptHandler		CODE           	0456	0000	7
		_EUSART_Read   		CODE           	0386	0000	30
		_EUSART_Write  		CODE           	0340	0000	36
		_EUSART_Transmit_ISR		CODE           	03A3	0000	30
		_EUSART_Initialize		CODE           	02F4	0000	41
		_EUSART_Receive_ISR		CODE           	03C0	0000	29

mcc_generated_files/eusart.c estimated size: 180

main.c
		_main          		CODE           	004C	0000	227

main.c estimated size: 227

